Component: ARM Compiler 5.06 update 7 (build 960) Tool: armlink [4d3601]

==============================================================================

Section Cross References

    startup_stm32f103xb.o(STACK) refers (Special) to heapauxi.o(.text) for __use_two_region_memory
    startup_stm32f103xb.o(HEAP) refers (Special) to heapauxi.o(.text) for __use_two_region_memory
    startup_stm32f103xb.o(RESET) refers (Special) to heapauxi.o(.text) for __use_two_region_memory
    startup_stm32f103xb.o(RESET) refers to startup_stm32f103xb.o(STACK) for __initial_sp
    startup_stm32f103xb.o(RESET) refers to startup_stm32f103xb.o(.text) for Reset_Handler
    startup_stm32f103xb.o(RESET) refers to stm32f1xx_it.o(i.NMI_Handler) for NMI_Handler
    startup_stm32f103xb.o(RESET) refers to stm32f1xx_it.o(i.HardFault_Handler) for HardFault_Handler
    startup_stm32f103xb.o(RESET) refers to stm32f1xx_it.o(i.MemManage_Handler) for MemManage_Handler
    startup_stm32f103xb.o(RESET) refers to stm32f1xx_it.o(i.BusFault_Handler) for BusFault_Handler
    startup_stm32f103xb.o(RESET) refers to stm32f1xx_it.o(i.UsageFault_Handler) for UsageFault_Handler
    startup_stm32f103xb.o(RESET) refers to stm32f1xx_it.o(i.SVC_Handler) for SVC_Handler
    startup_stm32f103xb.o(RESET) refers to stm32f1xx_it.o(i.DebugMon_Handler) for DebugMon_Handler
    startup_stm32f103xb.o(RESET) refers to stm32f1xx_it.o(i.PendSV_Handler) for PendSV_Handler
    startup_stm32f103xb.o(RESET) refers to stm32f1xx_it.o(i.SysTick_Handler) for SysTick_Handler
    startup_stm32f103xb.o(RESET) refers to stm32f1xx_it.o(i.DMA1_Channel5_IRQHandler) for DMA1_Channel5_IRQHandler
    startup_stm32f103xb.o(RESET) refers to stm32f1xx_it.o(i.USART1_IRQHandler) for USART1_IRQHandler
    startup_stm32f103xb.o(.text) refers (Special) to heapauxi.o(.text) for __use_two_region_memory
    startup_stm32f103xb.o(.text) refers to system_stm32f1xx.o(i.SystemInit) for SystemInit
    startup_stm32f103xb.o(.text) refers to __main.o(!!!main) for __main
    startup_stm32f103xb.o(.text) refers to startup_stm32f103xb.o(HEAP) for Heap_Mem
    startup_stm32f103xb.o(.text) refers to startup_stm32f103xb.o(STACK) for Stack_Mem
    main.o(i.LED_Red_Callback) refers to stm32f1xx_hal_gpio.o(i.HAL_GPIO_ReadPin) for HAL_GPIO_ReadPin
    main.o(i.LED_Red_Callback) refers to main.o(.data) for .data
    main.o(i.MX_GPIO_Init) refers to stm32f1xx_hal_gpio.o(i.HAL_GPIO_WritePin) for HAL_GPIO_WritePin
    main.o(i.MX_GPIO_Init) refers to stm32f1xx_hal_gpio.o(i.HAL_GPIO_Init) for HAL_GPIO_Init
    main.o(i.MX_TIM3_Init) refers to rt_memclr_w.o(.text) for __aeabi_memclr4
    main.o(i.MX_TIM3_Init) refers to stm32f1xx_hal_tim.o(i.HAL_TIM_Base_Init) for HAL_TIM_Base_Init
    main.o(i.MX_TIM3_Init) refers to stm32f1xx_hal_tim.o(i.HAL_TIM_ConfigClockSource) for HAL_TIM_ConfigClockSource
    main.o(i.MX_TIM3_Init) refers to stm32f1xx_hal_tim.o(i.HAL_TIM_PWM_Init) for HAL_TIM_PWM_Init
    main.o(i.MX_TIM3_Init) refers to stm32f1xx_hal_tim_ex.o(i.HAL_TIMEx_MasterConfigSynchronization) for HAL_TIMEx_MasterConfigSynchronization
    main.o(i.MX_TIM3_Init) refers to stm32f1xx_hal_tim.o(i.HAL_TIM_PWM_ConfigChannel) for HAL_TIM_PWM_ConfigChannel
    main.o(i.MX_TIM3_Init) refers to stm32f1xx_hal_msp.o(i.HAL_TIM_MspPostInit) for HAL_TIM_MspPostInit
    main.o(i.MX_TIM3_Init) refers to main.o(.bss) for .bss
    main.o(i.MX_USART1_UART_Init) refers to stm32f1xx_hal_uart.o(i.HAL_UART_Init) for HAL_UART_Init
    main.o(i.MX_USART1_UART_Init) refers to main.o(.bss) for .bss
    main.o(i.SystemClock_Config) refers to rt_memclr_w.o(.text) for __aeabi_memclr4
    main.o(i.SystemClock_Config) refers to stm32f1xx_hal_rcc.o(i.HAL_RCC_OscConfig) for HAL_RCC_OscConfig
    main.o(i.SystemClock_Config) refers to stm32f1xx_hal_rcc.o(i.HAL_RCC_ClockConfig) for HAL_RCC_ClockConfig
    main.o(i.main) refers to stm32f1xx_hal.o(i.HAL_Init) for HAL_Init
    main.o(i.main) refers to main.o(i.SystemClock_Config) for SystemClock_Config
    main.o(i.main) refers to main.o(i.MX_GPIO_Init) for MX_GPIO_Init
    main.o(i.main) refers to stm32f1xx_hal_cortex.o(i.HAL_NVIC_SetPriority) for HAL_NVIC_SetPriority
    main.o(i.main) refers to stm32f1xx_hal_cortex.o(i.HAL_NVIC_EnableIRQ) for HAL_NVIC_EnableIRQ
    main.o(i.main) refers to stm32f1xx_hal_crc.o(i.HAL_CRC_Init) for HAL_CRC_Init
    main.o(i.main) refers to stm32f1xx_hal_i2c.o(i.HAL_I2C_Init) for HAL_I2C_Init
    main.o(i.main) refers to main.o(i.MX_TIM3_Init) for MX_TIM3_Init
    main.o(i.main) refers to main.o(i.MX_USART1_UART_Init) for MX_USART1_UART_Init
    main.o(i.main) refers to serialfifo.o(i.UART1_Init) for UART1_Init
    main.o(i.main) refers to eeprom.o(i.EEPROM_Init) for EEPROM_Init
    main.o(i.main) refers to smartled.o(i.SmartLED_Init) for SmartLED_Init
    main.o(i.main) refers to smartled.o(i.SmartLED_SetMode) for SmartLED_SetMode
    main.o(i.main) refers to stm32f1xx_hal_tim.o(i.HAL_TIM_PWM_Start) for HAL_TIM_PWM_Start
[...]
    i.HAL_UART_RxCpltCallback                0x08002984   Section        0  stm32f1xx_hal_uart.o(i.HAL_UART_RxCpltCallback)
    i.HAL_UART_RxHalfCpltCallback            0x08002986   Section        0  stm32f1xx_hal_uart.o(i.HAL_UART_RxHalfCpltCallback)
    i.HAL_UART_TxCpltCallback                0x08002988   Section        0  stm32f1xx_hal_uart.o(i.HAL_UART_TxCpltCallback)
    i.HardFault_Handler                      0x0800298a   Section        0  stm32f1xx_it.o(i.HardFault_Handler)
    i.I2C_IsAcknowledgeFailed                0x0800298c   Section        0  stm32f1xx_hal_i2c.o(i.I2C_IsAcknowledgeFailed)
    I2C_IsAcknowledgeFailed                  0x0800298d   Thumb Code    46  stm32f1xx_hal_i2c.o(i.I2C_IsAcknowledgeFailed)
    i.I2C_RequestMemoryRead                  0x080029bc   Section        0  stm32f1xx_hal_i2c.o(i.I2C_RequestMemoryRead)
    I2C_RequestMemoryRead                    0x080029bd   Thumb Code   246  stm32f1xx_hal_i2c.o(i.I2C_RequestMemoryRead)
    i.I2C_RequestMemoryWrite                 0x08002ab8   Section        0  stm32f1xx_hal_i2c.o(i.I2C_RequestMemoryWrite)
    I2C_RequestMemoryWrite                   0x08002ab9   Thumb Code   162  stm32f1xx_hal_i2c.o(i.I2C_RequestMemoryWrite)
    i.I2C_WaitOnBTFFlagUntilTimeout          0x08002b60   Section        0  stm32f1xx_hal_i2c.o(i.I2C_WaitOnBTFFlagUntilTimeout)
    I2C_WaitOnBTFFlagUntilTimeout            0x08002b61   Thumb Code    86  stm32f1xx_hal_i2c.o(i.I2C_WaitOnBTFFlagUntilTimeout)
    i.I2C_WaitOnFlagUntilTimeout             0x08002bb8   Section        0  stm32f1xx_hal_i2c.o(i.I2C_WaitOnFlagUntilTimeout)
    I2C_WaitOnFlagUntilTimeout               0x08002bb9   Thumb Code   144  stm32f1xx_hal_i2c.o(i.I2C_WaitOnFlagUntilTimeout)
    i.I2C_WaitOnMasterAddressFlagUntilTimeout 0x08002c48   Section        0  stm32f1xx_hal_i2c.o(i.I2C_WaitOnMasterAddressFlagUntilTimeout)
    I2C_WaitOnMasterAddressFlagUntilTimeout  0x08002c49   Thumb Code   188  stm32f1xx_hal_i2c.o(i.I2C_WaitOnMasterAddressFlagUntilTimeout)
    i.I2C_WaitOnRXNEFlagUntilTimeout         0x08002d04   Section        0  stm32f1xx_hal_i2c.o(i.I2C_WaitOnRXNEFlagUntilTimeout)
    I2C_WaitOnRXNEFlagUntilTimeout           0x08002d05   Thumb Code   112  stm32f1xx_hal_i2c.o(i.I2C_WaitOnRXNEFlagUntilTimeout)
    i.I2C_WaitOnTXEFlagUntilTimeout          0x08002d74   Section        0  stm32f1xx_hal_i2c.o(i.I2C_WaitOnTXEFlagUntilTimeout)
    I2C_WaitOnTXEFlagUntilTimeout            0x08002d75   Thumb Code    86  stm32f1xx_hal_i2c.o(i.I2C_WaitOnTXEFlagUntilTimeout)
    i.KeyExpansion                           0x08002dcc   Section        0  aes.o(i.KeyExpansion)
    KeyExpansion                             0x08002dcd   Thumb Code   208  aes.o(i.KeyExpansion)
    i.LED_Red_Callback                       0x08002ea4   Section        0  main.o(i.LED_Red_Callback)
    i.License_Check_Unique_HASH              0x08002ee8   Section        0  license.o(i.License_Check_Unique_HASH)
    i.License_UniqueEncryption               0x08002f2c   Section        0  license.o(i.License_UniqueEncryption)
    i.MX_GPIO_Init                           0x08002ff0   Section        0  main.o(i.MX_GPIO_Init)
    MX_GPIO_Init                             0x08002ff1   Thumb Code   258  main.o(i.MX_GPIO_Init)
    i.MX_TIM3_Init                           0x08003108   Section        0  main.o(i.MX_TIM3_Init)
    MX_TIM3_Init                             0x08003109   Thumb Code   144  main.o(i.MX_TIM3_Init)
    i.MX_USART1_UART_Init                    0x080031a0   Section        0  main.o(i.MX_USART1_UART_Init)
    MX_USART1_UART_Init                      0x080031a1   Thumb Code    54  main.o(i.MX_USART1_UART_Init)
    i.MemManage_Handler                      0x080031e0   Section        0  stm32f1xx_it.o(i.MemManage_Handler)
    i.MixColumns                             0x080031e4   Section        0  aes.o(i.MixColumns)
    MixColumns                               0x080031e5   Thumb Code   154  aes.o(i.MixColumns)
    i.NMI_Handler                            0x0800327e   Section        0  stm32f1xx_it.o(i.NMI_Handler)
    i.PendSV_Handler                         0x08003280   Section        0  stm32f1xx_it.o(i.PendSV_Handler)
    i.SVC_Handler                            0x08003282   Section        0  stm32f1xx_it.o(i.SVC_Handler)
    i.Serial_Decode                          0x08003284   Section        0  serialprotocol.o(i.Serial_Decode)
    i.Serial_EvaluateCommand                 0x0800333c   Section        0  serialprotocol.o(i.Serial_EvaluateCommand)
    i.Serial_HeadReply                       0x0800349c   Section        0  serialprotocol.o(i.Serial_HeadReply)
    i.Serial_HeadResponse                    0x080034a4   Section        0  serialprotocol.o(i.Serial_HeadResponse)
    i.Serial_Read16                          0x080034e4   Section        0  serialprotocol.o(i.Serial_Read16)
    i.Serial_Read32                          0x080034f6   Section        0  serialprotocol.o(i.Serial_Read32)
    i.Serial_ReadArray                       0x08003508   Section        0  serialprotocol.o(i.Serial_ReadArray)
    i.Serial_ReadByte                        0x08003520   Section        0  serialprotocol.o(i.Serial_ReadByte)
    i.Serial_WriteArray                      0x08003534   Section        0  serialprotocol.o(i.Serial_WriteArray)
    i.Serial_WriteByte                       0x0800354c   Section        0  serialprotocol.o(i.Serial_WriteByte)
    i.Serial_WriteChecksum                   0x08003564   Section        0  serialprotocol.o(i.Serial_WriteChecksum)
    i.ShiftRows                              0x08003570   Section        0  aes.o(i.ShiftRows)
    ShiftRows                                0x08003571   Thumb Code    50  aes.o(i.ShiftRows)
    i.SmartLED_Check                         0x080035a2   Section        0  smartled.o(i.SmartLED_Check)
    i.SmartLED_GetMode                       0x08003684   Section        0  smartled.o(i.SmartLED_GetMode)
    i.SmartLED_Init                          0x080036a4   Section        0  smartled.o(i.SmartLED_Init)
    i.SmartLED_Off                           0x08003718   Section        0  smartled.o(i.SmartLED_Off)
    i.SmartLED_On                            0x08003734   Section        0  smartled.o(i.SmartLED_On)
    i.SmartLED_SetBlink                      0x08003750   Section        0  smartled.o(i.SmartLED_SetBlink)
    i.SmartLED_SetMode                       0x0800377c   Section        0  smartled.o(i.SmartLED_SetMode)
    i.SmartLED_Toggle                        0x080037d0   Section        0  smartled.o(i.SmartLED_Toggle)
    i.SmartLED_Update                        0x080037f8   Section        0  smartled.o(i.SmartLED_Update)
    i.SubBytes                               0x0800384c   Section        0  aes.o(i.SubBytes)
    SubBytes                                 0x0800384d   Thumb Code    36  aes.o(i.SubBytes)
    i.SysTick_Handler                        0x08003874   Section        0  stm32f1xx_it.o(i.SysTick_Handler)
    i.SystemClock_Config                     0x08003882   Section        0  main.o(i.SystemClock_Config)
    i.SystemInit                             0x080038e2   Section        0  system_stm32f1xx.o(i.SystemInit)
    i.TIM_Base_SetConfig                     0x080038e4   Section        0  stm32f1xx_hal_tim.o(i.TIM_Base_SetConfig)
    i.TIM_CCxChannelCmd                      0x0800395c   Section        0  stm32f1xx_hal_tim.o(i.TIM_CCxChannelCmd)
    i.TIM_ETR_SetConfig                      0x08003976   Section        0  stm32f1xx_hal_tim.o(i.TIM_ETR_SetConfig)
    i.TIM_ITRx_SetConfig                     0x0800398a   Section        0  stm32f1xx_hal_tim.o(i.TIM_ITRx_SetConfig)
    TIM_ITRx_SetConfig                       0x0800398b   Thumb Code    16  stm32f1xx_hal_tim.o(i.TIM_ITRx_SetConfig)
    i.TIM_OC1_SetConfig                      0x0800399c   Section        0  stm32f1xx_hal_tim.o(i.TIM_OC1_SetConfig)
    TIM_OC1_SetConfig                        0x0800399d   Thumb Code    74  stm32f1xx_hal_tim.o(i.TIM_OC1_SetConfig)
    i.TIM_OC2_SetConfig                      0x080039ec   Section        0  stm32f1xx_hal_tim.o(i.TIM_OC2_SetConfig)
    i.TIM_OC3_SetConfig                      0x08003a44   Section        0  stm32f1xx_hal_tim.o(i.TIM_OC3_SetConfig)
    TIM_OC3_SetConfig                        0x08003a45   Thumb Code    82  stm32f1xx_hal_tim.o(i.TIM_OC3_SetConfig)
    i.TIM_OC4_SetConfig                      0x08003a9c   Section        0  stm32f1xx_hal_tim.o(i.TIM_OC4_SetConfig)
    TIM_OC4_SetConfig                        0x08003a9d   Thumb Code    64  stm32f1xx_hal_tim.o(i.TIM_OC4_SetConfig)
    i.TIM_TI1_ConfigInputStage               0x08003ae0   Section        0  stm32f1xx_hal_tim.o(i.TIM_TI1_ConfigInputStage)
    TIM_TI1_ConfigInputStage                 0x08003ae1   Thumb Code    34  stm32f1xx_hal_tim.o(i.TIM_TI1_ConfigInputStage)
    i.TIM_TI2_ConfigInputStage               0x08003b02   Section        0  stm32f1xx_hal_tim.o(i.TIM_TI2_ConfigInputStage)
    TIM_TI2_ConfigInputStage                 0x08003b03   Thumb Code    36  stm32f1xx_hal_tim.o(i.TIM_TI2_ConfigInputStage)
    i.UART1_Available                        0x08003b28   Section        0  serialfifo.o(i.UART1_Available)
    i.UART1_Init                             0x08003b34   Section        0  serialfifo.o(i.UART1_Init)
    i.UART1_Read                             0x08003b48   Section        0  serialfifo.o(i.UART1_Read)
    i.UART1_Transmit_IRQ                     0x08003bac   Section        0  serialfifo.o(i.UART1_Transmit_IRQ)
    i.UART1_Write                            0x08003c20   Section        0  serialfifo.o(i.UART1_Write)
    i.UART1_WriteStr                         0x08003cec   Section        0  serialfifo.o(i.UART1_WriteStr)
    i.UART_DMAAbortOnError                   0x08003d00   Section        0  stm32f1xx_hal_uart.o(i.UART_DMAAbortOnError)
    UART_DMAAbortOnError                     0x08003d01   Thumb Code    16  stm32f1xx_hal_uart.o(i.UART_DMAAbortOnError)
    i.UART_DMAError                          0x08003d10   Section        0  stm32f1xx_hal_uart.o(i.UART_DMAError)
    UART_DMAError                            0x08003d11   Thumb Code    74  stm32f1xx_hal_uart.o(i.UART_DMAError)
    i.UART_DMAReceiveCplt                    0x08003d5a   Section        0  stm32f1xx_hal_uart.o(i.UART_DMAReceiveCplt)
    UART_DMAReceiveCplt                      0x08003d5b   Thumb Code   134  stm32f1xx_hal_uart.o(i.UART_DMAReceiveCplt)
    i.UART_DMARxHalfCplt                     0x08003de0   Section        0  stm32f1xx_hal_uart.o(i.UART_DMARxHalfCplt)
    UART_DMARxHalfCplt                       0x08003de1   Thumb Code    30  stm32f1xx_hal_uart.o(i.UART_DMARxHalfCplt)
    i.UART_EndRxTransfer                     0x08003dfe   Section        0  stm32f1xx_hal_uart.o(i.UART_EndRxTransfer)
    UART_EndRxTransfer                       0x08003dff   Thumb Code    78  stm32f1xx_hal_uart.o(i.UART_EndRxTransfer)
    i.UART_EndTxTransfer                     0x08003e4c   Section        0  stm32f1xx_hal_uart.o(i.UART_EndTxTransfer)
    UART_EndTxTransfer                       0x08003e4d   Thumb Code    28  stm32f1xx_hal_uart.o(i.UART_EndTxTransfer)
    i.UART_Receive_IT                        0x08003e68   Section        0  stm32f1xx_hal_uart.o(i.UART_Receive_IT)
    UART_Receive_IT                          0x08003e69   Thumb Code   194  stm32f1xx_hal_uart.o(i.UART_Receive_IT)
    i.UART_SetConfig                         0x08003f2c   Section        0  stm32f1xx_hal_uart.o(i.UART_SetConfig)
    UART_SetConfig                           0x08003f2d   Thumb Code   178  stm32f1xx_hal_uart.o(i.UART_SetConfig)
    i.UART_Start_Receive_DMA                 0x08003fe4   Section        0  stm32f1xx_hal_uart.o(i.UART_Start_Receive_DMA)
    i.USART1_IRQHandler                      0x08004074   Section        0  stm32f1xx_it.o(i.USART1_IRQHandler)
    i.UsageFault_Handler                     0x08004160   Section        0  stm32f1xx_it.o(i.UsageFault_Handler)
    i.XorWithIv                              0x08004162   Section        0  aes.o(i.XorWithIv)
    XorWithIv                                0x08004163   Thumb Code    22  aes.o(i.XorWithIv)
    i.__NVIC_SetPriority                     0x08004178   Section        0  stm32f1xx_hal_cortex.o(i.__NVIC_SetPriority)
    __NVIC_SetPriority                       0x08004179   Thumb Code    32  stm32f1xx_hal_cortex.o(i.__NVIC_SetPriority)
    i.bootloaderInit                         0x08004198   Section        0  bootloader.o(i.bootloaderInit)
    i.create_key_iv                          0x080041f0   Section        0  license.o(i.create_key_iv)
    i.deinitEverything                       0x08004234   Section        0  bootloader.o(i.deinitEverything)
    i.eraseMemory                            0x080042cc   Section        0  bootloader.o(i.eraseMemory)
    i.flashWord                              0x0800435c   Section        0  bootloader.o(i.flashWord)
    i.jumpToApp                              0x080043d8   Section        0  bootloader.o(i.jumpToApp)
    i.lockFlash                              0x08004450   Section        0  bootloader.o(i.lockFlash)
    i.main                                   0x08004484   Section        0  main.o(i.main)
    i.md5_final                              0x080046d0   Section        0  md5.o(i.md5_final)
    i.md5_init                               0x08004774   Section        0  md5.o(i.md5_init)
    i.md5_transform                          0x0800479c   Section        0  md5.o(i.md5_transform)
    i.md5_update                             0x08004fd4   Section        0  md5.o(i.md5_update)
    i.sha256_final                           0x0800501c   Section        0  sha256.o(i.sha256_final)
    i.sha256_init                            0x080050e0   Section        0  sha256.o(i.sha256_init)
    i.sha256_transform                       0x0800512c   Section        0  sha256.o(i.sha256_transform)
    i.sha256_update                          0x0800525c   Section        0  sha256.o(i.sha256_update)
    i.shiftArrayRight                        0x080052a4   Section        0  license.o(i.shiftArrayRight)
    i.unlockFlashAndEraseMemory              0x080052c0   Section        0  bootloader.o(i.unlockFlashAndEraseMemory)
    .constdata                               0x0800532c   Section       18  stm32f1xx_hal_rcc.o(.constdata)
    aPredivFactorTable                       0x0800532c   Data           2  stm32f1xx_hal_rcc.o(.constdata)
    aPLLMULFactorTable                       0x0800532e   Data          16  stm32f1xx_hal_rcc.o(.constdata)
    .constdata                               0x0800533e   Section       16  system_stm32f1xx.o(.constdata)
    .constdata                               0x0800534e   Section        8  system_stm32f1xx.o(.constdata)
    .constdata                               0x08005356   Section        2  serialprotocol.o(.constdata)
    .constdata                               0x08005358   Section      352  license.o(.constdata)
    .constdata                               0x080054b8   Section       80  eeprom.o(.constdata)
    .constdata                               0x08005508   Section       44  smartled.o(.constdata)
    .constdata                               0x08005534   Section      523  aes.o(.constdata)
    sbox                                     0x08005534   Data         256  aes.o(.constdata)
    rsbox                                    0x08005634   Data         256  aes.o(.constdata)
    Rcon                                     0x08005734   Data          11  aes.o(.constdata)
    .constdata                               0x08005740   Section      256  sha256.o(.constdata)
    k                                        0x08005740   Data         256  sha256.o(.constdata)
    .data                                    0x20000000   Section       12  main.o(.data)
    .data                                    0x2000000c   Section       12  stm32f1xx_hal.o(.data)
    .data                                    0x20000018   Section        4  system_stm32f1xx.o(.data)
    .data                                    0x2000001c   Section        8  serialprotocol.o(.data)
    .data                                    0x20000024   Section        8  bootloader.o(.data)
    .data                                    0x2000002c   Section        8  eeprom.o(.data)
    .data                                    0x20000034   Section        2  smartled.o(.data)
    .bss                                     0x20000038   Section      228  main.o(.bss)
    .bss                                     0x2000011c   Section       68  main.o(.bss)
    .bss                                     0x20000160   Section       32  stm32f1xx_hal_flash.o(.bss)
    .bss                                     0x20000180   Section      258  serialprotocol.o(.bss)
    .bss                                     0x20000282   Section       48  license.o(.bss)
    .bss                                     0x200002b2   Section      336  serialfifo.o(.bss)
    .bss                                     0x20000404   Section       24  smartled.o(.bss)
    .bss                                     0x2000041c   Section      228  rand.o(.bss)
    .bss                                     0x20000500   Section       96  libspace.o(.bss)
    HEAP                                     0x20000560   Section      512  startup_stm32f103xb.o(HEAP)
    Heap_Mem                                 0x20000560   Data         512  startup_stm32f103xb.o(HEAP)
    STACK                                    0x20000760   Section     1024  startup_stm32f103xb.o(STACK)
    Stack_Mem                                0x20000760   Data        1024  startup_stm32f103xb.o(STACK)
    __initial_sp                             0x20000b60   Data           0  startup_stm32f103xb.o(STACK)

    Global Symbols

    Symbol Name                              Value     Ov Type        Size  Object(Section)

    BuildAttributes$$THM_ISAv4$P$D$K$B$S$PE$A:L22UL41UL21$X:L11$S22US41US21$IEEE1$IW$USESV6$~STKCKD$USESV7$~SHL$OTIME$ROPI$EBA8$UX$STANDARDLIB$REQ8$PRES8$EABIv2 0x00000000   Number         0  anon$$obj.o ABSOLUTE
    __ARM_use_no_argv                        0x00000000   Number         0  main.o ABSOLUTE
    __ARM_exceptions_init                     - Undefined Weak Reference
    __alloca_initialize                       - Undefined Weak Reference
    __arm_fini_                               - Undefined Weak Reference
    __arm_preinit_                            - Undefined Weak Reference
    __cpp_initialize__aeabi_                  - Undefined Weak Reference
    __cxa_finalize                            - Undefined Weak Reference
    __rt_locale                               - Undefined Weak Reference
    __sigvec_lookup                           - Undefined Weak Reference
    __user_heap_extent                        - Undefined Weak Reference
    _atexit_init                              - Undefined Weak Reference
    _call_atexit_fns                          - Undefined Weak Reference
    _clock_init                               - Undefined Weak Reference
    _fp_trap_init                             - Undefined Weak Reference
    _fp_trap_shutdown                         - Undefined Weak Reference
    _get_lc_collate                           - Undefined Weak Reference
    _get_lc_ctype                             - Undefined Weak Reference
    _get_lc_monetary                          - Undefined Weak Reference
    _get_lc_numeric                           - Undefined Weak Reference
    _get_lc_time                              - Undefined Weak Reference
    _getenv_init                              - Undefined Weak Reference
    _handle_redirection                       - Undefined Weak Reference
    _initio                                   - Undefined Weak Reference
    _mutex_acquire                            - Undefined Weak Reference
    _mutex_free                               - Undefined Weak Reference
    _mutex_release                            - Undefined Weak Reference
    _signal_finish                            - Undefined Weak Reference
    _signal_init                              - Undefined Weak Reference
    _terminateio                              - Undefined Weak Reference
    __Vectors_Size                           0x000000ec   Number         0  startup_stm32f103xb.o ABSOLUTE
    __Vectors                                0x08000000   Data           4  startup_stm32f103xb.o(RESET)
    __Vectors_End                            0x080000ec   Data           0  startup_stm32f103xb.o(RESET)
    __main                                   0x080000ed   Thumb Code     8  __main.o(!!!main)
    __scatterload                            0x080000f5   Thumb Code     0  __scatter.o(!!!scatter)
    __scatterload_rt2                        0x080000f5   Thumb Code    44  __scatter.o(!!!scatter)
    __scatterload_rt2_thumb_only             0x080000f5   Thumb Code     0  __scatter.o(!!!scatter)
    __scatterload_null                       0x08000103   Thumb Code     0  __scatter.o(!!!scatter)
    __scatterload_copy                       0x08000129   Thumb Code    26  __scatter_copy.o(!!handler_copy)
    __scatterload_zeroinit                   0x08000145   Thumb Code    28  __scatter_zi.o(!!handler_zi)
    __rt_lib_init                            0x08000161   Thumb Code     0  libinit.o(.ARM.Collect$$libinit$$00000000)
    __rt_lib_init_fp_1                       0x08000163   Thumb Code     0  libinit2.o(.ARM.Collect$$libinit$$00000002)
    __rt_lib_init_heap_2                     0x08000163   Thumb Code     0  libinit2.o(.ARM.Collect$$libinit$$00000005)
    __rt_lib_init_preinit_1                  0x08000163   Thumb Code     0  libinit2.o(.ARM.Collect$$libinit$$00000004)
    __rt_lib_init_heap_1                     0x0800016b   Thumb Code     0  libinit2.o(.ARM.Collect$$libinit$$0000000A)
    __rt_lib_init_rand_2                     0x0800016b   Thumb Code     0  libinit2.o(.ARM.Collect$$libinit$$0000000D)
    __rt_lib_init_user_alloc_1               0x0800016b   Thumb Code     0  libinit2.o(.ARM.Collect$$libinit$$0000000C)
    __rt_lib_init_alloca_1                   0x0800016f   Thumb Code     0  libinit2.o(.ARM.Collect$$libinit$$0000002E)
    __rt_lib_init_argv_1                     0x0800016f   Thumb Code     0  libinit2.o(.ARM.Collect$$libinit$$0000002C)
    __rt_lib_init_atexit_1                   0x0800016f   Thumb Code     0  libinit2.o(.ARM.Collect$$libinit$$0000001B)
    __rt_lib_init_clock_1                    0x0800016f   Thumb Code     0  libinit2.o(.ARM.Collect$$libinit$$00000021)
    __rt_lib_init_cpp_1                      0x0800016f   Thumb Code     0  libinit2.o(.ARM.Collect$$libinit$$00000032)
    __rt_lib_init_exceptions_1               0x0800016f   Thumb Code     0  libinit2.o(.ARM.Collect$$libinit$$00000030)
    __rt_lib_init_fp_trap_1                  0x0800016f   Thumb Code     0  libinit2.o(.ARM.Collect$$libinit$$0000001F)
    __rt_lib_init_getenv_1                   0x0800016f   Thumb Code     0  libinit2.o(.ARM.Collect$$libinit$$00000023)
    __rt_lib_init_lc_collate_1               0x0800016f   Thumb Code     0  libinit2.o(.ARM.Collect$$libinit$$00000011)
    __rt_lib_init_lc_ctype_1                 0x0800016f   Thumb Code     0  libinit2.o(.ARM.Collect$$libinit$$00000013)
    __rt_lib_init_lc_monetary_1              0x0800016f   Thumb Code     0  libinit2.o(.ARM.Collect$$libinit$$00000015)
    __rt_lib_init_lc_numeric_1               0x0800016f   Thumb Code     0  libinit2.o(.ARM.Collect$$libinit$$00000017)
    __rt_lib_init_lc_time_1                  0x0800016f   Thumb Code     0  libinit2.o(.ARM.Collect$$libinit$$00000019)
    __rt_lib_init_rand_1                     0x0800016f   Thumb Code     0  libinit2.o(.ARM.Collect$$libinit$$0000000E)
    __rt_lib_init_return                     0x0800016f   Thumb Code     0  libinit2.o(.ARM.Collect$$libinit$$00000033)
    __rt_lib_init_signal_1                   0x0800016f   Thumb Code     0  libinit2.o(.ARM.Collect$$libinit$$0000001D)
    __rt_lib_init_stdio_1                    0x0800016f   Thumb Code     0  libinit2.o(.ARM.Collect$$libinit$$00000025)
    __rt_lib_shutdown                        0x08000171   Thumb Code     0  libshutdown.o(.ARM.Collect$$libshutdown$$00000000)
    __rt_lib_shutdown_cpp_1                  0x08000173   Thumb Code     0  libshutdown2.o(.ARM.Collect$$libshutdown$$00000004)
    __rt_lib_shutdown_fini_1                 0x08000173   Thumb Code     0  libshutdown2.o(.ARM.Collect$$libshutdown$$00000002)
    __rt_lib_shutdown_fp_trap_1              0x08000173   Thumb Code     0  libshutdown2.o(.ARM.Collect$$libshutdown$$00000009)
    __rt_lib_shutdown_heap_1                 0x08000173   Thumb Code     0  libshutdown2.o(.ARM.Collect$$libshutdown$$00000011)
    __rt_lib_shutdown_return                 0x08000173   Thumb Code     0  libshutdown2.o(.ARM.Collect$$libshutdown$$00000012)
    __rt_lib_shutdown_signal_1               0x08000173   Thumb Code     0  libshutdown2.o(.ARM.Collect$$libshutdown$$0000000C)
    __rt_lib_shutdown_stdio_1                0x08000173   Thumb Code     0  libshutdown2.o(.ARM.Collect$$libshutdown$$00000006)
    __rt_lib_shutdown_user_alloc_1           0x08000173   Thumb Code     0  libshutdown2.o(.ARM.Collect$$libshutdown$$0000000E)
    __rt_entry                               0x08000175   Thumb Code     0  __rtentry.o(.ARM.Collect$$rtentry$$00000000)
    __rt_entry_presh_1                       0x08000175   Thumb Code     0  __rtentry2.o(.ARM.Collect$$rtentry$$00000002)
    __rt_entry_sh                            0x08000175   Thumb Code     0  __rtentry4.o(.ARM.Collect$$rtentry$$00000004)
    __rt_entry_li                            0x0800017b   Thumb Code     0  __rtentry2.o(.ARM.Collect$$rtentry$$0000000A)
    __rt_entry_postsh_1                      0x0800017b   Thumb Code     0  __rtentry2.o(.ARM.Collect$$rtentry$$00000009)
    __rt_entry_main                          0x0800017f   Thumb Code     0  __rtentry2.o(.ARM.Collect$$rtentry$$0000000D)
    __rt_entry_postli_1                      0x0800017f   Thumb Code     0  __rtentry2.o(.ARM.Collect$$rtentry$$0000000C)
    __rt_exit                                0x08000187   Thumb Code     0  rtexit.o(.ARM.Collect$$rtexit$$00000000)
    __rt_exit_ls                             0x08000189   Thumb Code     0  rtexit2.o(.ARM.Collect$$rtexit$$00000003)
    __rt_exit_prels_1                        0x08000189   Thumb Code     0  rtexit2.o(.ARM.Collect$$rtexit$$00000002)
    __rt_exit_exit                           0x0800018d   Thumb Code     0  rtexit2.o(.ARM.Collect$$rtexit$$00000004)
    rand                                     0x08000195   Thumb Code    48  rand.o(.emb_text)
    Reset_Handler                            0x080001c9   Thumb Code     8  startup_stm32f103xb.o(.text)
    _maybe_terminate_alloc                   0x080001c9   Thumb Code     0  maybetermalloc1.o(.emb_text)
    ADC1_2_IRQHandler                        0x080001e3   Thumb Code     0  startup_stm32f103xb.o(.text)
    CAN1_RX1_IRQHandler                      0x080001e3   Thumb Code     0  startup_stm32f103xb.o(.text)
    CAN1_SCE_IRQHandler                      0x080001e3   Thumb Code     0  startup_stm32f103xb.o(.text)
    DMA1_Channel1_IRQHandler                 0x080001e3   Thumb Code     0  startup_stm32f103xb.o(.text)
    DMA1_Channel2_IRQHandler                 0x080001e3   Thumb Code     0  startup_stm32f103xb.o(.text)
    DMA1_Channel3_IRQHandler                 0x080001e3   Thumb Code     0  startup_stm32f103xb.o(.text)
    DMA1_Channel4_IRQHandler                 0x080001e3   Thumb Code     0  startup_stm32f103xb.o(.text)
    DMA1_Channel6_IRQHandler                 0x080001e3   Thumb Code     0  startup_stm32f103xb.o(.text)
    DMA1_Channel7_IRQHandler                 0x080001e3   Thumb Code     0  startup_stm32f103xb.o(.text)
    EXTI0_IRQHandler                         0x080001e3   Thumb Code     0  startup_stm32f103xb.o(.text)
    EXTI15_10_IRQHandler                     0x080001e3   Thumb Code     0  startup_stm32f103xb.o(.text)
    EXTI1_IRQHandler                         0x080001e3   Thumb Code     0  startup_stm32f103xb.o(.text)
    EXTI2_IRQHandler                         0x080001e3   Thumb Code     0  startup_stm32f103xb.o(.text)
    EXTI3_IRQHandler                         0x080001e3   Thumb Code     0  startup_stm32f103xb.o(.text)
    EXTI4_IRQHandler                         0x080001e3   Thumb Code     0  startup_stm32f103xb.o(.text)
    EXTI9_5_IRQHandler                       0x080001e3   Thumb Code     0  startup_stm32f103xb.o(.text)
    FLASH_IRQHandler                         0x080001e3   Thumb Code     0  startup_stm32f103xb.o(.text)
    I2C1_ER_IRQHandler                       0x080001e3   Thumb Code     0  startup_stm32f103xb.o(.text)
    I2C1_EV_IRQHandler                       0x080001e3   Thumb Code     0  startup_stm32f103xb.o(.text)
    I2C2_ER_IRQHandler                       0x080001e3   Thumb Code     0  startup_stm32f103xb.o(.text)
    I2C2_EV_IRQHandler                       0x080001e3   Thumb Code     0  startup_stm32f103xb.o(.text)
    PVD_IRQHandler                           0x080001e3   Thumb Code     0  startup_stm32f103xb.o(.text)
    RCC_IRQHandler                           0x080001e3   Thumb Code     0  startup_stm32f103xb.o(.text)
    RTC_Alarm_IRQHandler                     0x080001e3   Thumb Code     0  startup_stm32f103xb.o(.text)
    RTC_IRQHandler                           0x080001e3   Thumb Code     0  startup_stm32f103xb.o(.text)
    SPI1_IRQHandler                          0x080001e3   Thumb Code     0  startup_stm32f103xb.o(.text)
    SPI2_IRQHandler                          0x080001e3   Thumb Code     0  startup_stm32f103xb.o(.text)
    TAMPER_IRQHandler                        0x080001e3   Thumb Code     0  startup_stm32f103xb.o(.text)
    TIM1_BRK_IRQHandler                      0x080001e3   Thumb Code     0  startup_stm32f103xb.o(.text)
    TIM1_CC_IRQHandler                       0x080001e3   Thumb Code     0  startup_stm32f103xb.o(.text)
    TIM1_TRG_COM_IRQHandler                  0x080001e3   Thumb Code     0  startup_stm32f103xb.o(.text)
    TIM1_UP_IRQHandler                       0x080001e3   Thumb Code     0  startup_stm32f103xb.o(.text)
    TIM2_IRQHandler                          0x080001e3   Thumb Code     0  startup_stm32f103xb.o(.text)
    TIM3_IRQHandler                          0x080001e3   Thumb Code     0  startup_stm32f103xb.o(.text)
    TIM4_IRQHandler                          0x080001e3   Thumb Code     0  startup_stm32f103xb.o(.text)
    USART2_IRQHandler                        0x080001e3   Thumb Code     0  startup_stm32f103xb.o(.text)
    USART3_IRQHandler                        0x080001e3   Thumb Code     0  startup_stm32f103xb.o(.text)
    USBWakeUp_IRQHandler                     0x080001e3   Thumb Code     0  startup_stm32f103xb.o(.text)
    USB_HP_CAN1_TX_IRQHandler                0x080001e3   Thumb Code     0  startup_stm32f103xb.o(.text)
    USB_LP_CAN1_RX0_IRQHandler               0x080001e3   Thumb Code     0  startup_stm32f103xb.o(.text)
    WWDG_IRQHandler                          0x080001e3   Thumb Code     0  startup_stm32f103xb.o(.text)
    __user_initial_stackheap                 0x080001e5   Thumb Code     0  startup_stm32f103xb.o(.text)
    malloc                                   0x08000209   Thumb Code    94  h1_alloc.o(.text)
    free                                     0x08000267   Thumb Code    78  h1_free.o(.text)
    __aeabi_llsr                             0x080002b5   Thumb Code     0  llushr.o(.text)
    _ll_ushift_r                             0x080002b5   Thumb Code    38  llushr.o(.text)
    srand                                    0x080002dd   Thumb Code    42  rand.o(.text)
    _rand_init                               0x08000307   Thumb Code     4  rand.o(.text)
    memcmp                                   0x08000319   Thumb Code    88  memcmp.o(.text)
    __aeabi_memcpy                           0x08000371   Thumb Code     0  rt_memcpy_v6.o(.text)
    __rt_memcpy                              0x08000371   Thumb Code   138  rt_memcpy_v6.o(.text)
    _memcpy_lastbytes                        0x080003d7   Thumb Code     0  rt_memcpy_v6.o(.text)
    __aeabi_memcpy4                          0x080003fb   Thumb Code     0  rt_memcpy_w.o(.text)
    __aeabi_memcpy8                          0x080003fb   Thumb Code     0  rt_memcpy_w.o(.text)
    __rt_memcpy_w                            0x080003fb   Thumb Code   100  rt_memcpy_w.o(.text)
    _memcpy_lastbytes_aligned                0x08000443   Thumb Code     0  rt_memcpy_w.o(.text)
    __aeabi_memclr                           0x0800045f   Thumb Code     0  rt_memclr.o(.text)
    __rt_memclr                              0x0800045f   Thumb Code    68  rt_memclr.o(.text)
    _memset                                  0x08000463   Thumb Code     0  rt_memclr.o(.text)
    __aeabi_memclr4                          0x080004a3   Thumb Code     0  rt_memclr_w.o(.text)
    __aeabi_memclr8                          0x080004a3   Thumb Code     0  rt_memclr_w.o(.text)
    __rt_memclr_w                            0x080004a3   Thumb Code    78  rt_memclr_w.o(.text)
    _memset_w                                0x080004a7   Thumb Code     0  rt_memclr_w.o(.text)
    __use_two_region_memory                  0x080004f1   Thumb Code     2  heapauxi.o(.text)
    __rt_heap_escrow                         0x080004f3   Thumb Code     2  heapauxi.o(.text)
    __rt_heap_expand                         0x080004f5   Thumb Code     2  heapauxi.o(.text)
    __rt_heap_descriptor                     0x080004f9   Thumb Code     8  rt_heap_descriptor_intlibspace.o(.text)
    __use_no_heap                            0x08000501   Thumb Code     2  hguard.o(.text)
    __heap$guard                             0x08000503   Thumb Code     2  hguard.o(.text)
    _terminate_user_alloc                    0x08000505   Thumb Code     2  init_alloc.o(.text)
    _init_user_alloc                         0x08000507   Thumb Code     2  init_alloc.o(.text)
    __Heap_Full                              0x08000509   Thumb Code    34  init_alloc.o(.text)
    __Heap_Broken                            0x0800052b   Thumb Code     6  init_alloc.o(.text)
    _init_alloc                              0x08000531   Thumb Code    94  init_alloc.o(.text)
    __Heap_Initialize                        0x0800058f   Thumb Code    10  h1_init.o(.text)
    __Heap_DescSize                          0x08000599   Thumb Code     4  h1_init.o(.text)
    __user_libspace                          0x0800059d   Thumb Code     8  libspace.o(.text)
    __user_perproc_libspace                  0x0800059d   Thumb Code     0  libspace.o(.text)
    __user_perthread_libspace                0x0800059d   Thumb Code     0  libspace.o(.text)
    __Heap_ProvideMemory                     0x080005a5   Thumb Code    52  h1_extend.o(.text)
    __rt_SIGRTMEM                            0x080005d9   Thumb Code    14  defsig_rtmem_outer.o(.text)
    __I$use$semihosting                      0x080005e7   Thumb Code     0  use_no_semi.o(.text)
    __use_no_semihosting_swi                 0x080005e7   Thumb Code     2  use_no_semi.o(.text)
    __semihosting_library_function           0x080005e9   Thumb Code     0  indicate_semi.o(.text)
    __user_setup_stackheap                   0x080005e9   Thumb Code    74  sys_stackheap_outer.o(.text)
    exit                                     0x08000633   Thumb Code    18  exit.o(.text)
    __sig_exit                               0x08000645   Thumb Code    10  defsig_exit.o(.text)
    __rt_SIGRTMEM_inner                      0x08000651   Thumb Code    22  defsig_rtmem_inner.o(.text)
    _sys_exit                                0x080006a1   Thumb Code     8  sys_exit.o(.text)
    __default_signal_display                 0x080006ad   Thumb Code    50  defsig_general.o(.text)
    _ttywrch                                 0x080006df   Thumb Code    14  sys_wrch.o(.text)
    AES_CBC_encrypt_buffer                   0x080006ed   Thumb Code    56  aes.o(i.AES_CBC_encrypt_buffer)
    AES_init_ctx_iv                          0x08000725   Thumb Code    26  aes.o(i.AES_init_ctx_iv)
    BusFault_Handler                         0x0800076f   Thumb Code     2  stm32f1xx_it.o(i.BusFault_Handler)
    DMA1_Channel5_IRQHandler                 0x080007c1   Thumb Code    22  stm32f1xx_it.o(i.DMA1_Channel5_IRQHandler)
    DebugMon_Handler                         0x0800080b   Thumb Code     2  stm32f1xx_it.o(i.DebugMon_Handler)
    EEPROM_Init                              0x0800080d   Thumb Code    22  eeprom.o(i.EEPROM_Init)
    EEPROM_Read                              0x0800082d   Thumb Code   132  eeprom.o(i.EEPROM_Read)
    EEPROM_Write                             0x080008bd   Thumb Code   188  eeprom.o(i.EEPROM_Write)
    Error_Handler                            0x08000985   Thumb Code     4  main.o(i.Error_Handler)
    FLASH_PageErase                          0x080009ad   Thumb Code    28  stm32f1xx_hal_flash_ex.o(i.FLASH_PageErase)
    FLASH_WaitForLastOperation               0x08000a49   Thumb Code    80  stm32f1xx_hal_flash.o(i.FLASH_WaitForLastOperation)
    HAL_CRC_Init                             0x08000a9d   Thumb Code    34  stm32f1xx_hal_crc.o(i.HAL_CRC_Init)
    HAL_CRC_MspDeInit                        0x08000ac1   Thumb Code    20  stm32f1xx_hal_msp.o(i.HAL_CRC_MspDeInit)
    HAL_CRC_MspInit                          0x08000add   Thumb Code    30  stm32f1xx_hal_msp.o(i.HAL_CRC_MspInit)
    HAL_DMA_Abort                            0x08000b05   Thumb Code    70  stm32f1xx_hal_dma.o(i.HAL_DMA_Abort)
    HAL_DMA_Abort_IT                         0x08000b4d   Thumb Code   148  stm32f1xx_hal_dma.o(i.HAL_DMA_Abort_IT)
    HAL_DMA_DeInit                           0x08000be5   Thumb Code    84  stm32f1xx_hal_dma.o(i.HAL_DMA_DeInit)
    HAL_DMA_IRQHandler                       0x08000c41   Thumb Code   316  stm32f1xx_hal_dma.o(i.HAL_DMA_IRQHandler)
    HAL_DMA_Init                             0x08000d95   Thumb Code    84  stm32f1xx_hal_dma.o(i.HAL_DMA_Init)
    HAL_DMA_Start_IT                         0x08000df1   Thumb Code   112  stm32f1xx_hal_dma.o(i.HAL_DMA_Start_IT)
    HAL_DeInit                               0x08000e61   Thumb Code    26  stm32f1xx_hal.o(i.HAL_DeInit)
    HAL_Delay                                0x08000e81   Thumb Code    32  stm32f1xx_hal.o(i.HAL_Delay)
    HAL_FLASHEx_Erase                        0x08000ea5   Thumb Code   160  stm32f1xx_hal_flash_ex.o(i.HAL_FLASHEx_Erase)
    HAL_FLASH_Lock                           0x08000f4d   Thumb Code    14  stm32f1xx_hal_flash.o(i.HAL_FLASH_Lock)
    HAL_FLASH_OB_Lock                        0x08000f61   Thumb Code    14  stm32f1xx_hal_flash.o(i.HAL_FLASH_OB_Lock)
    HAL_FLASH_OB_Unlock                      0x08000f75   Thumb Code    24  stm32f1xx_hal_flash.o(i.HAL_FLASH_OB_Unlock)
    HAL_FLASH_Program                        0x08000f99   Thumb Code   120  stm32f1xx_hal_flash.o(i.HAL_FLASH_Program)
    HAL_FLASH_Unlock                         0x08001019   Thumb Code    28  stm32f1xx_hal_flash.o(i.HAL_FLASH_Unlock)
    HAL_GPIO_DeInit                          0x08001041   Thumb Code   254  stm32f1xx_hal_gpio.o(i.HAL_GPIO_DeInit)
    HAL_GPIO_Init                            0x08001159   Thumb Code   446  stm32f1xx_hal_gpio.o(i.HAL_GPIO_Init)
    HAL_GPIO_ReadPin                         0x08001339   Thumb Code    10  stm32f1xx_hal_gpio.o(i.HAL_GPIO_ReadPin)
    HAL_GPIO_WritePin                        0x08001343   Thumb Code    10  stm32f1xx_hal_gpio.o(i.HAL_GPIO_WritePin)
    HAL_GetTick                              0x0800134d   Thumb Code     6  stm32f1xx_hal.o(i.HAL_GetTick)
    HAL_I2C_Init                             0x08001359   Thumb Code   376  stm32f1xx_hal_i2c.o(i.HAL_I2C_Init)
    HAL_I2C_IsDeviceReady                    0x080014e1   Thumb Code   354  stm32f1xx_hal_i2c.o(i.HAL_I2C_IsDeviceReady)
    HAL_I2C_Mem_Read                         0x0800164d   Thumb Code   586  stm32f1xx_hal_i2c.o(i.HAL_I2C_Mem_Read)
    HAL_I2C_Mem_Write                        0x080018a9   Thumb Code   294  stm32f1xx_hal_i2c.o(i.HAL_I2C_Mem_Write)
    HAL_I2C_MspDeInit                        0x080019d9   Thumb Code    44  stm32f1xx_hal_msp.o(i.HAL_I2C_MspDeInit)
    HAL_I2C_MspInit                          0x08001a11   Thumb Code    96  stm32f1xx_hal_msp.o(i.HAL_I2C_MspInit)
    HAL_IncTick                              0x08001a81   Thumb Code    12  stm32f1xx_hal.o(i.HAL_IncTick)
    HAL_Init                                 0x08001a91   Thumb Code    32  stm32f1xx_hal.o(i.HAL_Init)
    HAL_InitTick                             0x08001ab5   Thumb Code    54  stm32f1xx_hal.o(i.HAL_InitTick)
    HAL_MspDeInit                            0x08001af5   Thumb Code     2  stm32f1xx_hal.o(i.HAL_MspDeInit)
    HAL_MspInit                              0x08001af9   Thumb Code    52  stm32f1xx_hal_msp.o(i.HAL_MspInit)
    HAL_NVIC_DisableIRQ                      0x08001b35   Thumb Code    34  stm32f1xx_hal_cortex.o(i.HAL_NVIC_DisableIRQ)
    HAL_NVIC_EnableIRQ                       0x08001b57   Thumb Code    26  stm32f1xx_hal_cortex.o(i.HAL_NVIC_EnableIRQ)
    HAL_NVIC_SetPriority                     0x08001b71   Thumb Code    60  stm32f1xx_hal_cortex.o(i.HAL_NVIC_SetPriority)
    HAL_NVIC_SetPriorityGrouping             0x08001bb1   Thumb Code    26  stm32f1xx_hal_cortex.o(i.HAL_NVIC_SetPriorityGrouping)
    HAL_RCC_ClockConfig                      0x08001bd5   Thumb Code   280  stm32f1xx_hal_rcc.o(i.HAL_RCC_ClockConfig)
    HAL_RCC_DeInit                           0x08001d01   Thumb Code   202  stm32f1xx_hal_rcc.o(i.HAL_RCC_DeInit)
    HAL_RCC_GetPCLK1Freq                     0x08001ddd   Thumb Code    20  stm32f1xx_hal_rcc.o(i.HAL_RCC_GetPCLK1Freq)
    HAL_RCC_GetPCLK2Freq                     0x08001dfd   Thumb Code    20  stm32f1xx_hal_rcc.o(i.HAL_RCC_GetPCLK2Freq)
    HAL_RCC_GetSysClockFreq                  0x08001e1d   Thumb Code    64  stm32f1xx_hal_rcc.o(i.HAL_RCC_GetSysClockFreq)
    HAL_RCC_OscConfig                        0x08001e71   Thumb Code   778  stm32f1xx_hal_rcc.o(i.HAL_RCC_OscConfig)
    HAL_SYSTICK_Config                       0x08002191   Thumb Code    40  stm32f1xx_hal_cortex.o(i.HAL_SYSTICK_Config)
    HAL_TIMEx_MasterConfigSynchronization    0x080021b9   Thumb Code    92  stm32f1xx_hal_tim_ex.o(i.HAL_TIMEx_MasterConfigSynchronization)
    HAL_TIM_Base_Init                        0x08002221   Thumb Code    90  stm32f1xx_hal_tim.o(i.HAL_TIM_Base_Init)
    HAL_TIM_Base_MspInit                     0x0800227d   Thumb Code    30  stm32f1xx_hal_msp.o(i.HAL_TIM_Base_MspInit)
    HAL_TIM_ConfigClockSource                0x080022a5   Thumb Code   220  stm32f1xx_hal_tim.o(i.HAL_TIM_ConfigClockSource)
    HAL_TIM_MspPostInit                      0x08002381   Thumb Code    80  stm32f1xx_hal_msp.o(i.HAL_TIM_MspPostInit)
    HAL_TIM_PWM_ConfigChannel                0x080023e1   Thumb Code   204  stm32f1xx_hal_tim.o(i.HAL_TIM_PWM_ConfigChannel)
    HAL_TIM_PWM_Init                         0x080024ad   Thumb Code    90  stm32f1xx_hal_tim.o(i.HAL_TIM_PWM_Init)
    HAL_TIM_PWM_MspInit                      0x08002507   Thumb Code     2  stm32f1xx_hal_tim.o(i.HAL_TIM_PWM_MspInit)
    HAL_TIM_PWM_Start                        0x08002509   Thumb Code   144  stm32f1xx_hal_tim.o(i.HAL_TIM_PWM_Start)
    HAL_UARTEx_RxEventCallback               0x080025a5   Thumb Code     2  stm32f1xx_hal_uart.o(i.HAL_UARTEx_RxEventCallback)
    HAL_UART_ErrorCallback                   0x080025a7   Thumb Code     2  stm32f1xx_hal_uart.o(i.HAL_UART_ErrorCallback)
    HAL_UART_IRQHandler                      0x080025a9   Thumb Code   616  stm32f1xx_hal_uart.o(i.HAL_UART_IRQHandler)
    HAL_UART_Init                            0x08002815   Thumb Code   100  stm32f1xx_hal_uart.o(i.HAL_UART_Init)
    HAL_UART_MspDeInit                       0x08002879   Thumb Code    50  stm32f1xx_hal_msp.o(i.HAL_UART_MspDeInit)
    HAL_UART_MspInit                         0x080028b9   Thumb Code   156  stm32f1xx_hal_msp.o(i.HAL_UART_MspInit)
    HAL_UART_Receive_DMA                     0x08002969   Thumb Code    28  stm32f1xx_hal_uart.o(i.HAL_UART_Receive_DMA)
    HAL_UART_RxCpltCallback                  0x08002985   Thumb Code     2  stm32f1xx_hal_uart.o(i.HAL_UART_RxCpltCallback)
    HAL_UART_RxHalfCpltCallback              0x08002987   Thumb Code     2  stm32f1xx_hal_uart.o(i.HAL_UART_RxHalfCpltCallback)
    HAL_UART_TxCpltCallback                  0x08002989   Thumb Code     2  stm32f1xx_hal_uart.o(i.HAL_UART_TxCpltCallback)
    HardFault_Handler                        0x0800298b   Thumb Code     2  stm32f1xx_it.o(i.HardFault_Handler)
    LED_Red_Callback                         0x08002ea5   Thumb Code    54  main.o(i.LED_Red_Callback)
    License_Check_Unique_HASH                0x08002ee9   Thumb Code    62  license.o(i.License_Check_Unique_HASH)
    License_UniqueEncryption                 0x08002f2d   Thumb Code   178  license.o(i.License_UniqueEncryption)
    MemManage_Handler                        0x080031e1   Thumb Code     2  stm32f1xx_it.o(i.MemManage_Handler)
    NMI_Handler                              0x0800327f   Thumb Code     2  stm32f1xx_it.o(i.NMI_Handler)
    PendSV_Handler                           0x08003281   Thumb Code     2  stm32f1xx_it.o(i.PendSV_Handler)
    SVC_Handler                              0x08003283   Thumb Code     2  stm32f1xx_it.o(i.SVC_Handler)
    Serial_Decode                            0x08003285   Thumb Code   180  serialprotocol.o(i.Serial_Decode)
    Serial_EvaluateCommand                   0x0800333d   Thumb Code   330  serialprotocol.o(i.Serial_EvaluateCommand)
    Serial_HeadReply                         0x0800349d   Thumb Code     8  serialprotocol.o(i.Serial_HeadReply)
    Serial_HeadResponse                      0x080034a5   Thumb Code    60  serialprotocol.o(i.Serial_HeadResponse)
    Serial_Read16                            0x080034e5   Thumb Code    18  serialprotocol.o(i.Serial_Read16)
    Serial_Read32                            0x080034f7   Thumb Code    18  serialprotocol.o(i.Serial_Read32)
    Serial_ReadArray                         0x08003509   Thumb Code    24  serialprotocol.o(i.Serial_ReadArray)
    Serial_ReadByte                          0x08003521   Thumb Code    14  serialprotocol.o(i.Serial_ReadByte)
    Serial_WriteArray                        0x08003535   Thumb Code    24  serialprotocol.o(i.Serial_WriteArray)
    Serial_WriteByte                         0x0800354d   Thumb Code    18  serialprotocol.o(i.Serial_WriteByte)
    Serial_WriteChecksum                     0x08003565   Thumb Code     8  serialprotocol.o(i.Serial_WriteChecksum)
    SmartLED_Check                           0x080035a3   Thumb Code   226  smartled.o(i.SmartLED_Check)
    SmartLED_GetMode                         0x08003685   Thumb Code    22  smartled.o(i.SmartLED_GetMode)
    SmartLED_Init                            0x080036a5   Thumb Code   102  smartled.o(i.SmartLED_Init)
    SmartLED_Off                             0x08003719   Thumb Code    28  smartled.o(i.SmartLED_Off)
    SmartLED_On                              0x08003735   Thumb Code    28  smartled.o(i.SmartLED_On)
    SmartLED_SetBlink                        0x08003751   Thumb Code    34  smartled.o(i.SmartLED_SetBlink)
    SmartLED_SetMode                         0x0800377d   Thumb Code    76  smartled.o(i.SmartLED_SetMode)
    SmartLED_Toggle                          0x080037d1   Thumb Code    38  smartled.o(i.SmartLED_Toggle)
    SmartLED_Update                          0x080037f9   Thumb Code    76  smartled.o(i.SmartLED_Update)
    SysTick_Handler                          0x08003875   Thumb Code    14  stm32f1xx_it.o(i.SysTick_Handler)
    SystemClock_Config                       0x08003883   Thumb Code    96  main.o(i.SystemClock_Config)
    SystemInit                               0x080038e3   Thumb Code     2  system_stm32f1xx.o(i.SystemInit)
    TIM_Base_SetConfig                       0x080038e5   Thumb Code   108  stm32f1xx_hal_tim.o(i.TIM_Base_SetConfig)
    TIM_CCxChannelCmd                        0x0800395d   Thumb Code    26  stm32f1xx_hal_tim.o(i.TIM_CCxChannelCmd)
    TIM_ETR_SetConfig                        0x08003977   Thumb Code    20  stm32f1xx_hal_tim.o(i.TIM_ETR_SetConfig)
    TIM_OC2_SetConfig                        0x080039ed   Thumb Code    84  stm32f1xx_hal_tim.o(i.TIM_OC2_SetConfig)
    UART1_Available                          0x08003b29   Thumb Code     8  serialfifo.o(i.UART1_Available)
    UART1_Init                               0x08003b35   Thumb Code    10  serialfifo.o(i.UART1_Init)
    UART1_Read                               0x08003b49   Thumb Code    94  serialfifo.o(i.UART1_Read)
    UART1_Transmit_IRQ                       0x08003bad   Thumb Code   108  serialfifo.o(i.UART1_Transmit_IRQ)
    UART1_Write                              0x08003c21   Thumb Code   194  serialfifo.o(i.UART1_Write)
    UART1_WriteStr                           0x08003ced   Thumb Code    20  serialfifo.o(i.UART1_WriteStr)
    UART_Start_Receive_DMA                   0x08003fe5   Thumb Code   130  stm32f1xx_hal_uart.o(i.UART_Start_Receive_DMA)
    USART1_IRQHandler                        0x08004075   Thumb Code   212  stm32f1xx_it.o(i.USART1_IRQHandler)
    UsageFault_Handler                       0x08004161   Thumb Code     2  stm32f1xx_it.o(i.UsageFault_Handler)
    bootloaderInit                           0x08004199   Thumb Code    78  bootloader.o(i.bootloaderInit)
    create_key_iv                            0x080041f1   Thumb Code    62  license.o(i.create_key_iv)
    deinitEverything                         0x08004235   Thumb Code   122  bootloader.o(i.deinitEverything)
    eraseMemory                              0x080042cd   Thumb Code   134  bootloader.o(i.eraseMemory)
    flashWord                                0x0800435d   Thumb Code   116  bootloader.o(i.flashWord)
    jumpToApp                                0x080043d9   Thumb Code    96  bootloader.o(i.jumpToApp)
    lockFlash                                0x08004451   Thumb Code    48  bootloader.o(i.lockFlash)
    main                                     0x08004485   Thumb Code   478  main.o(i.main)
    md5_final                                0x080046d1   Thumb Code   164  md5.o(i.md5_final)
    md5_init                                 0x08004775   Thumb Code    30  md5.o(i.md5_init)
    md5_transform                            0x0800479d   Thumb Code  1986  md5.o(i.md5_transform)
    md5_update                               0x08004fd5   Thumb Code    72  md5.o(i.md5_update)
    sha256_final                             0x0800501d   Thumb Code   194  sha256.o(i.sha256_final)
    sha256_init                              0x080050e1   Thumb Code    42  sha256.o(i.sha256_init)
    sha256_transform                         0x0800512d   Thumb Code   298  sha256.o(i.sha256_transform)
    sha256_update                            0x0800525d   Thumb Code    72  sha256.o(i.sha256_update)
    shiftArrayRight                          0x080052a5   Thumb Code    26  license.o(i.shiftArrayRight)
    unlockFlashAndEraseMemory                0x080052c1   Thumb Code   100  bootloader.o(i.unlockFlashAndEraseMemory)
    AHBPrescTable                            0x0800533e   Data          16  system_stm32f1xx.o(.constdata)
    APBPrescTable                            0x0800534e   Data           8  system_stm32f1xx.o(.constdata)
    BOOTLOADER_Version                       0x08005356   Data           2  serialprotocol.o(.constdata)
    private_passwords                        0x08005358   Data         128  license.o(.constdata)
    public_passwords                         0x080053d8   Data         128  license.o(.constdata)
    IVs                                      0x08005458   Data          96  license.o(.constdata)
    eepromInfo                               0x080054b8   Data          80  eeprom.o(.constdata)
    Region$$Table$$Base                      0x08005840   Number         0  anon$$obj.o(Region$$Table)
    Region$$Table$$Limit                     0x08005860   Number         0  anon$$obj.o(Region$$Table)
    callCount                                0x20000000   Data           1  main.o(.data)
    hcrc                                     0x20000004   Data           8  main.o(.data)
    uwTickFreq                               0x2000000c   Data           1  stm32f1xx_hal.o(.data)
    uwTickPrio                               0x20000010   Data           4  stm32f1xx_hal.o(.data)
    uwTick                                   0x20000014   Data           4  stm32f1xx_hal.o(.data)
    SystemCoreClock                          0x20000018   Data           4  system_stm32f1xx.o(.data)
    isRealServer                             0x2000001c   Data           1  serialprotocol.o(.data)
    SerialTxMsg                              0x2000001d   Data           3  serialprotocol.o(.data)
    challengeServerTimeout                   0x20000020   Data           4  serialprotocol.o(.data)
    bootloaderMode                           0x20000024   Data           1  bootloader.o(.data)
    flashStatus                              0x20000025   Data           1  bootloader.o(.data)
    Flashed_offset                           0x20000028   Data           4  bootloader.o(.data)
    deviceNumber                             0x2000002c   Data           1  eeprom.o(.data)
    eepromTimer                              0x20000030   Data           4  eeprom.o(.data)
    LedsCount                                0x20000034   Data           2  smartled.o(.data)
    hi2c1                                    0x20000038   Data          84  main.o(.bss)
    htim3                                    0x2000008c   Data          72  main.o(.bss)
    huart1                                   0x200000d4   Data          72  main.o(.bss)
    hdma_usart1_rx                           0x2000011c   Data          68  main.o(.bss)
    pFlash                                   0x20000160   Data          32  stm32f1xx_hal_flash.o(.bss)
    SerialRxMsg                              0x20000180   Data         258  serialprotocol.o(.bss)
    publicKey                                0x20000282   Data          32  license.o(.bss)
    publicIv                                 0x200002a2   Data          16  license.o(.bss)
    UART1_RxFIFO                             0x200002b2   Data         136  serialfifo.o(.bss)
    UART1_TxFIFO                             0x2000033a   Data         136  serialfifo.o(.bss)
    DMA_RX1_Buffer                           0x200003c2   Data          64  serialfifo.o(.bss)
    Leds                                     0x20000404   Data          24  smartled.o(.bss)
    _random_number_data                      0x2000041c   Data         228  rand.o(.bss)
    __libspace_start                         0x20000500   Data          96  libspace.o(.bss)
    __temporary_stack_top$libspace           0x20000560   Data           0  libspace.o(.bss)



==============================================================================

Memory Map of the image

  Image Entry point : 0x080000ed

  Load Region LR_IROM1 (Base: 0x08000000, Size: 0x00005898, Max: 0x00008000, ABSOLUTE)

    Execution Region ER_IROM1 (Exec base: 0x08000000, Load base: 0x08000000, Size: 0x00005860, Max: 0x00008000, ABSOLUTE)

    Exec Addr    Load Addr    Size         Type   Attr      Idx    E Section Name        Object

    0x08000000   0x08000000   0x000000ec   Data   RO            3    RESET               startup_stm32f103xb.o
    0x080000ec   0x080000ec   0x00000008   Code   RO         4017  * !!!main             c_w.l(__main.o)
    0x080000f4   0x080000f4   0x00000034   Code   RO         4220    !!!scatter          c_w.l(__scatter.o)
    0x08000128   0x08000128   0x0000001a   Code   RO         4222    !!handler_copy      c_w.l(__scatter_copy.o)
    0x08000142   0x08000142   0x00000002   PAD
    0x08000144   0x08000144   0x0000001c   Code   RO         4224    !!handler_zi        c_w.l(__scatter_zi.o)
    0x08000160   0x08000160   0x00000002   Code   RO         4157    .ARM.Collect$$libinit$$00000000  c_w.l(libinit.o)
    0x08000162   0x08000162   0x00000000   Code   RO         4050    .ARM.Collect$$libinit$$00000002  c_w.l(libinit2.o)
    0x08000162   0x08000162   0x00000000   Code   RO         4052    .ARM.Collect$$libinit$$00000004  c_w.l(libinit2.o)
    0x08000162   0x08000162   0x00000008   Code   RO         4053    .ARM.Collect$$libinit$$00000005  c_w.l(libinit2.o)
    0x0800016a   0x0800016a   0x00000000   Code   RO         4055    .ARM.Collect$$libinit$$0000000A  c_w.l(libinit2.o)
    0x0800016a   0x0800016a   0x00000000   Code   RO         4057    .ARM.Collect$$libinit$$0000000C  c_w.l(libinit2.o)
    0x0800016a   0x0800016a   0x00000004   Code   RO         4058    .ARM.Collect$$libinit$$0000000D  c_w.l(libinit2.o)
    0x0800016e   0x0800016e   0x00000000   Code   RO         4059    .ARM.Collect$$libinit$$0000000E  c_w.l(libinit2.o)
    0x0800016e   0x0800016e   0x00000000   Code   RO         4062    .ARM.Collect$$libinit$$00000011  c_w.l(libinit2.o)
    0x0800016e   0x0800016e   0x00000000   Code   RO         4064    .ARM.Collect$$libinit$$00000013  c_w.l(libinit2.o)
    0x0800016e   0x0800016e   0x00000000   Code   RO         4066    .ARM.Collect$$libinit$$00000015  c_w.l(libinit2.o)
    0x0800016e   0x0800016e   0x00000000   Code   RO         4068    .ARM.Collect$$libinit$$00000017  c_w.l(libinit2.o)
    0x0800016e   0x0800016e   0x00000000   Code   RO         4070    .ARM.Collect$$libinit$$00000019  c_w.l(libinit2.o)
    0x0800016e   0x0800016e   0x00000000   Code   RO         4072    .ARM.Collect$$libinit$$0000001B  c_w.l(libinit2.o)
    0x0800016e   0x0800016e   0x00000000   Code   RO         4074    .ARM.Collect$$libinit$$0000001D  c_w.l(libinit2.o)
    0x0800016e   0x0800016e   0x00000000   Code   RO         4076    .ARM.Collect$$libinit$$0000001F  c_w.l(libinit2.o)
    0x0800016e   0x0800016e   0x00000000   Code   RO         4078    .ARM.Collect$$libinit$$00000021  c_w.l(libinit2.o)
    0x0800016e   0x0800016e   0x00000000   Code   RO         4080    .ARM.Collect$$libinit$$00000023  c_w.l(libinit2.o)
    0x0800016e   0x0800016e   0x00000000   Code   RO         4082    .ARM.Collect$$libinit$$00000025  c_w.l(libinit2.o)
    0x0800016e   0x0800016e   0x00000000   Code   RO         4086    .ARM.Collect$$libinit$$0000002C  c_w.l(libinit2.o)
    0x0800016e   0x0800016e   0x00000000   Code   RO         4088    .ARM.Collect$$libinit$$0000002E  c_w.l(libinit2.o)
    0x0800016e   0x0800016e   0x00000000   Code   RO         4090    .ARM.Collect$$libinit$$00000030  c_w.l(libinit2.o)
    0x0800016e   0x0800016e   0x00000000   Code   RO         4092    .ARM.Collect$$libinit$$00000032  c_w.l(libinit2.o)
    0x0800016e   0x0800016e   0x00000002   Code   RO         4093    .ARM.Collect$$libinit$$00000033  c_w.l(libinit2.o)
    0x08000170   0x08000170   0x00000002   Code   RO         4217    .ARM.Collect$$libshutdown$$00000000  c_w.l(libshutdown.o)
    0x08000172   0x08000172   0x00000000   Code   RO         4171    .ARM.Collect$$libshutdown$$00000002  c_w.l(libshutdown2.o)
    0x08000172   0x08000172   0x00000000   Code   RO         4173    .ARM.Collect$$libshutdown$$00000004  c_w.l(libshutdown2.o)
    0x08000172   0x08000172   0x00000000   Code   RO         4175    .ARM.Collect$$libshutdown$$00000006  c_w.l(libshutdown2.o)
    0x08000172   0x08000172   0x00000000   Code   RO         4178    .ARM.Collect$$libshutdown$$00000009  c_w.l(libshutdown2.o)
    0x08000172   0x08000172   0x00000000   Code   RO         4181    .ARM.Collect$$libshutdown$$0000000C  c_w.l(libshutdown2.o)
    0x08000172   0x08000172   0x00000000   Code   RO         4183    .ARM.Collect$$libshutdown$$0000000E  c_w.l(libshutdown2.o)
    0x08000172   0x08000172   0x00000000   Code   RO         4186    .ARM.Collect$$libshutdown$$00000011  c_w.l(libshutdown2.o)
    0x08000172   0x08000172   0x00000002   Code   RO         4187    .ARM.Collect$$libshutdown$$00000012  c_w.l(libshutdown2.o)
    0x08000174   0x08000174   0x00000000   Code   RO         4021    .ARM.Collect$$rtentry$$00000000  c_w.l(__rtentry.o)
    0x08000174   0x08000174   0x00000000   Code   RO         4100    .ARM.Collect$$rtentry$$00000002  c_w.l(__rtentry2.o)
    0x08000174   0x08000174   0x00000006   Code   RO         4112    .ARM.Collect$$rtentry$$00000004  c_w.l(__rtentry4.o)
    0x0800017a   0x0800017a   0x00000000   Code   RO         4102    .ARM.Collect$$rtentry$$00000009  c_w.l(__rtentry2.o)
    0x0800017a   0x0800017a   0x00000004   Code   RO         4103    .ARM.Collect$$rtentry$$0000000A  c_w.l(__rtentry2.o)
    0x0800017e   0x0800017e   0x00000000   Code   RO         4105    .ARM.Collect$$rtentry$$0000000C  c_w.l(__rtentry2.o)
    0x0800017e   0x0800017e   0x00000008   Code   RO         4106    .ARM.Collect$$rtentry$$0000000D  c_w.l(__rtentry2.o)
    0x08000186   0x08000186   0x00000002   Code   RO         4160    .ARM.Collect$$rtexit$$00000000  c_w.l(rtexit.o)
    0x08000188   0x08000188   0x00000000   Code   RO         4191    .ARM.Collect$$rtexit$$00000002  c_w.l(rtexit2.o)
    0x08000188   0x08000188   0x00000004   Code   RO         4192    .ARM.Collect$$rtexit$$00000003  c_w.l(rtexit2.o)
    0x0800018c   0x0800018c   0x00000006   Code   RO         4193    .ARM.Collect$$rtexit$$00000004  c_w.l(rtexit2.o)
    0x08000192   0x08000192   0x00000002   PAD
    0x08000194   0x08000194   0x00000034   Code   RO         3998    .emb_text           c_w.l(rand.o)
    0x080001c8   0x080001c8   0x00000000   Code   RO         4116    .emb_text           c_w.l(maybetermalloc1.o)
    0x080001c8   0x080001c8   0x00000040   Code   RO            4    .text               startup_stm32f103xb.o
    0x08000208   0x08000208   0x0000005e   Code   RO         3938    .text               c_w.l(h1_alloc.o)
    0x08000266   0x08000266   0x0000004e   Code   RO         3940    .text               c_w.l(h1_free.o)
    0x080002b4   0x080002b4   0x00000026   Code   RO         3996    .text               c_w.l(llushr.o)
    0x080002da   0x080002da   0x00000002   PAD
    0x080002dc   0x080002dc   0x0000003c   Code   RO         3999    .text               c_w.l(rand.o)
    0x08000318   0x08000318   0x00000058   Code   RO         4003    .text               c_w.l(memcmp.o)
    0x08000370   0x08000370   0x0000008a   Code   RO         4007    .text               c_w.l(rt_memcpy_v6.o)
    0x080003fa   0x080003fa   0x00000064   Code   RO         4009    .text               c_w.l(rt_memcpy_w.o)
    0x0800045e   0x0800045e   0x00000044   Code   RO         4011    .text               c_w.l(rt_memclr.o)
    0x080004a2   0x080004a2   0x0000004e   Code   RO         4013    .text               c_w.l(rt_memclr_w.o)
    0x080004f0   0x080004f0   0x00000006   Code   RO         4015    .text               c_w.l(heapauxi.o)
    0x080004f6   0x080004f6   0x00000002   PAD
    0x080004f8   0x080004f8   0x00000008   Code   RO         4025    .text               c_w.l(rt_heap_descriptor_intlibspace.o)
    0x08000500   0x08000500   0x00000004   Code   RO         4027    .text               c_w.l(hguard.o)
    0x08000504   0x08000504   0x0000008a   Code   RO         4029    .text               c_w.l(init_alloc.o)
    0x0800058e   0x0800058e   0x0000000e   Code   RO         4033    .text               c_w.l(h1_init.o)
    0x0800059c   0x0800059c   0x00000008   Code   RO         4096    .text               c_w.l(libspace.o)
    0x080005a4   0x080005a4   0x00000034   Code   RO         4118    .text               c_w.l(h1_extend.o)
    0x080005d8   0x080005d8   0x0000000e   Code   RO         4122    .text               c_w.l(defsig_rtmem_outer.o)
    0x080005e6   0x080005e6   0x00000002   Code   RO         4133    .text               c_w.l(use_no_semi.o)
    0x080005e8   0x080005e8   0x00000000   Code   RO         4135    .text               c_w.l(indicate_semi.o)
    0x080005e8   0x080005e8   0x0000004a   Code   RO         4136    .text               c_w.l(sys_stackheap_outer.o)
    0x08000632   0x08000632   0x00000012   Code   RO         4142    .text               c_w.l(exit.o)
    0x08000644   0x08000644   0x0000000a   Code   RO         4144    .text               c_w.l(defsig_exit.o)
    0x0800064e   0x0800064e   0x00000002   PAD
    0x08000650   0x08000650   0x00000050   Code   RO         4146    .text               c_w.l(defsig_rtmem_inner.o)
    0x080006a0   0x080006a0   0x0000000c   Code   RO         4158    .text               c_w.l(sys_exit.o)
    0x080006ac   0x080006ac   0x00000032   Code   RO         4168    .text               c_w.l(defsig_general.o)
    0x080006de   0x080006de   0x0000000e   Code   RO         4188    .text               c_w.l(sys_wrch.o)
    0x080006ec   0x080006ec   0x00000038   Code   RO         3743    i.AES_CBC_encrypt_buffer  aes.o
    0x08000724   0x08000724   0x0000001a   Code   RO         3749    i.AES_init_ctx_iv   aes.o
    0x0800073e   0x0800073e   0x00000030   Code   RO         3750    i.AddRoundKey       aes.o
    0x0800076e   0x0800076e   0x00000002   Code   RO          193    i.BusFault_Handler  stm32f1xx_it.o
    0x08000770   0x08000770   0x00000050   Code   RO         3751    i.Cipher            aes.o
    0x080007c0   0x080007c0   0x00000020   Code   RO          194    i.DMA1_Channel5_IRQHandler  stm32f1xx_it.o
    0x080007e0   0x080007e0   0x0000002a   Code   RO          836    i.DMA_SetConfig     stm32f1xx_hal_dma.o
    0x0800080a   0x0800080a   0x00000002   Code   RO          195    i.DebugMon_Handler  stm32f1xx_it.o
    0x0800080c   0x0800080c   0x00000020   Code   RO         3595    i.EEPROM_Init       eeprom.o
    0x0800082c   0x0800082c   0x00000090   Code   RO         3596    i.EEPROM_Read       eeprom.o
    0x080008bc   0x080008bc   0x000000c8   Code   RO         3597    i.EEPROM_Write      eeprom.o
    0x08000984   0x08000984   0x00000004   Code   RO           13    i.Error_Handler     main.o
    0x08000988   0x08000988   0x00000024   Code   RO         1276    i.FLASH_MassErase   stm32f1xx_hal_flash_ex.o
    0x080009ac   0x080009ac   0x00000024   Code   RO         1281    i.FLASH_PageErase   stm32f1xx_hal_flash_ex.o
    0x080009d0   0x080009d0   0x0000001c   Code   RO         1173    i.FLASH_Program_HalfWord  stm32f1xx_hal_flash.o
    0x080009ec   0x080009ec   0x0000005c   Code   RO         1174    i.FLASH_SetErrorCode  stm32f1xx_hal_flash.o
    0x08000a48   0x08000a48   0x00000054   Code   RO         1175    i.FLASH_WaitForLastOperation  stm32f1xx_hal_flash.o
    0x08000a9c   0x08000a9c   0x00000022   Code   RO          400    i.HAL_CRC_Init      stm32f1xx_hal_crc.o
    0x08000abe   0x08000abe   0x00000002   PAD
    0x08000ac0   0x08000ac0   0x0000001c   Code   RO          281    i.HAL_CRC_MspDeInit  stm32f1xx_hal_msp.o
    0x08000adc   0x08000adc   0x00000028   Code   RO          282    i.HAL_CRC_MspInit   stm32f1xx_hal_msp.o
    0x08000b04   0x08000b04   0x00000046   Code   RO          837    i.HAL_DMA_Abort     stm32f1xx_hal_dma.o
    0x08000b4a   0x08000b4a   0x00000002   PAD
    0x08000b4c   0x08000b4c   0x00000098   Code   RO          838    i.HAL_DMA_Abort_IT  stm32f1xx_hal_dma.o
    0x08000be4   0x08000be4   0x0000005c   Code   RO          839    i.HAL_DMA_DeInit    stm32f1xx_hal_dma.o
    0x08000c40   0x08000c40   0x00000154   Code   RO          842    i.HAL_DMA_IRQHandler  stm32f1xx_hal_dma.o
    0x08000d94   0x08000d94   0x0000005c   Code   RO          843    i.HAL_DMA_Init      stm32f1xx_hal_dma.o
    0x08000df0   0x08000df0   0x00000070   Code   RO          847    i.HAL_DMA_Start_IT  stm32f1xx_hal_dma.o
    0x08000e60   0x08000e60   0x00000020   Code   RO          462    i.HAL_DeInit        stm32f1xx_hal.o
    0x08000e80   0x08000e80   0x00000024   Code   RO          463    i.HAL_Delay         stm32f1xx_hal.o
    0x08000ea4   0x08000ea4   0x000000a8   Code   RO         1282    i.HAL_FLASHEx_Erase  stm32f1xx_hal_flash_ex.o
    0x08000f4c   0x08000f4c   0x00000014   Code   RO         1179    i.HAL_FLASH_Lock    stm32f1xx_hal_flash.o
    0x08000f60   0x08000f60   0x00000014   Code   RO         1181    i.HAL_FLASH_OB_Lock  stm32f1xx_hal_flash.o
    0x08000f74   0x08000f74   0x00000024   Code   RO         1182    i.HAL_FLASH_OB_Unlock  stm32f1xx_hal_flash.o
    0x08000f98   0x08000f98   0x00000080   Code   RO         1184    i.HAL_FLASH_Program  stm32f1xx_hal_flash.o
    0x08001018   0x08001018   0x00000028   Code   RO         1186    i.HAL_FLASH_Unlock  stm32f1xx_hal_flash.o
    0x08001040   0x08001040   0x00000118   Code   RO          770    i.HAL_GPIO_DeInit   stm32f1xx_hal_gpio.o
    0x08001158   0x08001158   0x000001e0   Code   RO          773    i.HAL_GPIO_Init     stm32f1xx_hal_gpio.o
    0x08001338   0x08001338   0x0000000a   Code   RO          775    i.HAL_GPIO_ReadPin  stm32f1xx_hal_gpio.o
    0x08001342   0x08001342   0x0000000a   Code   RO          777    i.HAL_GPIO_WritePin  stm32f1xx_hal_gpio.o
    0x0800134c   0x0800134c   0x0000000c   Code   RO          467    i.HAL_GetTick       stm32f1xx_hal.o
    0x08001358   0x08001358   0x00000188   Code   RO         1444    i.HAL_I2C_Init      stm32f1xx_hal_i2c.o
    0x080014e0   0x080014e0   0x0000016c   Code   RO         1445    i.HAL_I2C_IsDeviceReady  stm32f1xx_hal_i2c.o
    0x0800164c   0x0800164c   0x0000025c   Code   RO         1462    i.HAL_I2C_Mem_Read  stm32f1xx_hal_i2c.o
    0x080018a8   0x080018a8   0x00000130   Code   RO         1465    i.HAL_I2C_Mem_Write  stm32f1xx_hal_i2c.o
    0x080019d8   0x080019d8   0x00000038   Code   RO          283    i.HAL_I2C_MspDeInit  stm32f1xx_hal_msp.o
    0x08001a10   0x08001a10   0x00000070   Code   RO          284    i.HAL_I2C_MspInit   stm32f1xx_hal_msp.o
    0x08001a80   0x08001a80   0x00000010   Code   RO          473    i.HAL_IncTick       stm32f1xx_hal.o
    0x08001a90   0x08001a90   0x00000024   Code   RO          474    i.HAL_Init          stm32f1xx_hal.o
    0x08001ab4   0x08001ab4   0x00000040   Code   RO          475    i.HAL_InitTick      stm32f1xx_hal.o
    0x08001af4   0x08001af4   0x00000002   Code   RO          476    i.HAL_MspDeInit     stm32f1xx_hal.o
    0x08001af6   0x08001af6   0x00000002   PAD
    0x08001af8   0x08001af8   0x0000003c   Code   RO          285    i.HAL_MspInit       stm32f1xx_hal_msp.o
    0x08001b34   0x08001b34   0x00000022   Code   RO          932    i.HAL_NVIC_DisableIRQ  stm32f1xx_hal_cortex.o
    0x08001b56   0x08001b56   0x0000001a   Code   RO          933    i.HAL_NVIC_EnableIRQ  stm32f1xx_hal_cortex.o
    0x08001b70   0x08001b70   0x00000040   Code   RO          939    i.HAL_NVIC_SetPriority  stm32f1xx_hal_cortex.o
    0x08001bb0   0x08001bb0   0x00000024   Code   RO          940    i.HAL_NVIC_SetPriorityGrouping  stm32f1xx_hal_cortex.o
    0x08001bd4   0x08001bd4   0x0000012c   Code   RO          631    i.HAL_RCC_ClockConfig  stm32f1xx_hal_rcc.o
    0x08001d00   0x08001d00   0x000000dc   Code   RO          632    i.HAL_RCC_DeInit    stm32f1xx_hal_rcc.o
    0x08001ddc   0x08001ddc   0x00000020   Code   RO          638    i.HAL_RCC_GetPCLK1Freq  stm32f1xx_hal_rcc.o
    0x08001dfc   0x08001dfc   0x00000020   Code   RO          639    i.HAL_RCC_GetPCLK2Freq  stm32f1xx_hal_rcc.o
    0x08001e1c   0x08001e1c   0x00000054   Code   RO          640    i.HAL_RCC_GetSysClockFreq  stm32f1xx_hal_rcc.o
    0x08001e70   0x08001e70   0x00000320   Code   RO          643    i.HAL_RCC_OscConfig  stm32f1xx_hal_rcc.o
    0x08002190   0x08002190   0x00000028   Code   RO          944    i.HAL_SYSTICK_Config  stm32f1xx_hal_cortex.o
    0x080021b8   0x080021b8   0x00000068   Code   RO         2595    i.HAL_TIMEx_MasterConfigSynchronization  stm32f1xx_hal_tim_ex.o
    0x08002220   0x08002220   0x0000005a   Code   RO         1872    i.HAL_TIM_Base_Init  stm32f1xx_hal_tim.o
    0x0800227a   0x0800227a   0x00000002   PAD
    0x0800227c   0x0800227c   0x00000028   Code   RO          287    i.HAL_TIM_Base_MspInit  stm32f1xx_hal_msp.o
    0x080022a4   0x080022a4   0x000000dc   Code   RO         1881    i.HAL_TIM_ConfigClockSource  stm32f1xx_hal_tim.o
    0x08002380   0x08002380   0x00000060   Code   RO          288    i.HAL_TIM_MspPostInit  stm32f1xx_hal_msp.o
    0x080023e0   0x080023e0   0x000000cc   Code   RO         1944    i.HAL_TIM_PWM_ConfigChannel  stm32f1xx_hal_tim.o
    0x080024ac   0x080024ac   0x0000005a   Code   RO         1947    i.HAL_TIM_PWM_Init  stm32f1xx_hal_tim.o
    0x08002506   0x08002506   0x00000002   Code   RO         1949    i.HAL_TIM_PWM_MspInit  stm32f1xx_hal_tim.o
    0x08002508   0x08002508   0x0000009c   Code   RO         1952    i.HAL_TIM_PWM_Start  stm32f1xx_hal_tim.o
    0x080025a4   0x080025a4   0x00000002   Code   RO         2855    i.HAL_UARTEx_RxEventCallback  stm32f1xx_hal_uart.o
    0x080025a6   0x080025a6   0x00000002   Code   RO         2869    i.HAL_UART_ErrorCallback  stm32f1xx_hal_uart.o
    0x080025a8   0x080025a8   0x0000026c   Code   RO         2872    i.HAL_UART_IRQHandler  stm32f1xx_hal_uart.o
    0x08002814   0x08002814   0x00000064   Code   RO         2873    i.HAL_UART_Init     stm32f1xx_hal_uart.o
    0x08002878   0x08002878   0x00000040   Code   RO          289    i.HAL_UART_MspDeInit  stm32f1xx_hal_msp.o
    0x080028b8   0x080028b8   0x000000b0   Code   RO          290    i.HAL_UART_MspInit  stm32f1xx_hal_msp.o
    0x08002968   0x08002968   0x0000001c   Code   RO         2877    i.HAL_UART_Receive_DMA  stm32f1xx_hal_uart.o
    0x08002984   0x08002984   0x00000002   Code   RO         2879    i.HAL_UART_RxCpltCallback  stm32f1xx_hal_uart.o
    0x08002986   0x08002986   0x00000002   Code   RO         2880    i.HAL_UART_RxHalfCpltCallback  stm32f1xx_hal_uart.o
    0x08002988   0x08002988   0x00000002   Code   RO         2884    i.HAL_UART_TxCpltCallback  stm32f1xx_hal_uart.o
    0x0800298a   0x0800298a   0x00000002   Code   RO          196    i.HardFault_Handler  stm32f1xx_it.o
    0x0800298c   0x0800298c   0x0000002e   Code   RO         1487    i.I2C_IsAcknowledgeFailed  stm32f1xx_hal_i2c.o
    0x080029ba   0x080029ba   0x00000002   PAD
    0x080029bc   0x080029bc   0x000000fc   Code   RO         1497    i.I2C_RequestMemoryRead  stm32f1xx_hal_i2c.o
    0x08002ab8   0x08002ab8   0x000000a8   Code   RO         1498    i.I2C_RequestMemoryWrite  stm32f1xx_hal_i2c.o
    0x08002b60   0x08002b60   0x00000056   Code   RO         1502    i.I2C_WaitOnBTFFlagUntilTimeout  stm32f1xx_hal_i2c.o
    0x08002bb6   0x08002bb6   0x00000002   PAD
    0x08002bb8   0x08002bb8   0x00000090   Code   RO         1503    i.I2C_WaitOnFlagUntilTimeout  stm32f1xx_hal_i2c.o
    0x08002c48   0x08002c48   0x000000bc   Code   RO         1504    i.I2C_WaitOnMasterAddressFlagUntilTimeout  stm32f1xx_hal_i2c.o
    0x08002d04   0x08002d04   0x00000070   Code   RO         1505    i.I2C_WaitOnRXNEFlagUntilTimeout  stm32f1xx_hal_i2c.o
    0x08002d74   0x08002d74   0x00000056   Code   RO         1506    i.I2C_WaitOnTXEFlagUntilTimeout  stm32f1xx_hal_i2c.o
    0x08002dca   0x08002dca   0x00000002   PAD
    0x08002dcc   0x08002dcc   0x000000d8   Code   RO         3756    i.KeyExpansion      aes.o
    0x08002ea4   0x08002ea4   0x00000044   Code   RO           14    i.LED_Red_Callback  main.o
    0x08002ee8   0x08002ee8   0x00000044   Code   RO         3450    i.License_Check_Unique_HASH  license.o
    0x08002f2c   0x08002f2c   0x000000c4   Code   RO         3451    i.License_UniqueEncryption  license.o
    0x08002ff0   0x08002ff0   0x00000118   Code   RO           15    i.MX_GPIO_Init      main.o
    0x08003108   0x08003108   0x00000098   Code   RO           16    i.MX_TIM3_Init      main.o
    0x080031a0   0x080031a0   0x00000040   Code   RO           17    i.MX_USART1_UART_Init  main.o
    0x080031e0   0x080031e0   0x00000002   Code   RO          197    i.MemManage_Handler  stm32f1xx_it.o
    0x080031e2   0x080031e2   0x00000002   PAD
    0x080031e4   0x080031e4   0x0000009a   Code   RO         3757    i.MixColumns        aes.o
    0x0800327e   0x0800327e   0x00000002   Code   RO          198    i.NMI_Handler       stm32f1xx_it.o
    0x08003280   0x08003280   0x00000002   Code   RO          199    i.PendSV_Handler    stm32f1xx_it.o
    0x08003282   0x08003282   0x00000002   Code   RO          200    i.SVC_Handler       stm32f1xx_it.o
    0x08003284   0x08003284   0x000000b8   Code   RO         3244    i.Serial_Decode     serialprotocol.o
    0x0800333c   0x0800333c   0x00000160   Code   RO         3245    i.Serial_EvaluateCommand  serialprotocol.o
    0x0800349c   0x0800349c   0x00000008   Code   RO         3247    i.Serial_HeadReply  serialprotocol.o
    0x080034a4   0x080034a4   0x00000040   Code   RO         3248    i.Serial_HeadResponse  serialprotocol.o
    0x080034e4   0x080034e4   0x00000012   Code   RO         3249    i.Serial_Read16     serialprotocol.o
    0x080034f6   0x080034f6   0x00000012   Code   RO         3250    i.Serial_Read32     serialprotocol.o
    0x08003508   0x08003508   0x00000018   Code   RO         3251    i.Serial_ReadArray  serialprotocol.o
    0x08003520   0x08003520   0x00000014   Code   RO         3252    i.Serial_ReadByte   serialprotocol.o
    0x08003534   0x08003534   0x00000018   Code   RO         3256    i.Serial_WriteArray  serialprotocol.o
    0x0800354c   0x0800354c   0x00000018   Code   RO         3257    i.Serial_WriteByte  serialprotocol.o
    0x08003564   0x08003564   0x0000000c   Code   RO         3258    i.Serial_WriteChecksum  serialprotocol.o
    0x08003570   0x08003570   0x00000032   Code   RO         3758    i.ShiftRows         aes.o
    0x080035a2   0x080035a2   0x000000e2   Code   RO         3639    i.SmartLED_Check    smartled.o
    0x08003684   0x08003684   0x00000020   Code   RO         3641    i.SmartLED_GetMode  smartled.o
    0x080036a4   0x080036a4   0x00000074   Code   RO         3643    i.SmartLED_Init     smartled.o
    0x08003718   0x08003718   0x0000001c   Code   RO         3644    i.SmartLED_Off      smartled.o
    0x08003734   0x08003734   0x0000001c   Code   RO         3645    i.SmartLED_On       smartled.o
    0x08003750   0x08003750   0x0000002c   Code   RO         3646    i.SmartLED_SetBlink  smartled.o
    0x0800377c   0x0800377c   0x00000054   Code   RO         3647    i.SmartLED_SetMode  smartled.o
    0x080037d0   0x080037d0   0x00000026   Code   RO         3650    i.SmartLED_Toggle   smartled.o
    0x080037f6   0x080037f6   0x00000002   PAD
    0x080037f8   0x080037f8   0x00000054   Code   RO         3651    i.SmartLED_Update   smartled.o
    0x0800384c   0x0800384c   0x00000028   Code   RO         3759    i.SubBytes          aes.o
    0x08003874   0x08003874   0x0000000e   Code   RO          201    i.SysTick_Handler   stm32f1xx_it.o
    0x08003882   0x08003882   0x00000060   Code   RO           18    i.SystemClock_Config  main.o
    0x080038e2   0x080038e2   0x00000002   Code   RO         3207    i.SystemInit        system_stm32f1xx.o
    0x080038e4   0x080038e4   0x00000078   Code   RO         1965    i.TIM_Base_SetConfig  stm32f1xx_hal_tim.o
    0x0800395c   0x0800395c   0x0000001a   Code   RO         1966    i.TIM_CCxChannelCmd  stm32f1xx_hal_tim.o
    0x08003976   0x08003976   0x00000014   Code   RO         1976    i.TIM_ETR_SetConfig  stm32f1xx_hal_tim.o
    0x0800398a   0x0800398a   0x00000010   Code   RO         1977    i.TIM_ITRx_SetConfig  stm32f1xx_hal_tim.o
    0x0800399a   0x0800399a   0x00000002   PAD
    0x0800399c   0x0800399c   0x00000050   Code   RO         1978    i.TIM_OC1_SetConfig  stm32f1xx_hal_tim.o
    0x080039ec   0x080039ec   0x00000058   Code   RO         1979    i.TIM_OC2_SetConfig  stm32f1xx_hal_tim.o
    0x08003a44   0x08003a44   0x00000058   Code   RO         1980    i.TIM_OC3_SetConfig  stm32f1xx_hal_tim.o
    0x08003a9c   0x08003a9c   0x00000044   Code   RO         1981    i.TIM_OC4_SetConfig  stm32f1xx_hal_tim.o
    0x08003ae0   0x08003ae0   0x00000022   Code   RO         1983    i.TIM_TI1_ConfigInputStage  stm32f1xx_hal_tim.o
    0x08003b02   0x08003b02   0x00000024   Code   RO         1985    i.TIM_TI2_ConfigInputStage  stm32f1xx_hal_tim.o
    0x08003b26   0x08003b26   0x00000002   PAD
    0x08003b28   0x08003b28   0x0000000c   Code   RO         3517    i.UART1_Available   serialfifo.o
    0x08003b34   0x08003b34   0x00000014   Code   RO         3519    i.UART1_Init        serialfifo.o
    0x08003b48   0x08003b48   0x00000064   Code   RO         3520    i.UART1_Read        serialfifo.o
    0x08003bac   0x08003bac   0x00000074   Code   RO         3523    i.UART1_Transmit_IRQ  serialfifo.o
    0x08003c20   0x08003c20   0x000000cc   Code   RO         3524    i.UART1_Write       serialfifo.o
    0x08003cec   0x08003cec   0x00000014   Code   RO         3525    i.UART1_WriteStr    serialfifo.o
    0x08003d00   0x08003d00   0x00000010   Code   RO         2886    i.UART_DMAAbortOnError  stm32f1xx_hal_uart.o
    0x08003d10   0x08003d10   0x0000004a   Code   RO         2887    i.UART_DMAError     stm32f1xx_hal_uart.o
    0x08003d5a   0x08003d5a   0x00000086   Code   RO         2888    i.UART_DMAReceiveCplt  stm32f1xx_hal_uart.o
    0x08003de0   0x08003de0   0x0000001e   Code   RO         2890    i.UART_DMARxHalfCplt  stm32f1xx_hal_uart.o
    0x08003dfe   0x08003dfe   0x0000004e   Code   RO         2896    i.UART_EndRxTransfer  stm32f1xx_hal_uart.o
    0x08003e4c   0x08003e4c   0x0000001c   Code   RO         2897    i.UART_EndTxTransfer  stm32f1xx_hal_uart.o
    0x08003e68   0x08003e68   0x000000c2   Code   RO         2898    i.UART_Receive_IT   stm32f1xx_hal_uart.o
    0x08003f2a   0x08003f2a   0x00000002   PAD
    0x08003f2c   0x08003f2c   0x000000b8   Code   RO         2899    i.UART_SetConfig    stm32f1xx_hal_uart.o
    0x08003fe4   0x08003fe4   0x00000090   Code   RO         2900    i.UART_Start_Receive_DMA  stm32f1xx_hal_uart.o
    0x08004074   0x08004074   0x000000ec   Code   RO          202    i.USART1_IRQHandler  stm32f1xx_it.o
    0x08004160   0x08004160   0x00000002   Code   RO          203    i.UsageFault_Handler  stm32f1xx_it.o
    0x08004162   0x08004162   0x00000016   Code   RO         3760    i.XorWithIv         aes.o
    0x08004178   0x08004178   0x00000020   Code   RO          946    i.__NVIC_SetPriority  stm32f1xx_hal_cortex.o
    0x08004198   0x08004198   0x00000058   Code   RO         3375    i.bootloaderInit    bootloader.o
    0x080041f0   0x080041f0   0x00000044   Code   RO         3452    i.create_key_iv     license.o
    0x08004234   0x08004234   0x00000098   Code   RO         3376    i.deinitEverything  bootloader.o
    0x080042cc   0x080042cc   0x00000090   Code   RO         3377    i.eraseMemory       bootloader.o
    0x0800435c   0x0800435c   0x0000007c   Code   RO         3378    i.flashWord         bootloader.o
    0x080043d8   0x080043d8   0x00000078   Code   RO         3379    i.jumpToApp         bootloader.o
    0x08004450   0x08004450   0x00000034   Code   RO         3380    i.lockFlash         bootloader.o
    0x08004484   0x08004484   0x0000024c   Code   RO           19    i.main              main.o
    0x080046d0   0x080046d0   0x000000a4   Code   RO         3864    i.md5_final         md5.o
    0x08004774   0x08004774   0x00000028   Code   RO         3865    i.md5_init          md5.o
    0x0800479c   0x0800479c   0x00000838   Code   RO         3866    i.md5_transform     md5.o
    0x08004fd4   0x08004fd4   0x00000048   Code   RO         3867    i.md5_update        md5.o
    0x0800501c   0x0800501c   0x000000c2   Code   RO         3897    i.sha256_final      sha256.o
    0x080050de   0x080050de   0x00000002   PAD
    0x080050e0   0x080050e0   0x0000004c   Code   RO         3898    i.sha256_init       sha256.o
    0x0800512c   0x0800512c   0x00000130   Code   RO         3899    i.sha256_transform  sha256.o
    0x0800525c   0x0800525c   0x00000048   Code   RO         3900    i.sha256_update     sha256.o
    0x080052a4   0x080052a4   0x0000001a   Code   RO         3454    i.shiftArrayRight   license.o
    0x080052be   0x080052be   0x00000002   PAD
    0x080052c0   0x080052c0   0x0000006c   Code   RO         3382    i.unlockFlashAndEraseMemory  bootloader.o
    0x0800532c   0x0800532c   0x00000012   Data   RO          644    .constdata          stm32f1xx_hal_rcc.o
    0x0800533e   0x0800533e   0x00000010   Data   RO         3208    .constdata          system_stm32f1xx.o
    0x0800534e   0x0800534e   0x00000008   Data   RO         3209    .constdata          system_stm32f1xx.o
    0x08005356   0x08005356   0x00000002   Data   RO         3261    .constdata          serialprotocol.o
    0x08005358   0x08005358   0x00000160   Data   RO         3456    .constdata          license.o
    0x080054b8   0x080054b8   0x00000050   Data   RO         3598    .constdata          eeprom.o
    0x08005508   0x08005508   0x0000002c   Data   RO         3653    .constdata          smartled.o
    0x08005534   0x08005534   0x0000020b   Data   RO         3762    .constdata          aes.o
    0x0800573f   0x0800573f   0x00000001   PAD
    0x08005740   0x08005740   0x00000100   Data   RO         3901    .constdata          sha256.o
    0x08005840   0x08005840   0x00000020   Data   RO         4218    Region$$Table       anon$$obj.o


    Execution Region RW_IRAM1 (Exec base: 0x20000000, Load base: 0x08005860, Size: 0x00000b60, Max: 0x00005000, ABSOLUTE)

    Exec Addr    Load Addr    Size         Type   Attr      Idx    E Section Name        Object

    0x20000000   0x08005860   0x0000000c   Data   RW           22    .data               main.o
    0x2000000c   0x0800586c   0x0000000c   Data   RW          481    .data               stm32f1xx_hal.o
    0x20000018   0x08005878   0x00000004   Data   RW         3210    .data               system_stm32f1xx.o
    0x2000001c   0x0800587c   0x00000008   Data   RW         3262    .data               serialprotocol.o
    0x20000024   0x08005884   0x00000008   Data   RW         3383    .data               bootloader.o
    0x2000002c   0x0800588c   0x00000008   Data   RW         3599    .data               eeprom.o
    0x20000034   0x08005894   0x00000002   Data   RW         3654    .data               smartled.o
    0x20000036   0x08005896   0x00000002   PAD
    0x20000038        -       0x000000e4   Zero   RW           20    .bss                main.o
    0x2000011c        -       0x00000044   Zero   RW           21    .bss                main.o
    0x20000160        -       0x00000020   Zero   RW         1187    .bss                stm32f1xx_hal_flash.o
    0x20000180        -       0x00000102   Zero   RW         3260    .bss                serialprotocol.o
    0x20000282        -       0x00000030   Zero   RW         3455    .bss                license.o
    0x200002b2        -       0x00000150   Zero   RW         3526    .bss                serialfifo.o
    0x20000402   0x08005896   0x00000002   PAD
    0x20000404        -       0x00000018   Zero   RW         3652    .bss                smartled.o
    0x2000041c        -       0x000000e4   Zero   RW         4000    .bss                c_w.l(rand.o)
    0x20000500        -       0x00000060   Zero   RW         4097    .bss                c_w.l(libspace.o)
    0x20000560        -       0x00000200   Zero   RW            2    HEAP                startup_stm32f103xb.o
    0x20000760        -       0x00000400   Zero   RW            1    STACK               startup_stm32f103xb.o


==============================================================================

Image component sizes


      Code (inc. data)   RO Data    RW Data    ZI Data      Debug   Object Name

       692         12        523          0          0       7591   aes.o
       788         94          0          8          0      10229   bootloader.o
       376         46         80          8          0       4021   eeprom.o
       358         30        352          0         48       5703   license.o
      1252        164          0         12        296     449830   main.o
      2380        266          0          0          0       4792   md5.o
       472         38          0          0        336       4938   serialfifo.o
       748         46          2          8        258      11048   serialprotocol.o
       646         40        256          0          0       4756   sha256.o
       680         58         44          2         24       8261   smartled.o
        64         26        236          0       1536        844   startup_stm32f103xb.o
       198         34          0         12          0       7262   stm32f1xx_hal.o
       232         14          0          0          0      29853   stm32f1xx_hal_cortex.o
        34          0          0          0          0       1107   stm32f1xx_hal_crc.o
       900         44          0          0          0       5935   stm32f1xx_hal_dma.o
       448         64          0          0         32       6188   stm32f1xx_hal_flash.o
       240         26          0          0          0       3381   stm32f1xx_hal_flash_ex.o
       780         60          0          0          0       4657   stm32f1xx_hal_gpio.o
      2746         66          0          0          0      14874   stm32f1xx_hal_i2c.o
       672        114          0          0          0       6204   stm32f1xx_hal_msp.o
      1468        104         18          0          0       6173   stm32f1xx_hal_rcc.o
      1338         44          0          0          0      12944   stm32f1xx_hal_tim.o
       104         12          0          0          0       1428   stm32f1xx_hal_tim_ex.o
      1640         24          0          0          0      13110   stm32f1xx_hal_uart.o
       298         34          0          0          0       6193   stm32f1xx_it.o
         2          0         24          4          0       1223   system_stm32f1xx.o

    ----------------------------------------------------------------------
     19584       1460       1568         56       2532     632545   Object Totals
         0          0         32          0          0          0   (incl. Generated)
        28          0          1          2          2          0   (incl. Padding)

    ----------------------------------------------------------------------

      Code (inc. data)   RO Data    RW Data    ZI Data      Debug   Library Member Name

         8          0          0          0          0         68   __main.o
         0          0          0          0          0          0   __rtentry.o
        12          0          0          0          0          0   __rtentry2.o
         6          0          0          0          0          0   __rtentry4.o
        52          8          0          0          0          0   __scatter.o
        26          0          0          0          0          0   __scatter_copy.o
        28          0          0          0          0          0   __scatter_zi.o
        10          0          0          0          0         68   defsig_exit.o
        50          0          0          0          0         88   defsig_general.o
        80         58          0          0          0         76   defsig_rtmem_inner.o
        14          0          0          0          0         80   defsig_rtmem_outer.o
        18          0          0          0          0         80   exit.o
        94          0          0          0          0         80   h1_alloc.o
        52          0          0          0          0         68   h1_extend.o
        78          0          0          0          0         80   h1_free.o
        14          0          0          0          0         84   h1_init.o
         6          0          0          0          0        152   heapauxi.o
         4          0          0          0          0        136   hguard.o
         0          0          0          0          0          0   indicate_semi.o
       138          0          0          0          0        168   init_alloc.o
         2          0          0          0          0          0   libinit.o
        14          0          0          0          0          0   libinit2.o
         2          0          0          0          0          0   libshutdown.o
         2          0          0          0          0          0   libshutdown2.o
         8          4          0          0         96         68   libspace.o
        38          0          0          0          0         68   llushr.o
         0          0          0          0          0          0   maybetermalloc1.o
        88          0          0          0          0         76   memcmp.o
       112         18          0          0        228        160   rand.o
         8          4          0          0          0         68   rt_heap_descriptor_intlibspace.o
        68          0          0          0          0         68   rt_memclr.o
        78          0          0          0          0         80   rt_memclr_w.o
       138          0          0          0          0         68   rt_memcpy_v6.o
       100          0          0          0          0         80   rt_memcpy_w.o
         2          0          0          0          0          0   rtexit.o
        10          0          0          0          0          0   rtexit2.o
        12          4          0          0          0         68   sys_exit.o
        74          0          0          0          0         80   sys_stackheap_outer.o
        14          0          0          0          0         76   sys_wrch.o
         2          0          0          0          0         68   use_no_semi.o

    ----------------------------------------------------------------------
      1472         96          0          0        324       2256   Library Totals
        10          0          0          0          0          0   (incl. Padding)

    ----------------------------------------------------------------------

      Code (inc. data)   RO Data    RW Data    ZI Data      Debug   Library Name

      1462         96          0          0        324       2256   c_w.l

    ----------------------------------------------------------------------
      1472         96          0          0        324       2256   Library Totals

    ----------------------------------------------------------------------

==============================================================================


      Code (inc. data)   RO Data    RW Data    ZI Data      Debug   

     21056       1556       1568         56       2856     624865   Grand Totals
     21056       1556       1568         56       2856     624865   ELF Image Totals
     21056       1556       1568         56          0          0   ROM Totals

==============================================================================

    Total RO  Size (Code + RO Data)                22624 (  22.09kB)
    Total RW  Size (RW Data + ZI Data)              2912 (   2.84kB)
    Total ROM Size (Code + RO Data + RW Data)      22680 (  22.15kB)

==============================================================================

