Component: ARM Compiler 5.06 update 7 (build 960) Tool: armlink [4d3601]

==============================================================================

Section Cross References

    startup_stm32f103xb.o(STACK) refers (Special) to heapauxi.o(.text) for __use_two_region_memory
    startup_stm32f103xb.o(HEAP) refers (Special) to heapauxi.o(.text) for __use_two_region_memory
    startup_stm32f103xb.o(RESET) refers (Special) to heapauxi.o(.text) for __use_two_region_memory
    startup_stm32f103xb.o(RESET) refers to startup_stm32f103xb.o(STACK) for __initial_sp
    startup_stm32f103xb.o(RESET) refers to startup_stm32f103xb.o(.text) for Reset_Handler
    startup_stm32f103xb.o(RESET) refers to stm32f1xx_it.o(i.NMI_Handler) for NMI_Handler
    startup_stm32f103xb.o(RESET) refers to stm32f1xx_it.o(i.HardFault_Handler) for HardFault_Handler
    startup_stm32f103xb.o(RESET) refers to stm32f1xx_it.o(i.MemManage_Handler) for MemManage_Handler
    startup_stm32f103xb.o(RESET) refers to stm32f1xx_it.o(i.BusFault_Handler) for BusFault_Handler
    startup_stm32f103xb.o(RESET) refers to stm32f1xx_it.o(i.UsageFault_Handler) for UsageFault_Handler
    startup_stm32f103xb.o(RESET) refers to stm32f1xx_it.o(i.SVC_Handler) for SVC_Handler
    startup_stm32f103xb.o(RESET) refers to stm32f1xx_it.o(i.DebugMon_Handler) for DebugMon_Handler
    startup_stm32f103xb.o(RESET) refers to stm32f1xx_it.o(i.PendSV_Handler) for PendSV_Handler
    startup_stm32f103xb.o(RESET) refers to stm32f1xx_it.o(i.SysTick_Handler) for SysTick_Handler
    startup_stm32f103xb.o(RESET) refers to stm32f1xx_it.o(i.DMA1_Channel5_IRQHandler) for DMA1_Channel5_IRQHandler
    startup_stm32f103xb.o(RESET) refers to stm32f1xx_it.o(i.USB_LP_CAN1_RX0_IRQHandler) for USB_LP_CAN1_RX0_IRQHandler
    startup_stm32f103xb.o(RESET) refers to stm32f1xx_it.o(i.USART1_IRQHandler) for USART1_IRQHandler
    startup_stm32f103xb.o(RESET) refers to stm32f1xx_it.o(i.USART3_IRQHandler) for USART3_IRQHandler
    startup_stm32f103xb.o(.text) refers (Special) to heapauxi.o(.text) for __use_two_region_memory
    startup_stm32f103xb.o(.text) refers to system_stm32f1xx.o(i.SystemInit) for SystemInit
    startup_stm32f103xb.o(.text) refers to __main.o(!!!main) for __main
    startup_stm32f103xb.o(.text) refers to startup_stm32f103xb.o(HEAP) for Heap_Mem
    startup_stm32f103xb.o(.text) refers to startup_stm32f103xb.o(STACK) for Stack_Mem
    main.o(i.BLE_ConnectionLost) refers to serialprotocol.o(i.Serial_SendRequest) for Serial_SendRequest
    main.o(i.BLE_ConnectionLost) refers to main.o(.bss) for BLE_Serial
    main.o(i.BLE_EvaluateCommand) refers to stm32f1xx_hal.o(i.HAL_GetTick) for HAL_GetTick
    main.o(i.BLE_EvaluateCommand) refers to serialprotocol.o(i.Serial_HeadReply) for Serial_HeadReply
    main.o(i.BLE_EvaluateCommand) refers to strcat.o(.text) for strcat
    main.o(i.BLE_EvaluateCommand) refers to serialprotocol.o(i.Serial_SendString) for Serial_SendString
    main.o(i.BLE_EvaluateCommand) refers to rand.o(.emb_text) for rand
    main.o(i.BLE_EvaluateCommand) refers to license.o(i.License_UniqueEncryption) for License_UniqueEncryption
    main.o(i.BLE_EvaluateCommand) refers to serialprotocol.o(i.Serial_SendArray) for Serial_SendArray
    main.o(i.BLE_EvaluateCommand) refers to serialprotocol.o(i.Serial_ReadArray) for Serial_ReadArray
    main.o(i.BLE_EvaluateCommand) refers to license.o(i.License_Check_Unique_HASH) for License_Check_Unique_HASH
    main.o(i.BLE_EvaluateCommand) refers to serialprotocol.o(i.Serial_SendUint8) for Serial_SendUint8
    main.o(i.BLE_EvaluateCommand) refers to license.o(i.License_SetPrimary) for License_SetPrimary
    main.o(i.BLE_EvaluateCommand) refers to main.o(i.deinitEverything) for deinitEverything
    main.o(i.BLE_EvaluateCommand) refers to main.o(.data) for isRealServer
    main.o(i.BLE_EvaluateCommand) refers to main.o(.bss) for BLE_Serial
    main.o(i.LED_Red_Callback) refers to main.o(.data) for beepCounter
    main.o(i.MX_ADC1_Init) refers to stm32f1xx_hal_adc.o(i.HAL_ADC_Init) for HAL_ADC_Init
    main.o(i.MX_ADC1_Init) refers to main.o(i.Error_Handler) for Error_Handler
    main.o(i.MX_ADC1_Init) refers to stm32f1xx_hal_adc.o(i.HAL_ADC_ConfigChannel) for HAL_ADC_ConfigChannel
    main.o(i.MX_ADC1_Init) refers to main.o(.bss) for hadc1
    main.o(i.MX_CAN_Init) refers to stm32f1xx_hal_can.o(i.HAL_CAN_Init) for HAL_CAN_Init
    main.o(i.MX_CAN_Init) refers to main.o(i.Error_Handler) for Error_Handler
    main.o(i.MX_CAN_Init) refers to main.o(.bss) for hcan
    main.o(i.MX_CRC_Init) refers to stm32f1xx_hal_crc.o(i.HAL_CRC_Init) for HAL_CRC_Init
    main.o(i.MX_CRC_Init) refers to main.o(i.Error_Handler) for Error_Handler
    main.o(i.MX_CRC_Init) refers to main.o(.data) for hcrc
    main.o(i.MX_DMA_Init) refers to stm32f1xx_hal_cortex.o(i.HAL_NVIC_SetPriority) for HAL_NVIC_SetPriority
    main.o(i.MX_DMA_Init) refers to stm32f1xx_hal_cortex.o(i.HAL_NVIC_EnableIRQ) for HAL_NVIC_EnableIRQ
[...]
    i.TIM_TI2_ConfigInputStage               0x08005cc2   Section        0  stm32f1xx_hal_tim.o(i.TIM_TI2_ConfigInputStage)
    TIM_TI2_ConfigInputStage                 0x08005cc3   Thumb Code    40  stm32f1xx_hal_tim.o(i.TIM_TI2_ConfigInputStage)
    i.UART1_Available                        0x08005cec   Section        0  serialfifo.o(i.UART1_Available)
    i.UART1_Init                             0x08005cf8   Section        0  serialfifo.o(i.UART1_Init)
    i.UART1_Read                             0x08005d10   Section        0  serialfifo.o(i.UART1_Read)
    i.UART1_Transmit_IRQ                     0x08005d98   Section        0  serialfifo.o(i.UART1_Transmit_IRQ)
    i.UART1_Write                            0x08005e38   Section        0  serialfifo.o(i.UART1_Write)
    i.UART_DMAAbortOnError                   0x08005f34   Section        0  stm32f1xx_hal_uart.o(i.UART_DMAAbortOnError)
    UART_DMAAbortOnError                     0x08005f35   Thumb Code    20  stm32f1xx_hal_uart.o(i.UART_DMAAbortOnError)
    i.UART_DMAError                          0x08005f48   Section        0  stm32f1xx_hal_uart.o(i.UART_DMAError)
    UART_DMAError                            0x08005f49   Thumb Code    80  stm32f1xx_hal_uart.o(i.UART_DMAError)
    i.UART_DMAReceiveCplt                    0x08005f98   Section        0  stm32f1xx_hal_uart.o(i.UART_DMAReceiveCplt)
    UART_DMAReceiveCplt                      0x08005f99   Thumb Code   180  stm32f1xx_hal_uart.o(i.UART_DMAReceiveCplt)
    i.UART_DMARxHalfCplt                     0x0800604c   Section        0  stm32f1xx_hal_uart.o(i.UART_DMARxHalfCplt)
    UART_DMARxHalfCplt                       0x0800604d   Thumb Code    36  stm32f1xx_hal_uart.o(i.UART_DMARxHalfCplt)
    i.UART_EndRxTransfer                     0x08006070   Section        0  stm32f1xx_hal_uart.o(i.UART_EndRxTransfer)
    UART_EndRxTransfer                       0x08006071   Thumb Code   108  stm32f1xx_hal_uart.o(i.UART_EndRxTransfer)
    i.UART_EndTransmit_IT                    0x080060dc   Section        0  stm32f1xx_hal_uart.o(i.UART_EndTransmit_IT)
    UART_EndTransmit_IT                      0x080060dd   Thumb Code    32  stm32f1xx_hal_uart.o(i.UART_EndTransmit_IT)
    i.UART_EndTxTransfer                     0x080060fc   Section        0  stm32f1xx_hal_uart.o(i.UART_EndTxTransfer)
    UART_EndTxTransfer                       0x080060fd   Thumb Code    38  stm32f1xx_hal_uart.o(i.UART_EndTxTransfer)
    i.UART_Receive_IT                        0x08006122   Section        0  stm32f1xx_hal_uart.o(i.UART_Receive_IT)
    UART_Receive_IT                          0x08006123   Thumb Code   252  stm32f1xx_hal_uart.o(i.UART_Receive_IT)
    i.UART_SetConfig                         0x08006220   Section        0  stm32f1xx_hal_uart.o(i.UART_SetConfig)
    UART_SetConfig                           0x08006221   Thumb Code   248  stm32f1xx_hal_uart.o(i.UART_SetConfig)
    i.UART_Start_Receive_DMA                 0x0800631c   Section        0  stm32f1xx_hal_uart.o(i.UART_Start_Receive_DMA)
    i.UART_Transmit_IT                       0x080063e4   Section        0  stm32f1xx_hal_uart.o(i.UART_Transmit_IT)
    UART_Transmit_IT                         0x080063e5   Thumb Code    96  stm32f1xx_hal_uart.o(i.UART_Transmit_IT)
    i.UB_LIN_checkID                         0x08006444   Section        0  lin_slave.o(i.UB_LIN_checkID)
    i.USART1_IRQHandler                      0x0800646c   Section        0  stm32f1xx_it.o(i.USART1_IRQHandler)
    i.USART3_IRQHandler                      0x0800657c   Section        0  stm32f1xx_it.o(i.USART3_IRQHandler)
    i.USB_LP_CAN1_RX0_IRQHandler             0x08006590   Section        0  stm32f1xx_it.o(i.USB_LP_CAN1_RX0_IRQHandler)
    i.UsageFault_Handler                     0x080065a0   Section        0  stm32f1xx_it.o(i.UsageFault_Handler)
    i.XorWithIv                              0x080065a4   Section        0  aes.o(i.XorWithIv)
    XorWithIv                                0x080065a5   Thumb Code    26  aes.o(i.XorWithIv)
    i.__NVIC_GetPriorityGrouping             0x080065c0   Section        0  stm32f1xx_hal_cortex.o(i.__NVIC_GetPriorityGrouping)
    __NVIC_GetPriorityGrouping               0x080065c1   Thumb Code    10  stm32f1xx_hal_cortex.o(i.__NVIC_GetPriorityGrouping)
    i.__NVIC_SetPriority                     0x080065d0   Section        0  stm32f1xx_hal_cortex.o(i.__NVIC_SetPriority)
    __NVIC_SetPriority                       0x080065d1   Thumb Code    32  stm32f1xx_hal_cortex.o(i.__NVIC_SetPriority)
    i.create_key_iv                          0x080065f8   Section        0  license.o(i.create_key_iv)
    i.deinitEverything                       0x0800663c   Section        0  main.o(i.deinitEverything)
    i.main                                   0x0800670c   Section        0  main.o(i.main)
    i.md5_final                              0x0800681c   Section        0  md5.o(i.md5_final)
    i.md5_init                               0x08006908   Section        0  md5.o(i.md5_init)
    i.md5_transform                          0x08006930   Section        0  md5.o(i.md5_transform)
    i.md5_update                             0x080073b0   Section        0  md5.o(i.md5_update)
    i.read_and_decrypt_unique_id             0x080073f4   Section        0  license.o(i.read_and_decrypt_unique_id)
    i.sha256_final                           0x080074bc   Section        0  sha256.o(i.sha256_final)
    i.sha256_init                            0x080075f8   Section        0  sha256.o(i.sha256_init)
    i.sha256_transform                       0x08007644   Section        0  sha256.o(i.sha256_transform)
    i.sha256_update                          0x08007878   Section        0  sha256.o(i.sha256_update)
    i.shiftArrayRight                        0x080078bc   Section        0  license.o(i.shiftArrayRight)
    i.xtime                                  0x080078d8   Section        0  aes.o(i.xtime)
    xtime                                    0x080078d9   Thumb Code    20  aes.o(i.xtime)
    .constdata                               0x080078ec   Section       18  stm32f1xx_hal_rcc.o(.constdata)
    aPLLMULFactorTable                       0x080078ec   Data          16  stm32f1xx_hal_rcc.o(.constdata)
    aPredivFactorTable                       0x080078fc   Data           2  stm32f1xx_hal_rcc.o(.constdata)
    .constdata                               0x080078fe   Section       24  system_stm32f1xx.o(.constdata)
    .constdata                               0x08007918   Section       44  smartled.o(.constdata)
    .constdata                               0x08007944   Section      352  license.o(.constdata)
    .constdata                               0x08007aa4   Section       80  eeprom.o(.constdata)
    .constdata                               0x08007af4   Section      523  aes.o(.constdata)
    sbox                                     0x08007af4   Data         256  aes.o(.constdata)
    rsbox                                    0x08007bf4   Data         256  aes.o(.constdata)
    Rcon                                     0x08007cf4   Data          11  aes.o(.constdata)
    .constdata                               0x08007d00   Section      256  sha256.o(.constdata)
    k                                        0x08007d00   Data         256  sha256.o(.constdata)
    .data                                    0x20000000   Section       24  main.o(.data)
    .data                                    0x20000018   Section        9  stm32f1xx_hal.o(.data)
    .data                                    0x20000024   Section        4  system_stm32f1xx.o(.data)
    .data                                    0x20000028   Section        2  smartled.o(.data)
    .data                                    0x2000002c   Section        8  license.o(.data)
    .data                                    0x20000034   Section        5  eeprom.o(.data)
    .data                                    0x20000039   Section        3  lin_slave.o(.data)
    .bss                                     0x2000003c   Section      924  main.o(.bss)
    .bss                                     0x200003d8   Section       24  smartled.o(.bss)
    .bss                                     0x200003f0   Section     1216  serialfifo.o(.bss)
    .bss                                     0x200008b0   Section       48  license.o(.bss)
    .bss                                     0x200008e0   Section       10  esl.o(.bss)
    .bss                                     0x200008ea   Section       10  lin_slave.o(.bss)
    .bss                                     0x200008f4   Section      228  rand.o(.bss)
    .bss                                     0x200009d8   Section       96  libspace.o(.bss)
    HEAP                                     0x20000a38   Section      512  startup_stm32f103xb.o(HEAP)
    Heap_Mem                                 0x20000a38   Data         512  startup_stm32f103xb.o(HEAP)
    STACK                                    0x20000c38   Section     1024  startup_stm32f103xb.o(STACK)
    Stack_Mem                                0x20000c38   Data        1024  startup_stm32f103xb.o(STACK)
    __initial_sp                             0x20001038   Data           0  startup_stm32f103xb.o(STACK)

    Global Symbols

    Symbol Name                              Value     Ov Type        Size  Object(Section)

    BuildAttributes$$THM_ISAv4$P$D$K$B$S$PE$A:L22UL41UL21$X:L11$S22US41US21$IEEE1$IW$USESV6$~STKCKD$USESV7$~SHL$OTIME$ROPI$EBA8$UX$STANDARDLIB$REQ8$PRES8$EABIv2 0x00000000   Number         0  anon$$obj.o ABSOLUTE
    __ARM_use_no_argv                        0x00000000   Number         0  main.o ABSOLUTE
    __ARM_exceptions_init                     - Undefined Weak Reference
    __alloca_initialize                       - Undefined Weak Reference
    __arm_fini_                               - Undefined Weak Reference
    __arm_preinit_                            - Undefined Weak Reference
    __cpp_initialize__aeabi_                  - Undefined Weak Reference
    __cxa_finalize                            - Undefined Weak Reference
    __rt_locale                               - Undefined Weak Reference
    __sigvec_lookup                           - Undefined Weak Reference
    __user_heap_extent                        - Undefined Weak Reference
    _atexit_init                              - Undefined Weak Reference
    _call_atexit_fns                          - Undefined Weak Reference
    _clock_init                               - Undefined Weak Reference
    _fp_trap_init                             - Undefined Weak Reference
    _fp_trap_shutdown                         - Undefined Weak Reference
    _get_lc_collate                           - Undefined Weak Reference
    _get_lc_ctype                             - Undefined Weak Reference
    _get_lc_monetary                          - Undefined Weak Reference
    _get_lc_numeric                           - Undefined Weak Reference
    _get_lc_time                              - Undefined Weak Reference
    _getenv_init                              - Undefined Weak Reference
    _handle_redirection                       - Undefined Weak Reference
    _initio                                   - Undefined Weak Reference
    _mutex_acquire                            - Undefined Weak Reference
    _mutex_free                               - Undefined Weak Reference
    _mutex_release                            - Undefined Weak Reference
    _signal_finish                            - Undefined Weak Reference
    _signal_init                              - Undefined Weak Reference
    _terminateio                              - Undefined Weak Reference
    __Vectors_Size                           0x000000ec   Number         0  startup_stm32f103xb.o ABSOLUTE
    __Vectors                                0x08000000   Data           4  startup_stm32f103xb.o(RESET)
    __Vectors_End                            0x080000ec   Data           0  startup_stm32f103xb.o(RESET)
    __main                                   0x080000ed   Thumb Code     8  __main.o(!!!main)
    __scatterload                            0x080000f5   Thumb Code     0  __scatter.o(!!!scatter)
    __scatterload_rt2                        0x080000f5   Thumb Code    44  __scatter.o(!!!scatter)
    __scatterload_rt2_thumb_only             0x080000f5   Thumb Code     0  __scatter.o(!!!scatter)
    __scatterload_null                       0x08000103   Thumb Code     0  __scatter.o(!!!scatter)
    __scatterload_copy                       0x08000129   Thumb Code    26  __scatter_copy.o(!!handler_copy)
    __scatterload_zeroinit                   0x08000145   Thumb Code    28  __scatter_zi.o(!!handler_zi)
    __rt_lib_init                            0x08000161   Thumb Code     0  libinit.o(.ARM.Collect$$libinit$$00000000)
    __rt_lib_init_fp_1                       0x08000163   Thumb Code     0  libinit2.o(.ARM.Collect$$libinit$$00000002)
    __rt_lib_init_heap_2                     0x08000163   Thumb Code     0  libinit2.o(.ARM.Collect$$libinit$$00000005)
    __rt_lib_init_preinit_1                  0x08000163   Thumb Code     0  libinit2.o(.ARM.Collect$$libinit$$00000004)
    __rt_lib_init_heap_1                     0x0800016b   Thumb Code     0  libinit2.o(.ARM.Collect$$libinit$$0000000A)
    __rt_lib_init_rand_2                     0x0800016b   Thumb Code     0  libinit2.o(.ARM.Collect$$libinit$$0000000D)
    __rt_lib_init_user_alloc_1               0x0800016b   Thumb Code     0  libinit2.o(.ARM.Collect$$libinit$$0000000C)
    __rt_lib_init_alloca_1                   0x0800016f   Thumb Code     0  libinit2.o(.ARM.Collect$$libinit$$0000002E)
    __rt_lib_init_argv_1                     0x0800016f   Thumb Code     0  libinit2.o(.ARM.Collect$$libinit$$0000002C)
    __rt_lib_init_atexit_1                   0x0800016f   Thumb Code     0  libinit2.o(.ARM.Collect$$libinit$$0000001B)
    __rt_lib_init_clock_1                    0x0800016f   Thumb Code     0  libinit2.o(.ARM.Collect$$libinit$$00000021)
    __rt_lib_init_cpp_1                      0x0800016f   Thumb Code     0  libinit2.o(.ARM.Collect$$libinit$$00000032)
    __rt_lib_init_exceptions_1               0x0800016f   Thumb Code     0  libinit2.o(.ARM.Collect$$libinit$$00000030)
    __rt_lib_init_fp_trap_1                  0x0800016f   Thumb Code     0  libinit2.o(.ARM.Collect$$libinit$$0000001F)
    __rt_lib_init_getenv_1                   0x0800016f   Thumb Code     0  libinit2.o(.ARM.Collect$$libinit$$00000023)
    __rt_lib_init_lc_collate_1               0x0800016f   Thumb Code     0  libinit2.o(.ARM.Collect$$libinit$$00000011)
    __rt_lib_init_lc_ctype_1                 0x0800016f   Thumb Code     0  libinit2.o(.ARM.Collect$$libinit$$00000013)
    __rt_lib_init_lc_monetary_1              0x0800016f   Thumb Code     0  libinit2.o(.ARM.Collect$$libinit$$00000015)
    __rt_lib_init_lc_numeric_1               0x0800016f   Thumb Code     0  libinit2.o(.ARM.Collect$$libinit$$00000017)
    __rt_lib_init_lc_time_1                  0x0800016f   Thumb Code     0  libinit2.o(.ARM.Collect$$libinit$$00000019)
    __rt_lib_init_rand_1                     0x0800016f   Thumb Code     0  libinit2.o(.ARM.Collect$$libinit$$0000000E)
    __rt_lib_init_return                     0x0800016f   Thumb Code     0  libinit2.o(.ARM.Collect$$libinit$$00000033)
    __rt_lib_init_signal_1                   0x0800016f   Thumb Code     0  libinit2.o(.ARM.Collect$$libinit$$0000001D)
    __rt_lib_init_stdio_1                    0x0800016f   Thumb Code     0  libinit2.o(.ARM.Collect$$libinit$$00000025)
    __rt_lib_shutdown                        0x08000171   Thumb Code     0  libshutdown.o(.ARM.Collect$$libshutdown$$00000000)
    __rt_lib_shutdown_cpp_1                  0x08000173   Thumb Code     0  libshutdown2.o(.ARM.Collect$$libshutdown$$00000004)
    __rt_lib_shutdown_fini_1                 0x08000173   Thumb Code     0  libshutdown2.o(.ARM.Collect$$libshutdown$$00000002)
    __rt_lib_shutdown_fp_trap_1              0x08000173   Thumb Code     0  libshutdown2.o(.ARM.Collect$$libshutdown$$00000009)
    __rt_lib_shutdown_heap_1                 0x08000173   Thumb Code     0  libshutdown2.o(.ARM.Collect$$libshutdown$$00000011)
    __rt_lib_shutdown_return                 0x08000173   Thumb Code     0  libshutdown2.o(.ARM.Collect$$libshutdown$$00000012)
    __rt_lib_shutdown_signal_1               0x08000173   Thumb Code     0  libshutdown2.o(.ARM.Collect$$libshutdown$$0000000C)
    __rt_lib_shutdown_stdio_1                0x08000173   Thumb Code     0  libshutdown2.o(.ARM.Collect$$libshutdown$$00000006)
    __rt_lib_shutdown_user_alloc_1           0x08000173   Thumb Code     0  libshutdown2.o(.ARM.Collect$$libshutdown$$0000000E)
    __rt_entry                               0x08000175   Thumb Code     0  __rtentry.o(.ARM.Collect$$rtentry$$00000000)
    __rt_entry_presh_1                       0x08000175   Thumb Code     0  __rtentry2.o(.ARM.Collect$$rtentry$$00000002)
    __rt_entry_sh                            0x08000175   Thumb Code     0  __rtentry4.o(.ARM.Collect$$rtentry$$00000004)
    __rt_entry_li                            0x0800017b   Thumb Code     0  __rtentry2.o(.ARM.Collect$$rtentry$$0000000A)
    __rt_entry_postsh_1                      0x0800017b   Thumb Code     0  __rtentry2.o(.ARM.Collect$$rtentry$$00000009)
    __rt_entry_main                          0x0800017f   Thumb Code     0  __rtentry2.o(.ARM.Collect$$rtentry$$0000000D)
    __rt_entry_postli_1                      0x0800017f   Thumb Code     0  __rtentry2.o(.ARM.Collect$$rtentry$$0000000C)
    __rt_exit                                0x08000187   Thumb Code     0  rtexit.o(.ARM.Collect$$rtexit$$00000000)
    __rt_exit_ls                             0x08000189   Thumb Code     0  rtexit2.o(.ARM.Collect$$rtexit$$00000003)
    __rt_exit_prels_1                        0x08000189   Thumb Code     0  rtexit2.o(.ARM.Collect$$rtexit$$00000002)
    __rt_exit_exit                           0x0800018d   Thumb Code     0  rtexit2.o(.ARM.Collect$$rtexit$$00000004)
    rand                                     0x08000195   Thumb Code    48  rand.o(.emb_text)
    Reset_Handler                            0x080001c9   Thumb Code     8  startup_stm32f103xb.o(.text)
    _maybe_terminate_alloc                   0x080001c9   Thumb Code     0  maybetermalloc1.o(.emb_text)
    ADC1_2_IRQHandler                        0x080001e3   Thumb Code     0  startup_stm32f103xb.o(.text)
    CAN1_RX1_IRQHandler                      0x080001e3   Thumb Code     0  startup_stm32f103xb.o(.text)
    CAN1_SCE_IRQHandler                      0x080001e3   Thumb Code     0  startup_stm32f103xb.o(.text)
    DMA1_Channel1_IRQHandler                 0x080001e3   Thumb Code     0  startup_stm32f103xb.o(.text)
    DMA1_Channel2_IRQHandler                 0x080001e3   Thumb Code     0  startup_stm32f103xb.o(.text)
    DMA1_Channel3_IRQHandler                 0x080001e3   Thumb Code     0  startup_stm32f103xb.o(.text)
    DMA1_Channel4_IRQHandler                 0x080001e3   Thumb Code     0  startup_stm32f103xb.o(.text)
    DMA1_Channel6_IRQHandler                 0x080001e3   Thumb Code     0  startup_stm32f103xb.o(.text)
    DMA1_Channel7_IRQHandler                 0x080001e3   Thumb Code     0  startup_stm32f103xb.o(.text)
    EXTI0_IRQHandler                         0x080001e3   Thumb Code     0  startup_stm32f103xb.o(.text)
    EXTI15_10_IRQHandler                     0x080001e3   Thumb Code     0  startup_stm32f103xb.o(.text)
    EXTI1_IRQHandler                         0x080001e3   Thumb Code     0  startup_stm32f103xb.o(.text)
    EXTI2_IRQHandler                         0x080001e3   Thumb Code     0  startup_stm32f103xb.o(.text)
    EXTI3_IRQHandler                         0x080001e3   Thumb Code     0  startup_stm32f103xb.o(.text)
    EXTI4_IRQHandler                         0x080001e3   Thumb Code     0  startup_stm32f103xb.o(.text)
    EXTI9_5_IRQHandler                       0x080001e3   Thumb Code     0  startup_stm32f103xb.o(.text)
    FLASH_IRQHandler                         0x080001e3   Thumb Code     0  startup_stm32f103xb.o(.text)
    I2C1_ER_IRQHandler                       0x080001e3   Thumb Code     0  startup_stm32f103xb.o(.text)
    I2C1_EV_IRQHandler                       0x080001e3   Thumb Code     0  startup_stm32f103xb.o(.text)
    I2C2_ER_IRQHandler                       0x080001e3   Thumb Code     0  startup_stm32f103xb.o(.text)
    I2C2_EV_IRQHandler                       0x080001e3   Thumb Code     0  startup_stm32f103xb.o(.text)
    PVD_IRQHandler                           0x080001e3   Thumb Code     0  startup_stm32f103xb.o(.text)
    RCC_IRQHandler                           0x080001e3   Thumb Code     0  startup_stm32f103xb.o(.text)
    RTC_Alarm_IRQHandler                     0x080001e3   Thumb Code     0  startup_stm32f103xb.o(.text)
    RTC_IRQHandler                           0x080001e3   Thumb Code     0  startup_stm32f103xb.o(.text)
    SPI1_IRQHandler                          0x080001e3   Thumb Code     0  startup_stm32f103xb.o(.text)
    SPI2_IRQHandler                          0x080001e3   Thumb Code     0  startup_stm32f103xb.o(.text)
    TAMPER_IRQHandler                        0x080001e3   Thumb Code     0  startup_stm32f103xb.o(.text)
    TIM1_BRK_IRQHandler                      0x080001e3   Thumb Code     0  startup_stm32f103xb.o(.text)
    TIM1_CC_IRQHandler                       0x080001e3   Thumb Code     0  startup_stm32f103xb.o(.text)
    TIM1_TRG_COM_IRQHandler                  0x080001e3   Thumb Code     0  startup_stm32f103xb.o(.text)
    TIM1_UP_IRQHandler                       0x080001e3   Thumb Code     0  startup_stm32f103xb.o(.text)
    TIM2_IRQHandler                          0x080001e3   Thumb Code     0  startup_stm32f103xb.o(.text)
    TIM3_IRQHandler                          0x080001e3   Thumb Code     0  startup_stm32f103xb.o(.text)
    TIM4_IRQHandler                          0x080001e3   Thumb Code     0  startup_stm32f103xb.o(.text)
    USART2_IRQHandler                        0x080001e3   Thumb Code     0  startup_stm32f103xb.o(.text)
    USBWakeUp_IRQHandler                     0x080001e3   Thumb Code     0  startup_stm32f103xb.o(.text)
    USB_HP_CAN1_TX_IRQHandler                0x080001e3   Thumb Code     0  startup_stm32f103xb.o(.text)
    WWDG_IRQHandler                          0x080001e3   Thumb Code     0  startup_stm32f103xb.o(.text)
    __user_initial_stackheap                 0x080001e5   Thumb Code     0  startup_stm32f103xb.o(.text)
    malloc                                   0x08000209   Thumb Code    94  h1_alloc.o(.text)
    free                                     0x08000267   Thumb Code    78  h1_free.o(.text)
    srand                                    0x080002b5   Thumb Code    42  rand.o(.text)
    _rand_init                               0x080002df   Thumb Code     4  rand.o(.text)
    memcmp                                   0x080002f1   Thumb Code    88  memcmp.o(.text)
    strlen                                   0x08000349   Thumb Code    62  strlen.o(.text)
    strcat                                   0x08000387   Thumb Code    24  strcat.o(.text)
    __aeabi_memcpy                           0x0800039f   Thumb Code     0  rt_memcpy_v6.o(.text)
    __rt_memcpy                              0x0800039f   Thumb Code   138  rt_memcpy_v6.o(.text)
    _memcpy_lastbytes                        0x08000405   Thumb Code     0  rt_memcpy_v6.o(.text)
    __aeabi_memcpy4                          0x08000429   Thumb Code     0  rt_memcpy_w.o(.text)
    __aeabi_memcpy8                          0x08000429   Thumb Code     0  rt_memcpy_w.o(.text)
    __rt_memcpy_w                            0x08000429   Thumb Code   100  rt_memcpy_w.o(.text)
    _memcpy_lastbytes_aligned                0x08000471   Thumb Code     0  rt_memcpy_w.o(.text)
    __aeabi_memclr                           0x0800048d   Thumb Code     0  rt_memclr.o(.text)
    __rt_memclr                              0x0800048d   Thumb Code    68  rt_memclr.o(.text)
    _memset                                  0x08000491   Thumb Code     0  rt_memclr.o(.text)
    __aeabi_memclr4                          0x080004d1   Thumb Code     0  rt_memclr_w.o(.text)
    __aeabi_memclr8                          0x080004d1   Thumb Code     0  rt_memclr_w.o(.text)
    __rt_memclr_w                            0x080004d1   Thumb Code    78  rt_memclr_w.o(.text)
    _memset_w                                0x080004d5   Thumb Code     0  rt_memclr_w.o(.text)
    __use_two_region_memory                  0x0800051f   Thumb Code     2  heapauxi.o(.text)
    __rt_heap_escrow                         0x08000521   Thumb Code     2  heapauxi.o(.text)
    __rt_heap_expand                         0x08000523   Thumb Code     2  heapauxi.o(.text)
    __rt_heap_descriptor                     0x08000525   Thumb Code     8  rt_heap_descriptor_intlibspace.o(.text)
    __use_no_heap                            0x0800052d   Thumb Code     2  hguard.o(.text)
    __heap$guard                             0x0800052f   Thumb Code     2  hguard.o(.text)
    _terminate_user_alloc                    0x08000531   Thumb Code     2  init_alloc.o(.text)
    _init_user_alloc                         0x08000533   Thumb Code     2  init_alloc.o(.text)
    __Heap_Full                              0x08000535   Thumb Code    34  init_alloc.o(.text)
    __Heap_Broken                            0x08000557   Thumb Code     6  init_alloc.o(.text)
    _init_alloc                              0x0800055d   Thumb Code    94  init_alloc.o(.text)
    __Heap_Initialize                        0x080005bb   Thumb Code    10  h1_init.o(.text)
    __Heap_DescSize                          0x080005c5   Thumb Code     4  h1_init.o(.text)
    __user_libspace                          0x080005c9   Thumb Code     8  libspace.o(.text)
    __user_perproc_libspace                  0x080005c9   Thumb Code     0  libspace.o(.text)
    __user_perthread_libspace                0x080005c9   Thumb Code     0  libspace.o(.text)
    __Heap_ProvideMemory                     0x080005d1   Thumb Code    52  h1_extend.o(.text)
    __rt_SIGRTMEM                            0x08000605   Thumb Code    14  defsig_rtmem_outer.o(.text)
    __I$use$semihosting                      0x08000613   Thumb Code     0  use_no_semi.o(.text)
    __use_no_semihosting_swi                 0x08000613   Thumb Code     2  use_no_semi.o(.text)
    __semihosting_library_function           0x08000615   Thumb Code     0  indicate_semi.o(.text)
    __user_setup_stackheap                   0x08000615   Thumb Code    74  sys_stackheap_outer.o(.text)
    exit                                     0x0800065f   Thumb Code    18  exit.o(.text)
    __sig_exit                               0x08000671   Thumb Code    10  defsig_exit.o(.text)
    __rt_SIGRTMEM_inner                      0x0800067d   Thumb Code    22  defsig_rtmem_inner.o(.text)
    _sys_exit                                0x080006cd   Thumb Code     8  sys_exit.o(.text)
    __default_signal_display                 0x080006d9   Thumb Code    50  defsig_general.o(.text)
    _ttywrch                                 0x0800070b   Thumb Code    14  sys_wrch.o(.text)
    ADC_ConversionStop_Disable               0x08000719   Thumb Code    92  stm32f1xx_hal_adc.o(i.ADC_ConversionStop_Disable)
    AES_CBC_decrypt_buffer                   0x08000775   Thumb Code    66  aes.o(i.AES_CBC_decrypt_buffer)
    AES_CBC_encrypt_buffer                   0x080007b7   Thumb Code    60  aes.o(i.AES_CBC_encrypt_buffer)
    AES_init_ctx_iv                          0x080007f3   Thumb Code    30  aes.o(i.AES_init_ctx_iv)
    BLE_ConnectionLost                       0x08000849   Thumb Code    12  main.o(i.BLE_ConnectionLost)
    BLE_EvaluateCommand                      0x08000859   Thumb Code   470  main.o(i.BLE_EvaluateCommand)
    BusFault_Handler                         0x08000a7d   Thumb Code     4  stm32f1xx_it.o(i.BusFault_Handler)
    Check_License                            0x08000a81   Thumb Code    56  license.o(i.Check_License)
    DMA1_Channel5_IRQHandler                 0x08000b15   Thumb Code    36  stm32f1xx_it.o(i.DMA1_Channel5_IRQHandler)
    DebugMon_Handler                         0x08000b6d   Thumb Code     2  stm32f1xx_it.o(i.DebugMon_Handler)
    EEPROM_Init                              0x08000b71   Thumb Code    32  eeprom.o(i.EEPROM_Init)
    EEPROM_Read                              0x08000b99   Thumb Code   250  eeprom.o(i.EEPROM_Read)
    EEPROM_Write                             0x08000ca5   Thumb Code   318  eeprom.o(i.EEPROM_Write)
    ESL_Init                                 0x08000df5   Thumb Code     2  esl.o(i.ESL_Init)
    ESL_Receive                              0x08000df7   Thumb Code     2  esl.o(i.ESL_Receive)
    ESL_Update                               0x08000df9   Thumb Code     2  esl.o(i.ESL_Update)
    Error_Handler                            0x08000dfb   Thumb Code     6  main.o(i.Error_Handler)
    HAL_ADC_ConfigChannel                    0x08000e01   Thumb Code   338  stm32f1xx_hal_adc.o(i.HAL_ADC_ConfigChannel)
    HAL_ADC_Init                             0x08000f61   Thumb Code   314  stm32f1xx_hal_adc.o(i.HAL_ADC_Init)
    HAL_ADC_MspDeInit                        0x080010a5   Thumb Code    34  stm32f1xx_hal_msp.o(i.HAL_ADC_MspDeInit)
    HAL_ADC_MspInit                          0x080010d5   Thumb Code    98  stm32f1xx_hal_msp.o(i.HAL_ADC_MspInit)
    HAL_CAN_ErrorCallback                    0x08001145   Thumb Code     2  stm32f1xx_hal_can.o(i.HAL_CAN_ErrorCallback)
    HAL_CAN_IRQHandler                       0x08001147   Thumb Code   590  stm32f1xx_hal_can.o(i.HAL_CAN_IRQHandler)
    HAL_CAN_Init                             0x08001395   Thumb Code   372  stm32f1xx_hal_can.o(i.HAL_CAN_Init)
    HAL_CAN_MspDeInit                        0x08001509   Thumb Code    42  stm32f1xx_hal_msp.o(i.HAL_CAN_MspDeInit)
    HAL_CAN_MspInit                          0x08001541   Thumb Code   138  stm32f1xx_hal_msp.o(i.HAL_CAN_MspInit)
    HAL_CAN_RxFifo0FullCallback              0x080015d9   Thumb Code     2  stm32f1xx_hal_can.o(i.HAL_CAN_RxFifo0FullCallback)
    HAL_CAN_RxFifo0MsgPendingCallback        0x080015db   Thumb Code     2  stm32f1xx_hal_can.o(i.HAL_CAN_RxFifo0MsgPendingCallback)
    HAL_CAN_RxFifo1FullCallback              0x080015dd   Thumb Code     2  stm32f1xx_hal_can.o(i.HAL_CAN_RxFifo1FullCallback)
    HAL_CAN_RxFifo1MsgPendingCallback        0x080015df   Thumb Code     2  stm32f1xx_hal_can.o(i.HAL_CAN_RxFifo1MsgPendingCallback)
    HAL_CAN_SleepCallback                    0x080015e1   Thumb Code     2  stm32f1xx_hal_can.o(i.HAL_CAN_SleepCallback)
    HAL_CAN_TxMailbox0AbortCallback          0x080015e3   Thumb Code     2  stm32f1xx_hal_can.o(i.HAL_CAN_TxMailbox0AbortCallback)
    HAL_CAN_TxMailbox0CompleteCallback       0x080015e5   Thumb Code     2  stm32f1xx_hal_can.o(i.HAL_CAN_TxMailbox0CompleteCallback)
    HAL_CAN_TxMailbox1AbortCallback          0x080015e7   Thumb Code     2  stm32f1xx_hal_can.o(i.HAL_CAN_TxMailbox1AbortCallback)
    HAL_CAN_TxMailbox1CompleteCallback       0x080015e9   Thumb Code     2  stm32f1xx_hal_can.o(i.HAL_CAN_TxMailbox1CompleteCallback)
    HAL_CAN_TxMailbox2AbortCallback          0x080015eb   Thumb Code     2  stm32f1xx_hal_can.o(i.HAL_CAN_TxMailbox2AbortCallback)
    HAL_CAN_TxMailbox2CompleteCallback       0x080015ed   Thumb Code     2  stm32f1xx_hal_can.o(i.HAL_CAN_TxMailbox2CompleteCallback)
    HAL_CAN_WakeUpFromRxMsgCallback          0x080015ef   Thumb Code     2  stm32f1xx_hal_can.o(i.HAL_CAN_WakeUpFromRxMsgCallback)
    HAL_CRC_Init                             0x080015f1   Thumb Code    32  stm32f1xx_hal_crc.o(i.HAL_CRC_Init)
    HAL_CRC_MspDeInit                        0x08001611   Thumb Code    22  stm32f1xx_hal_msp.o(i.HAL_CRC_MspDeInit)
    HAL_CRC_MspInit                          0x08001631   Thumb Code    40  stm32f1xx_hal_msp.o(i.HAL_CRC_MspInit)
    HAL_DMA_Abort                            0x08001661   Thumb Code    86  stm32f1xx_hal_dma.o(i.HAL_DMA_Abort)
    HAL_DMA_Abort_IT                         0x080016b9   Thumb Code   172  stm32f1xx_hal_dma.o(i.HAL_DMA_Abort_IT)
    HAL_DMA_DeInit                           0x08001769   Thumb Code   100  stm32f1xx_hal_dma.o(i.HAL_DMA_DeInit)
    HAL_DMA_IRQHandler                       0x080017d1   Thumb Code   408  stm32f1xx_hal_dma.o(i.HAL_DMA_IRQHandler)
    HAL_DMA_Init                             0x0800196d   Thumb Code   100  stm32f1xx_hal_dma.o(i.HAL_DMA_Init)
    HAL_DMA_Start_IT                         0x080019d5   Thumb Code   156  stm32f1xx_hal_dma.o(i.HAL_DMA_Start_IT)
    HAL_DeInit                               0x08001a71   Thumb Code    30  stm32f1xx_hal.o(i.HAL_DeInit)
    HAL_Delay                                0x08001a95   Thumb Code    36  stm32f1xx_hal.o(i.HAL_Delay)
    HAL_GPIO_DeInit                          0x08001abd   Thumb Code   284  stm32f1xx_hal_gpio.o(i.HAL_GPIO_DeInit)
    HAL_GPIO_Init                            0x08001bf1   Thumb Code   766  stm32f1xx_hal_gpio.o(i.HAL_GPIO_Init)
    HAL_GPIO_WritePin                        0x08001f11   Thumb Code    12  stm32f1xx_hal_gpio.o(i.HAL_GPIO_WritePin)
    HAL_GetTick                              0x08001f1d   Thumb Code     6  stm32f1xx_hal.o(i.HAL_GetTick)
    HAL_I2C_Init                             0x08001f29   Thumb Code   446  stm32f1xx_hal_i2c.o(i.HAL_I2C_Init)
    HAL_I2C_IsDeviceReady                    0x080020f9   Thumb Code   430  stm32f1xx_hal_i2c.o(i.HAL_I2C_IsDeviceReady)
    HAL_I2C_Mem_Read                         0x080022b1   Thumb Code   850  stm32f1xx_hal_i2c.o(i.HAL_I2C_Mem_Read)
    HAL_I2C_Mem_Write                        0x08002615   Thumb Code   348  stm32f1xx_hal_i2c.o(i.HAL_I2C_Mem_Write)
    HAL_I2C_MspDeInit                        0x08002779   Thumb Code    44  stm32f1xx_hal_msp.o(i.HAL_I2C_MspDeInit)
    HAL_I2C_MspInit                          0x080027b1   Thumb Code   124  stm32f1xx_hal_msp.o(i.HAL_I2C_MspInit)
    HAL_IncTick                              0x0800283d   Thumb Code    16  stm32f1xx_hal.o(i.HAL_IncTick)
    HAL_Init                                 0x08002855   Thumb Code    34  stm32f1xx_hal.o(i.HAL_Init)
    HAL_InitTick                             0x0800287d   Thumb Code    64  stm32f1xx_hal.o(i.HAL_InitTick)
    HAL_LIN_Init                             0x080028c9   Thumb Code   146  stm32f1xx_hal_uart.o(i.HAL_LIN_Init)
    HAL_MspDeInit                            0x0800295b   Thumb Code     2  stm32f1xx_hal.o(i.HAL_MspDeInit)
    HAL_MspInit                              0x0800295d   Thumb Code    76  stm32f1xx_hal_msp.o(i.HAL_MspInit)
    HAL_NVIC_DisableIRQ                      0x080029b1   Thumb Code    62  stm32f1xx_hal_cortex.o(i.HAL_NVIC_DisableIRQ)
    HAL_NVIC_EnableIRQ                       0x080029f5   Thumb Code    32  stm32f1xx_hal_cortex.o(i.HAL_NVIC_EnableIRQ)
    HAL_NVIC_SetPriority                     0x08002a15   Thumb Code   124  stm32f1xx_hal_cortex.o(i.HAL_NVIC_SetPriority)
    HAL_NVIC_SetPriorityGrouping             0x08002a91   Thumb Code    32  stm32f1xx_hal_cortex.o(i.HAL_NVIC_SetPriorityGrouping)
    HAL_RCCEx_PeriphCLKConfig                0x08002ab9   Thumb Code   290  stm32f1xx_hal_rcc_ex.o(i.HAL_RCCEx_PeriphCLKConfig)
    HAL_RCC_ClockConfig                      0x08002be9   Thumb Code   376  stm32f1xx_hal_rcc.o(i.HAL_RCC_ClockConfig)
    HAL_RCC_DeInit                           0x08002d75   Thumb Code   254  stm32f1xx_hal_rcc.o(i.HAL_RCC_DeInit)
    HAL_RCC_GetHCLKFreq                      0x08002e85   Thumb Code     6  stm32f1xx_hal_rcc.o(i.HAL_RCC_GetHCLKFreq)
    HAL_RCC_GetPCLK1Freq                     0x08002e91   Thumb Code    22  stm32f1xx_hal_rcc.o(i.HAL_RCC_GetPCLK1Freq)
    HAL_RCC_GetPCLK2Freq                     0x08002eb1   Thumb Code    22  stm32f1xx_hal_rcc.o(i.HAL_RCC_GetPCLK2Freq)
    HAL_RCC_GetSysClockFreq                  0x08002ed1   Thumb Code    92  stm32f1xx_hal_rcc.o(i.HAL_RCC_GetSysClockFreq)
    HAL_RCC_MCOConfig                        0x08002f45   Thumb Code    92  stm32f1xx_hal_rcc.o(i.HAL_RCC_MCOConfig)
    HAL_RCC_OscConfig                        0x08002fa9   Thumb Code  1114  stm32f1xx_hal_rcc.o(i.HAL_RCC_OscConfig)
    HAL_SPI_Init                             0x0800340d   Thumb Code   190  stm32f1xx_hal_spi.o(i.HAL_SPI_Init)
    HAL_SPI_MspDeInit                        0x080034cd   Thumb Code    34  stm32f1xx_hal_msp.o(i.HAL_SPI_MspDeInit)
    HAL_SPI_MspInit                          0x080034fd   Thumb Code   120  stm32f1xx_hal_msp.o(i.HAL_SPI_MspInit)
    HAL_SYSTICK_Config                       0x08003581   Thumb Code    52  stm32f1xx_hal_cortex.o(i.HAL_SYSTICK_Config)
    HAL_TIMEx_MasterConfigSynchronization    0x080035b5   Thumb Code   118  stm32f1xx_hal_tim_ex.o(i.HAL_TIMEx_MasterConfigSynchronization)
    HAL_TIM_Base_Init                        0x08003639   Thumb Code   102  stm32f1xx_hal_tim.o(i.HAL_TIM_Base_Init)
    HAL_TIM_Base_MspInit                     0x080036a1   Thumb Code    76  stm32f1xx_hal_msp.o(i.HAL_TIM_Base_MspInit)
    HAL_TIM_ConfigClockSource                0x080036f9   Thumb Code   268  stm32f1xx_hal_tim.o(i.HAL_TIM_ConfigClockSource)
    HAL_TIM_MspPostInit                      0x08003805   Thumb Code   150  stm32f1xx_hal_msp.o(i.HAL_TIM_MspPostInit)
    HAL_TIM_PWM_ConfigChannel                0x080038b1   Thumb Code   260  stm32f1xx_hal_tim.o(i.HAL_TIM_PWM_ConfigChannel)
    HAL_TIM_PWM_Init                         0x080039b5   Thumb Code   102  stm32f1xx_hal_tim.o(i.HAL_TIM_PWM_Init)
    HAL_TIM_PWM_MspInit                      0x08003a1b   Thumb Code     2  stm32f1xx_hal_tim.o(i.HAL_TIM_PWM_MspInit)
    HAL_TIM_PWM_Start                        0x08003a1d   Thumb Code   198  stm32f1xx_hal_tim.o(i.HAL_TIM_PWM_Start)
    HAL_UARTEx_RxEventCallback               0x08003af1   Thumb Code     2  stm32f1xx_hal_uart.o(i.HAL_UARTEx_RxEventCallback)
    HAL_UART_ErrorCallback                   0x08003af3   Thumb Code     2  stm32f1xx_hal_uart.o(i.HAL_UART_ErrorCallback)
    HAL_UART_IRQHandler                      0x08003af5   Thumb Code   736  stm32f1xx_hal_uart.o(i.HAL_UART_IRQHandler)
    HAL_UART_Init                            0x08003dd9   Thumb Code   118  stm32f1xx_hal_uart.o(i.HAL_UART_Init)
    HAL_UART_MspDeInit                       0x08003e51   Thumb Code    86  stm32f1xx_hal_msp.o(i.HAL_UART_MspDeInit)
    HAL_UART_MspInit                         0x08003ebd   Thumb Code   312  stm32f1xx_hal_msp.o(i.HAL_UART_MspInit)
    HAL_UART_Receive_DMA                     0x08004011   Thumb Code    44  stm32f1xx_hal_uart.o(i.HAL_UART_Receive_DMA)
    HAL_UART_RxCpltCallback                  0x0800403d   Thumb Code     2  stm32f1xx_hal_uart.o(i.HAL_UART_RxCpltCallback)
    HAL_UART_RxHalfCpltCallback              0x0800403f   Thumb Code     2  stm32f1xx_hal_uart.o(i.HAL_UART_RxHalfCpltCallback)
    HAL_UART_TxCpltCallback                  0x08004041   Thumb Code     2  stm32f1xx_hal_uart.o(i.HAL_UART_TxCpltCallback)
    HardFault_Handler                        0x08004043   Thumb Code     4  stm32f1xx_it.o(i.HardFault_Handler)
    LED_Blue_Callback                        0x08004c85   Thumb Code     2  main.o(i.LED_Blue_Callback)
    LED_Green_Callback                       0x08004c87   Thumb Code     2  main.o(i.LED_Green_Callback)
    LED_Red_Callback                         0x08004c89   Thumb Code    48  main.o(i.LED_Red_Callback)
    LIN_UART_ISR                             0x08004cc1   Thumb Code   164  lin_slave.o(i.LIN_UART_ISR)
    License_Check_Unique_HASH                0x08004d71   Thumb Code    60  license.o(i.License_Check_Unique_HASH)
    License_SetPrimary                       0x08004db1   Thumb Code    34  license.o(i.License_SetPrimary)
    License_UniqueEncryption                 0x08004dd5   Thumb Code   208  license.o(i.License_UniqueEncryption)
    MemManage_Handler                        0x08005361   Thumb Code     4  stm32f1xx_it.o(i.MemManage_Handler)
    NMI_Handler                              0x08005439   Thumb Code     4  stm32f1xx_it.o(i.NMI_Handler)
    PendSV_Handler                           0x0800543d   Thumb Code     2  stm32f1xx_it.o(i.PendSV_Handler)
    SVC_Handler                              0x08005469   Thumb Code     2  stm32f1xx_it.o(i.SVC_Handler)
    Serial_HeadCommand                       0x0800546b   Thumb Code    62  serialprotocol.o(i.Serial_HeadCommand)
    Serial_HeadReply                         0x080054a9   Thumb Code    18  serialprotocol.o(i.Serial_HeadReply)
    Serial_HeadResponse                      0x080054bb   Thumb Code    72  serialprotocol.o(i.Serial_HeadResponse)
    Serial_Protocol_Init                     0x08005503   Thumb Code    90  serialprotocol.o(i.Serial_Protocol_Init)
    Serial_ReadArray                         0x0800555d   Thumb Code    46  serialprotocol.o(i.Serial_ReadArray)
    Serial_SendArray                         0x0800558b   Thumb Code    42  serialprotocol.o(i.Serial_SendArray)
    Serial_SendRequest                       0x080055b5   Thumb Code    24  serialprotocol.o(i.Serial_SendRequest)
    Serial_SendString                        0x080055cd   Thumb Code    46  serialprotocol.o(i.Serial_SendString)
    Serial_SendUint8                         0x080055fb   Thumb Code    34  serialprotocol.o(i.Serial_SendUint8)
    Serial_WriteArray                        0x0800561d   Thumb Code    48  serialprotocol.o(i.Serial_WriteArray)
    Serial_WriteByte                         0x0800564d   Thumb Code    30  serialprotocol.o(i.Serial_WriteByte)
    Serial_WriteChecksum                     0x0800566b   Thumb Code    18  serialprotocol.o(i.Serial_WriteChecksum)
    Serial_WriteString                       0x0800567d   Thumb Code    42  serialprotocol.o(i.Serial_WriteString)
    SmartLED_Check                           0x080056d9   Thumb Code   252  smartled.o(i.SmartLED_Check)
    SmartLED_Init                            0x080057d5   Thumb Code   110  smartled.o(i.SmartLED_Init)
    SmartLED_Off                             0x08005851   Thumb Code    30  smartled.o(i.SmartLED_Off)
    SmartLED_On                              0x0800586f   Thumb Code    30  smartled.o(i.SmartLED_On)
    SmartLED_SetMode                         0x0800588d   Thumb Code   112  smartled.o(i.SmartLED_SetMode)
    SmartLED_Toggle                          0x08005905   Thumb Code    34  smartled.o(i.SmartLED_Toggle)
    SmartLED_Update                          0x08005929   Thumb Code    94  smartled.o(i.SmartLED_Update)
    SysTick_Handler                          0x080059c5   Thumb Code    12  stm32f1xx_it.o(i.SysTick_Handler)
    SystemClock_Config                       0x080059d1   Thumb Code   144  main.o(i.SystemClock_Config)
    SystemInit                               0x08005a61   Thumb Code     2  system_stm32f1xx.o(i.SystemInit)
    TIM_Base_SetConfig                       0x08005a65   Thumb Code   104  stm32f1xx_hal_tim.o(i.TIM_Base_SetConfig)
    TIM_CCxChannelCmd                        0x08005ad9   Thumb Code    34  stm32f1xx_hal_tim.o(i.TIM_CCxChannelCmd)
    TIM_ETR_SetConfig                        0x08005afb   Thumb Code    22  stm32f1xx_hal_tim.o(i.TIM_ETR_SetConfig)
    TIM_OC2_SetConfig                        0x08005b85   Thumb Code   100  stm32f1xx_hal_tim.o(i.TIM_OC2_SetConfig)
    UART1_Available                          0x08005ced   Thumb Code     8  serialfifo.o(i.UART1_Available)
    UART1_Init                               0x08005cf9   Thumb Code    14  serialfifo.o(i.UART1_Init)
    UART1_Read                               0x08005d11   Thumb Code   130  serialfifo.o(i.UART1_Read)
    UART1_Transmit_IRQ                       0x08005d99   Thumb Code   150  serialfifo.o(i.UART1_Transmit_IRQ)
    UART1_Write                              0x08005e39   Thumb Code   244  serialfifo.o(i.UART1_Write)
    UART_Start_Receive_DMA                   0x0800631d   Thumb Code   186  stm32f1xx_hal_uart.o(i.UART_Start_Receive_DMA)
    UB_LIN_checkID                           0x08006445   Thumb Code    32  lin_slave.o(i.UB_LIN_checkID)
    USART1_IRQHandler                        0x0800646d   Thumb Code   250  stm32f1xx_it.o(i.USART1_IRQHandler)
    USART3_IRQHandler                        0x0800657d   Thumb Code    14  stm32f1xx_it.o(i.USART3_IRQHandler)
    USB_LP_CAN1_RX0_IRQHandler               0x08006591   Thumb Code    10  stm32f1xx_it.o(i.USB_LP_CAN1_RX0_IRQHandler)
    UsageFault_Handler                       0x080065a1   Thumb Code     4  stm32f1xx_it.o(i.UsageFault_Handler)
    create_key_iv                            0x080065f9   Thumb Code    60  license.o(i.create_key_iv)
    deinitEverything                         0x0800663d   Thumb Code   158  main.o(i.deinitEverything)
    main                                     0x0800670d   Thumb Code   210  main.o(i.main)
    md5_final                                0x0800681d   Thumb Code   234  md5.o(i.md5_final)
    md5_init                                 0x08006909   Thumb Code    30  md5.o(i.md5_init)
    md5_transform                            0x08006931   Thumb Code  2434  md5.o(i.md5_transform)
    md5_update                               0x080073b1   Thumb Code    68  md5.o(i.md5_update)
    read_and_decrypt_unique_id               0x080073f5   Thumb Code   182  license.o(i.read_and_decrypt_unique_id)
    sha256_final                             0x080074bd   Thumb Code   316  sha256.o(i.sha256_final)
    sha256_init                              0x080075f9   Thumb Code    44  sha256.o(i.sha256_init)
    sha256_transform                         0x08007645   Thumb Code   558  sha256.o(i.sha256_transform)
    sha256_update                            0x08007879   Thumb Code    68  sha256.o(i.sha256_update)
    shiftArrayRight                          0x080078bd   Thumb Code    28  license.o(i.shiftArrayRight)
    AHBPrescTable                            0x080078fe   Data          16  system_stm32f1xx.o(.constdata)
    APBPrescTable                            0x0800790e   Data           8  system_stm32f1xx.o(.constdata)
    private_passwords                        0x08007944   Data         128  license.o(.constdata)
    public_passwords                         0x080079c4   Data         128  license.o(.constdata)
    IVs                                      0x08007a44   Data          96  license.o(.constdata)
    eepromInfo                               0x08007aa4   Data          80  eeprom.o(.constdata)
    Region$$Table$$Base                      0x08007e00   Number         0  anon$$obj.o(Region$$Table)
    Region$$Table$$Limit                     0x08007e20   Number         0  anon$$obj.o(Region$$Table)
    isRealServer                             0x20000000   Data           1  main.o(.data)
    challengeServerTimeout                   0x20000004   Data           4  main.o(.data)
    boot_entry                               0x20000008   Data           4  main.o(.data)
    beepCounter                              0x2000000c   Data           1  main.o(.data)
    hcrc                                     0x20000010   Data           8  main.o(.data)
    uwTick                                   0x20000018   Data           4  stm32f1xx_hal.o(.data)
    uwTickPrio                               0x2000001c   Data           4  stm32f1xx_hal.o(.data)
    uwTickFreq                               0x20000020   Data           1  stm32f1xx_hal.o(.data)
    SystemCoreClock                          0x20000024   Data           4  system_stm32f1xx.o(.data)
    LedsCount                                0x20000028   Data           2  smartled.o(.data)
    LicenseStatus                            0x2000002c   Data           1  license.o(.data)
    LicenseTry                               0x2000002d   Data           1  license.o(.data)
    LicenseTimer                             0x20000030   Data           4  license.o(.data)
    eepromTimer                              0x20000034   Data           4  eeprom.o(.data)
    deviceNumber                             0x20000038   Data           1  eeprom.o(.data)
    LIN_SLAVE                                0x20000039   Data           3  lin_slave.o(.data)
    BLE_Serial                               0x2000003c   Data         308  main.o(.bss)
    hadc1                                    0x20000170   Data          48  main.o(.bss)
    hcan                                     0x200001a0   Data          40  main.o(.bss)
    hi2c1                                    0x200001c8   Data          84  main.o(.bss)
    hspi1                                    0x2000021c   Data          88  main.o(.bss)
    htim3                                    0x20000274   Data          72  main.o(.bss)
    htim4                                    0x200002bc   Data          72  main.o(.bss)
    huart1                                   0x20000304   Data          72  main.o(.bss)
    huart3                                   0x2000034c   Data          72  main.o(.bss)
    hdma_usart1_rx                           0x20000394   Data          68  main.o(.bss)
    Leds                                     0x200003d8   Data          24  smartled.o(.bss)
    DMA_RX1_Buffer                           0x200003f0   Data         128  serialfifo.o(.bss)
    DMA_RX3_Buffer                           0x20000470   Data          32  serialfifo.o(.bss)
    UART1_RxFIFO                             0x20000490   Data         264  serialfifo.o(.bss)
    UART1_TxFIFO                             0x20000598   Data         264  serialfifo.o(.bss)
    UART3_RxFIFO                             0x200006a0   Data         264  serialfifo.o(.bss)
    UART3_TxFIFO                             0x200007a8   Data         264  serialfifo.o(.bss)
    publicKey                                0x200008b0   Data          32  license.o(.bss)
    publicIv                                 0x200008d0   Data          16  license.o(.bss)
    linFrame                                 0x200008e0   Data          10  esl.o(.bss)
    LIN_FRAME                                0x200008ea   Data          10  lin_slave.o(.bss)
    _random_number_data                      0x200008f4   Data         228  rand.o(.bss)
    __libspace_start                         0x200009d8   Data          96  libspace.o(.bss)
    __temporary_stack_top$libspace           0x20000a38   Data           0  libspace.o(.bss)



==============================================================================

Memory Map of the image

  Image Entry point : 0x080000ed

  Load Region LR_IROM1 (Base: 0x08000000, Size: 0x00007e5c, Max: 0x00020000, ABSOLUTE)

    Execution Region ER_IROM1 (Exec base: 0x08000000, Load base: 0x08000000, Size: 0x00007e20, Max: 0x00020000, ABSOLUTE)

    Exec Addr    Load Addr    Size         Type   Attr      Idx    E Section Name        Object

    0x08000000   0x08000000   0x000000ec   Data   RO            3    RESET               startup_stm32f103xb.o
    0x080000ec   0x080000ec   0x00000008   Code   RO         5310  * !!!main             c_w.l(__main.o)
    0x080000f4   0x080000f4   0x00000034   Code   RO         5513    !!!scatter          c_w.l(__scatter.o)
    0x08000128   0x08000128   0x0000001a   Code   RO         5515    !!handler_copy      c_w.l(__scatter_copy.o)
    0x08000142   0x08000142   0x00000002   PAD
    0x08000144   0x08000144   0x0000001c   Code   RO         5517    !!handler_zi        c_w.l(__scatter_zi.o)
    0x08000160   0x08000160   0x00000002   Code   RO         5450    .ARM.Collect$$libinit$$00000000  c_w.l(libinit.o)
    0x08000162   0x08000162   0x00000000   Code   RO         5343    .ARM.Collect$$libinit$$00000002  c_w.l(libinit2.o)
    0x08000162   0x08000162   0x00000000   Code   RO         5345    .ARM.Collect$$libinit$$00000004  c_w.l(libinit2.o)
    0x08000162   0x08000162   0x00000008   Code   RO         5346    .ARM.Collect$$libinit$$00000005  c_w.l(libinit2.o)
    0x0800016a   0x0800016a   0x00000000   Code   RO         5348    .ARM.Collect$$libinit$$0000000A  c_w.l(libinit2.o)
    0x0800016a   0x0800016a   0x00000000   Code   RO         5350    .ARM.Collect$$libinit$$0000000C  c_w.l(libinit2.o)
    0x0800016a   0x0800016a   0x00000004   Code   RO         5351    .ARM.Collect$$libinit$$0000000D  c_w.l(libinit2.o)
    0x0800016e   0x0800016e   0x00000000   Code   RO         5352    .ARM.Collect$$libinit$$0000000E  c_w.l(libinit2.o)
    0x0800016e   0x0800016e   0x00000000   Code   RO         5355    .ARM.Collect$$libinit$$00000011  c_w.l(libinit2.o)
    0x0800016e   0x0800016e   0x00000000   Code   RO         5357    .ARM.Collect$$libinit$$00000013  c_w.l(libinit2.o)
    0x0800016e   0x0800016e   0x00000000   Code   RO         5359    .ARM.Collect$$libinit$$00000015  c_w.l(libinit2.o)
    0x0800016e   0x0800016e   0x00000000   Code   RO         5361    .ARM.Collect$$libinit$$00000017  c_w.l(libinit2.o)
    0x0800016e   0x0800016e   0x00000000   Code   RO         5363    .ARM.Collect$$libinit$$00000019  c_w.l(libinit2.o)
    0x0800016e   0x0800016e   0x00000000   Code   RO         5365    .ARM.Collect$$libinit$$0000001B  c_w.l(libinit2.o)
    0x0800016e   0x0800016e   0x00000000   Code   RO         5367    .ARM.Collect$$libinit$$0000001D  c_w.l(libinit2.o)
    0x0800016e   0x0800016e   0x00000000   Code   RO         5369    .ARM.Collect$$libinit$$0000001F  c_w.l(libinit2.o)
    0x0800016e   0x0800016e   0x00000000   Code   RO         5371    .ARM.Collect$$libinit$$00000021  c_w.l(libinit2.o)
    0x0800016e   0x0800016e   0x00000000   Code   RO         5373    .ARM.Collect$$libinit$$00000023  c_w.l(libinit2.o)
    0x0800016e   0x0800016e   0x00000000   Code   RO         5375    .ARM.Collect$$libinit$$00000025  c_w.l(libinit2.o)
    0x0800016e   0x0800016e   0x00000000   Code   RO         5379    .ARM.Collect$$libinit$$0000002C  c_w.l(libinit2.o)
    0x0800016e   0x0800016e   0x00000000   Code   RO         5381    .ARM.Collect$$libinit$$0000002E  c_w.l(libinit2.o)
    0x0800016e   0x0800016e   0x00000000   Code   RO         5383    .ARM.Collect$$libinit$$00000030  c_w.l(libinit2.o)
    0x0800016e   0x0800016e   0x00000000   Code   RO         5385    .ARM.Collect$$libinit$$00000032  c_w.l(libinit2.o)
    0x0800016e   0x0800016e   0x00000002   Code   RO         5386    .ARM.Collect$$libinit$$00000033  c_w.l(libinit2.o)
    0x08000170   0x08000170   0x00000002   Code   RO         5510    .ARM.Collect$$libshutdown$$00000000  c_w.l(libshutdown.o)
    0x08000172   0x08000172   0x00000000   Code   RO         5464    .ARM.Collect$$libshutdown$$00000002  c_w.l(libshutdown2.o)
    0x08000172   0x08000172   0x00000000   Code   RO         5466    .ARM.Collect$$libshutdown$$00000004  c_w.l(libshutdown2.o)
    0x08000172   0x08000172   0x00000000   Code   RO         5468    .ARM.Collect$$libshutdown$$00000006  c_w.l(libshutdown2.o)
    0x08000172   0x08000172   0x00000000   Code   RO         5471    .ARM.Collect$$libshutdown$$00000009  c_w.l(libshutdown2.o)
    0x08000172   0x08000172   0x00000000   Code   RO         5474    .ARM.Collect$$libshutdown$$0000000C  c_w.l(libshutdown2.o)
    0x08000172   0x08000172   0x00000000   Code   RO         5476    .ARM.Collect$$libshutdown$$0000000E  c_w.l(libshutdown2.o)
    0x08000172   0x08000172   0x00000000   Code   RO         5479    .ARM.Collect$$libshutdown$$00000011  c_w.l(libshutdown2.o)
    0x08000172   0x08000172   0x00000002   Code   RO         5480    .ARM.Collect$$libshutdown$$00000012  c_w.l(libshutdown2.o)
    0x08000174   0x08000174   0x00000000   Code   RO         5314    .ARM.Collect$$rtentry$$00000000  c_w.l(__rtentry.o)
    0x08000174   0x08000174   0x00000000   Code   RO         5393    .ARM.Collect$$rtentry$$00000002  c_w.l(__rtentry2.o)
    0x08000174   0x08000174   0x00000006   Code   RO         5405    .ARM.Collect$$rtentry$$00000004  c_w.l(__rtentry4.o)
    0x0800017a   0x0800017a   0x00000000   Code   RO         5395    .ARM.Collect$$rtentry$$00000009  c_w.l(__rtentry2.o)
    0x0800017a   0x0800017a   0x00000004   Code   RO         5396    .ARM.Collect$$rtentry$$0000000A  c_w.l(__rtentry2.o)
    0x0800017e   0x0800017e   0x00000000   Code   RO         5398    .ARM.Collect$$rtentry$$0000000C  c_w.l(__rtentry2.o)
    0x0800017e   0x0800017e   0x00000008   Code   RO         5399    .ARM.Collect$$rtentry$$0000000D  c_w.l(__rtentry2.o)
    0x08000186   0x08000186   0x00000002   Code   RO         5453    .ARM.Collect$$rtexit$$00000000  c_w.l(rtexit.o)
    0x08000188   0x08000188   0x00000000   Code   RO         5484    .ARM.Collect$$rtexit$$00000002  c_w.l(rtexit2.o)
    0x08000188   0x08000188   0x00000004   Code   RO         5485    .ARM.Collect$$rtexit$$00000003  c_w.l(rtexit2.o)
    0x0800018c   0x0800018c   0x00000006   Code   RO         5486    .ARM.Collect$$rtexit$$00000004  c_w.l(rtexit2.o)
    0x08000192   0x08000192   0x00000002   PAD
    0x08000194   0x08000194   0x00000034   Code   RO         5289    .emb_text           c_w.l(rand.o)
    0x080001c8   0x080001c8   0x00000000   Code   RO         5409    .emb_text           c_w.l(maybetermalloc1.o)
    0x080001c8   0x080001c8   0x00000040   Code   RO            4    .text               startup_stm32f103xb.o
    0x08000208   0x08000208   0x0000005e   Code   RO         5229    .text               c_w.l(h1_alloc.o)
    0x08000266   0x08000266   0x0000004e   Code   RO         5231    .text               c_w.l(h1_free.o)
    0x080002b4   0x080002b4   0x0000003c   Code   RO         5290    .text               c_w.l(rand.o)
    0x080002f0   0x080002f0   0x00000058   Code   RO         5294    .text               c_w.l(memcmp.o)
    0x08000348   0x08000348   0x0000003e   Code   RO         5296    .text               c_w.l(strlen.o)
    0x08000386   0x08000386   0x00000018   Code   RO         5298    .text               c_w.l(strcat.o)
    0x0800039e   0x0800039e   0x0000008a   Code   RO         5300    .text               c_w.l(rt_memcpy_v6.o)
    0x08000428   0x08000428   0x00000064   Code   RO         5302    .text               c_w.l(rt_memcpy_w.o)
    0x0800048c   0x0800048c   0x00000044   Code   RO         5304    .text               c_w.l(rt_memclr.o)
    0x080004d0   0x080004d0   0x0000004e   Code   RO         5306    .text               c_w.l(rt_memclr_w.o)
    0x0800051e   0x0800051e   0x00000006   Code   RO         5308    .text               c_w.l(heapauxi.o)
    0x08000524   0x08000524   0x00000008   Code   RO         5318    .text               c_w.l(rt_heap_descriptor_intlibspace.o)
    0x0800052c   0x0800052c   0x00000004   Code   RO         5320    .text               c_w.l(hguard.o)
    0x08000530   0x08000530   0x0000008a   Code   RO         5322    .text               c_w.l(init_alloc.o)
    0x080005ba   0x080005ba   0x0000000e   Code   RO         5326    .text               c_w.l(h1_init.o)
    0x080005c8   0x080005c8   0x00000008   Code   RO         5389    .text               c_w.l(libspace.o)
    0x080005d0   0x080005d0   0x00000034   Code   RO         5411    .text               c_w.l(h1_extend.o)
    0x08000604   0x08000604   0x0000000e   Code   RO         5415    .text               c_w.l(defsig_rtmem_outer.o)
    0x08000612   0x08000612   0x00000002   Code   RO         5426    .text               c_w.l(use_no_semi.o)
    0x08000614   0x08000614   0x00000000   Code   RO         5428    .text               c_w.l(indicate_semi.o)
    0x08000614   0x08000614   0x0000004a   Code   RO         5429    .text               c_w.l(sys_stackheap_outer.o)
    0x0800065e   0x0800065e   0x00000012   Code   RO         5435    .text               c_w.l(exit.o)
    0x08000670   0x08000670   0x0000000a   Code   RO         5437    .text               c_w.l(defsig_exit.o)
    0x0800067a   0x0800067a   0x00000002   PAD
    0x0800067c   0x0800067c   0x00000050   Code   RO         5439    .text               c_w.l(defsig_rtmem_inner.o)
    0x080006cc   0x080006cc   0x0000000c   Code   RO         5451    .text               c_w.l(sys_exit.o)
    0x080006d8   0x080006d8   0x00000032   Code   RO         5461    .text               c_w.l(defsig_general.o)
    0x0800070a   0x0800070a   0x0000000e   Code   RO         5481    .text               c_w.l(sys_wrch.o)
    0x08000718   0x08000718   0x0000005c   Code   RO          634    i.ADC_ConversionStop_Disable  stm32f1xx_hal_adc.o
    0x08000774   0x08000774   0x00000042   Code   RO         4905    i.AES_CBC_decrypt_buffer  aes.o
    0x080007b6   0x080007b6   0x0000003c   Code   RO         4906    i.AES_CBC_encrypt_buffer  aes.o
    0x080007f2   0x080007f2   0x0000001e   Code   RO         4912    i.AES_init_ctx_iv   aes.o
    0x08000810   0x08000810   0x00000038   Code   RO         4913    i.AddRoundKey       aes.o
    0x08000848   0x08000848   0x00000010   Code   RO           13    i.BLE_ConnectionLost  main.o
    0x08000858   0x08000858   0x00000224   Code   RO           14    i.BLE_EvaluateCommand  main.o
    0x08000a7c   0x08000a7c   0x00000004   Code   RO          281    i.BusFault_Handler  stm32f1xx_it.o
    0x08000a80   0x08000a80   0x00000040   Code   RO         4781    i.Check_License     license.o
    0x08000ac0   0x08000ac0   0x00000052   Code   RO         4914    i.Cipher            aes.o
    0x08000b12   0x08000b12   0x00000002   PAD
    0x08000b14   0x08000b14   0x0000002c   Code   RO          282    i.DMA1_Channel5_IRQHandler  stm32f1xx_it.o
    0x08000b40   0x08000b40   0x0000002c   Code   RO         1295    i.DMA_SetConfig     stm32f1xx_hal_dma.o
    0x08000b6c   0x08000b6c   0x00000002   Code   RO          283    i.DebugMon_Handler  stm32f1xx_it.o
    0x08000b6e   0x08000b6e   0x00000002   PAD
    0x08000b70   0x08000b70   0x00000028   Code   RO         4864    i.EEPROM_Init       eeprom.o
    0x08000b98   0x08000b98   0x0000010c   Code   RO         4865    i.EEPROM_Read       eeprom.o
    0x08000ca4   0x08000ca4   0x00000150   Code   RO         4866    i.EEPROM_Write      eeprom.o
    0x08000df4   0x08000df4   0x00000002   Code   RO         5110    i.ESL_Init          esl.o
    0x08000df6   0x08000df6   0x00000002   Code   RO         5111    i.ESL_Receive       esl.o
    0x08000df8   0x08000df8   0x00000002   Code   RO         5112    i.ESL_Update        esl.o
    0x08000dfa   0x08000dfa   0x00000006   Code   RO           15    i.Error_Handler     main.o
    0x08000e00   0x08000e00   0x00000160   Code   RO          640    i.HAL_ADC_ConfigChannel  stm32f1xx_hal_adc.o
    0x08000f60   0x08000f60   0x00000144   Code   RO          649    i.HAL_ADC_Init      stm32f1xx_hal_adc.o
    0x080010a4   0x080010a4   0x00000030   Code   RO          384    i.HAL_ADC_MspDeInit  stm32f1xx_hal_msp.o
    0x080010d4   0x080010d4   0x00000070   Code   RO          385    i.HAL_ADC_MspInit   stm32f1xx_hal_msp.o
    0x08001144   0x08001144   0x00000002   Code   RO         1924    i.HAL_CAN_ErrorCallback  stm32f1xx_hal_can.o
    0x08001146   0x08001146   0x0000024e   Code   RO         1931    i.HAL_CAN_IRQHandler  stm32f1xx_hal_can.o
    0x08001394   0x08001394   0x00000174   Code   RO         1932    i.HAL_CAN_Init      stm32f1xx_hal_can.o
    0x08001508   0x08001508   0x00000038   Code   RO          386    i.HAL_CAN_MspDeInit  stm32f1xx_hal_msp.o
    0x08001540   0x08001540   0x00000098   Code   RO          387    i.HAL_CAN_MspInit   stm32f1xx_hal_msp.o
    0x080015d8   0x080015d8   0x00000002   Code   RO         1939    i.HAL_CAN_RxFifo0FullCallback  stm32f1xx_hal_can.o
    0x080015da   0x080015da   0x00000002   Code   RO         1940    i.HAL_CAN_RxFifo0MsgPendingCallback  stm32f1xx_hal_can.o
    0x080015dc   0x080015dc   0x00000002   Code   RO         1941    i.HAL_CAN_RxFifo1FullCallback  stm32f1xx_hal_can.o
    0x080015de   0x080015de   0x00000002   Code   RO         1942    i.HAL_CAN_RxFifo1MsgPendingCallback  stm32f1xx_hal_can.o
    0x080015e0   0x080015e0   0x00000002   Code   RO         1943    i.HAL_CAN_SleepCallback  stm32f1xx_hal_can.o
    0x080015e2   0x080015e2   0x00000002   Code   RO         1946    i.HAL_CAN_TxMailbox0AbortCallback  stm32f1xx_hal_can.o
    0x080015e4   0x080015e4   0x00000002   Code   RO         1947    i.HAL_CAN_TxMailbox0CompleteCallback  stm32f1xx_hal_can.o
    0x080015e6   0x080015e6   0x00000002   Code   RO         1948    i.HAL_CAN_TxMailbox1AbortCallback  stm32f1xx_hal_can.o
    0x080015e8   0x080015e8   0x00000002   Code   RO         1949    i.HAL_CAN_TxMailbox1CompleteCallback  stm32f1xx_hal_can.o
    0x080015ea   0x080015ea   0x00000002   Code   RO         1950    i.HAL_CAN_TxMailbox2AbortCallback  stm32f1xx_hal_can.o
    0x080015ec   0x080015ec   0x00000002   Code   RO         1951    i.HAL_CAN_TxMailbox2CompleteCallback  stm32f1xx_hal_can.o
    0x080015ee   0x080015ee   0x00000002   Code   RO         1953    i.HAL_CAN_WakeUpFromRxMsgCallback  stm32f1xx_hal_can.o
    0x080015f0   0x080015f0   0x00000020   Code   RO         2156    i.HAL_CRC_Init      stm32f1xx_hal_crc.o
    0x08001610   0x08001610   0x00000020   Code   RO          388    i.HAL_CRC_MspDeInit  stm32f1xx_hal_msp.o
    0x08001630   0x08001630   0x00000030   Code   RO          389    i.HAL_CRC_MspInit   stm32f1xx_hal_msp.o
    0x08001660   0x08001660   0x00000056   Code   RO         1296    i.HAL_DMA_Abort     stm32f1xx_hal_dma.o
    0x080016b6   0x080016b6   0x00000002   PAD
    0x080016b8   0x080016b8   0x000000b0   Code   RO         1297    i.HAL_DMA_Abort_IT  stm32f1xx_hal_dma.o
    0x08001768   0x08001768   0x00000068   Code   RO         1298    i.HAL_DMA_DeInit    stm32f1xx_hal_dma.o
    0x080017d0   0x080017d0   0x0000019c   Code   RO         1301    i.HAL_DMA_IRQHandler  stm32f1xx_hal_dma.o
    0x0800196c   0x0800196c   0x00000068   Code   RO         1302    i.HAL_DMA_Init      stm32f1xx_hal_dma.o
    0x080019d4   0x080019d4   0x0000009c   Code   RO         1306    i.HAL_DMA_Start_IT  stm32f1xx_hal_dma.o
    0x08001a70   0x08001a70   0x00000024   Code   RO          916    i.HAL_DeInit        stm32f1xx_hal.o
    0x08001a94   0x08001a94   0x00000028   Code   RO          917    i.HAL_Delay         stm32f1xx_hal.o
    0x08001abc   0x08001abc   0x00000134   Code   RO         1229    i.HAL_GPIO_DeInit   stm32f1xx_hal_gpio.o
    0x08001bf0   0x08001bf0   0x00000320   Code   RO         1232    i.HAL_GPIO_Init     stm32f1xx_hal_gpio.o
    0x08001f10   0x08001f10   0x0000000c   Code   RO         1236    i.HAL_GPIO_WritePin  stm32f1xx_hal_gpio.o
    0x08001f1c   0x08001f1c   0x0000000c   Code   RO          921    i.HAL_GetTick       stm32f1xx_hal.o
    0x08001f28   0x08001f28   0x000001d0   Code   RO         2223    i.HAL_I2C_Init      stm32f1xx_hal_i2c.o
    0x080020f8   0x080020f8   0x000001b8   Code   RO         2224    i.HAL_I2C_IsDeviceReady  stm32f1xx_hal_i2c.o
    0x080022b0   0x080022b0   0x00000364   Code   RO         2241    i.HAL_I2C_Mem_Read  stm32f1xx_hal_i2c.o
    0x08002614   0x08002614   0x00000164   Code   RO         2244    i.HAL_I2C_Mem_Write  stm32f1xx_hal_i2c.o
    0x08002778   0x08002778   0x00000038   Code   RO          390    i.HAL_I2C_MspDeInit  stm32f1xx_hal_msp.o
    0x080027b0   0x080027b0   0x0000008c   Code   RO          391    i.HAL_I2C_MspInit   stm32f1xx_hal_msp.o
    0x0800283c   0x0800283c   0x00000018   Code   RO          927    i.HAL_IncTick       stm32f1xx_hal.o
    0x08002854   0x08002854   0x00000028   Code   RO          928    i.HAL_Init          stm32f1xx_hal.o
    0x0800287c   0x0800287c   0x0000004c   Code   RO          929    i.HAL_InitTick      stm32f1xx_hal.o
    0x080028c8   0x080028c8   0x00000092   Code   RO         3998    i.HAL_LIN_Init      stm32f1xx_hal_uart.o
    0x0800295a   0x0800295a   0x00000002   Code   RO          930    i.HAL_MspDeInit     stm32f1xx_hal.o
    0x0800295c   0x0800295c   0x00000054   Code   RO          392    i.HAL_MspInit       stm32f1xx_hal_msp.o
    0x080029b0   0x080029b0   0x00000044   Code   RO         1391    i.HAL_NVIC_DisableIRQ  stm32f1xx_hal_cortex.o
    0x080029f4   0x080029f4   0x00000020   Code   RO         1392    i.HAL_NVIC_EnableIRQ  stm32f1xx_hal_cortex.o
    0x08002a14   0x08002a14   0x0000007c   Code   RO         1398    i.HAL_NVIC_SetPriority  stm32f1xx_hal_cortex.o
    0x08002a90   0x08002a90   0x00000028   Code   RO         1399    i.HAL_NVIC_SetPriorityGrouping  stm32f1xx_hal_cortex.o
    0x08002ab8   0x08002ab8   0x00000130   Code   RO         1194    i.HAL_RCCEx_PeriphCLKConfig  stm32f1xx_hal_rcc_ex.o
    0x08002be8   0x08002be8   0x0000018c   Code   RO         1085    i.HAL_RCC_ClockConfig  stm32f1xx_hal_rcc.o
    0x08002d74   0x08002d74   0x00000110   Code   RO         1086    i.HAL_RCC_DeInit    stm32f1xx_hal_rcc.o
    0x08002e84   0x08002e84   0x0000000c   Code   RO         1090    i.HAL_RCC_GetHCLKFreq  stm32f1xx_hal_rcc.o
    0x08002e90   0x08002e90   0x00000020   Code   RO         1092    i.HAL_RCC_GetPCLK1Freq  stm32f1xx_hal_rcc.o
    0x08002eb0   0x08002eb0   0x00000020   Code   RO         1093    i.HAL_RCC_GetPCLK2Freq  stm32f1xx_hal_rcc.o
    0x08002ed0   0x08002ed0   0x00000074   Code   RO         1094    i.HAL_RCC_GetSysClockFreq  stm32f1xx_hal_rcc.o
    0x08002f44   0x08002f44   0x00000064   Code   RO         1095    i.HAL_RCC_MCOConfig  stm32f1xx_hal_rcc.o
    0x08002fa8   0x08002fa8   0x00000464   Code   RO         1097    i.HAL_RCC_OscConfig  stm32f1xx_hal_rcc.o
    0x0800340c   0x0800340c   0x000000be   Code   RO         2700    i.HAL_SPI_Init      stm32f1xx_hal_spi.o
    0x080034ca   0x080034ca   0x00000002   PAD
    0x080034cc   0x080034cc   0x00000030   Code   RO          393    i.HAL_SPI_MspDeInit  stm32f1xx_hal_msp.o
    0x080034fc   0x080034fc   0x00000084   Code   RO          394    i.HAL_SPI_MspInit   stm32f1xx_hal_msp.o
    0x08003580   0x08003580   0x00000034   Code   RO         1403    i.HAL_SYSTICK_Config  stm32f1xx_hal_cortex.o
    0x080035b4   0x080035b4   0x00000084   Code   RO         3747    i.HAL_TIMEx_MasterConfigSynchronization  stm32f1xx_hal_tim_ex.o
    0x08003638   0x08003638   0x00000066   Code   RO         3013    i.HAL_TIM_Base_Init  stm32f1xx_hal_tim.o
    0x0800369e   0x0800369e   0x00000002   PAD
    0x080036a0   0x080036a0   0x00000058   Code   RO          396    i.HAL_TIM_Base_MspInit  stm32f1xx_hal_msp.o
    0x080036f8   0x080036f8   0x0000010c   Code   RO         3022    i.HAL_TIM_ConfigClockSource  stm32f1xx_hal_tim.o
    0x08003804   0x08003804   0x000000ac   Code   RO          397    i.HAL_TIM_MspPostInit  stm32f1xx_hal_msp.o
    0x080038b0   0x080038b0   0x00000104   Code   RO         3085    i.HAL_TIM_PWM_ConfigChannel  stm32f1xx_hal_tim.o
    0x080039b4   0x080039b4   0x00000066   Code   RO         3088    i.HAL_TIM_PWM_Init  stm32f1xx_hal_tim.o
    0x08003a1a   0x08003a1a   0x00000002   Code   RO         3090    i.HAL_TIM_PWM_MspInit  stm32f1xx_hal_tim.o
    0x08003a1c   0x08003a1c   0x000000d4   Code   RO         3093    i.HAL_TIM_PWM_Start  stm32f1xx_hal_tim.o
    0x08003af0   0x08003af0   0x00000002   Code   RO         4007    i.HAL_UARTEx_RxEventCallback  stm32f1xx_hal_uart.o
    0x08003af2   0x08003af2   0x00000002   Code   RO         4021    i.HAL_UART_ErrorCallback  stm32f1xx_hal_uart.o
    0x08003af4   0x08003af4   0x000002e4   Code   RO         4024    i.HAL_UART_IRQHandler  stm32f1xx_hal_uart.o
    0x08003dd8   0x08003dd8   0x00000076   Code   RO         4025    i.HAL_UART_Init     stm32f1xx_hal_uart.o
    0x08003e4e   0x08003e4e   0x00000002   PAD
    0x08003e50   0x08003e50   0x0000006c   Code   RO          398    i.HAL_UART_MspDeInit  stm32f1xx_hal_msp.o
    0x08003ebc   0x08003ebc   0x00000154   Code   RO          399    i.HAL_UART_MspInit  stm32f1xx_hal_msp.o
    0x08004010   0x08004010   0x0000002c   Code   RO         4029    i.HAL_UART_Receive_DMA  stm32f1xx_hal_uart.o
    0x0800403c   0x0800403c   0x00000002   Code   RO         4031    i.HAL_UART_RxCpltCallback  stm32f1xx_hal_uart.o
    0x0800403e   0x0800403e   0x00000002   Code   RO         4032    i.HAL_UART_RxHalfCpltCallback  stm32f1xx_hal_uart.o
    0x08004040   0x08004040   0x00000002   Code   RO         4036    i.HAL_UART_TxCpltCallback  stm32f1xx_hal_uart.o
    0x08004042   0x08004042   0x00000004   Code   RO          284    i.HardFault_Handler  stm32f1xx_it.o
    0x08004046   0x08004046   0x0000003e   Code   RO         2267    i.I2C_IsAcknowledgeFailed  stm32f1xx_hal_i2c.o
    0x08004084   0x08004084   0x00000160   Code   RO         2278    i.I2C_RequestMemoryRead  stm32f1xx_hal_i2c.o
    0x080041e4   0x080041e4   0x000000e0   Code   RO         2279    i.I2C_RequestMemoryWrite  stm32f1xx_hal_i2c.o
    0x080042c4   0x080042c4   0x00000066   Code   RO         2287    i.I2C_WaitOnBTFFlagUntilTimeout  stm32f1xx_hal_i2c.o
    0x0800432a   0x0800432a   0x000000be   Code   RO         2288    i.I2C_WaitOnFlagUntilTimeout  stm32f1xx_hal_i2c.o
    0x080043e8   0x080043e8   0x000000fa   Code   RO         2289    i.I2C_WaitOnMasterAddressFlagUntilTimeout  stm32f1xx_hal_i2c.o
    0x080044e2   0x080044e2   0x0000008a   Code   RO         2290    i.I2C_WaitOnRXNEFlagUntilTimeout  stm32f1xx_hal_i2c.o
    0x0800456c   0x0800456c   0x00000066   Code   RO         2293    i.I2C_WaitOnTXEFlagUntilTimeout  stm32f1xx_hal_i2c.o
    0x080045d2   0x080045d2   0x00000052   Code   RO         4915    i.InvCipher         aes.o
    0x08004624   0x08004624   0x000004a0   Code   RO         4916    i.InvMixColumns     aes.o
    0x08004ac4   0x08004ac4   0x00000032   Code   RO         4917    i.InvShiftRows      aes.o
    0x08004af6   0x08004af6   0x00000002   PAD
    0x08004af8   0x08004af8   0x00000034   Code   RO         4918    i.InvSubBytes       aes.o
    0x08004b2c   0x08004b2c   0x00000158   Code   RO         4919    i.KeyExpansion      aes.o
    0x08004c84   0x08004c84   0x00000002   Code   RO           16    i.LED_Blue_Callback  main.o
    0x08004c86   0x08004c86   0x00000002   Code   RO           17    i.LED_Green_Callback  main.o
    0x08004c88   0x08004c88   0x00000038   Code   RO           18    i.LED_Red_Callback  main.o
    0x08004cc0   0x08004cc0   0x000000b0   Code   RO         5152    i.LIN_UART_ISR      lin_slave.o
    0x08004d70   0x08004d70   0x00000040   Code   RO         4782    i.License_Check_Unique_HASH  license.o
    0x08004db0   0x08004db0   0x00000022   Code   RO         4783    i.License_SetPrimary  license.o
    0x08004dd2   0x08004dd2   0x00000002   PAD
    0x08004dd4   0x08004dd4   0x000000ec   Code   RO         4784    i.License_UniqueEncryption  license.o
    0x08004ec0   0x08004ec0   0x0000005c   Code   RO           19    i.MX_ADC1_Init      main.o
    0x08004f1c   0x08004f1c   0x00000048   Code   RO           20    i.MX_CAN_Init       main.o
    0x08004f64   0x08004f64   0x00000020   Code   RO           21    i.MX_CRC_Init       main.o
    0x08004f84   0x08004f84   0x00000034   Code   RO           22    i.MX_DMA_Init       main.o
    0x08004fb8   0x08004fb8   0x00000154   Code   RO           23    i.MX_GPIO_Init      main.o
    0x0800510c   0x0800510c   0x0000003c   Code   RO           24    i.MX_I2C1_Init      main.o
    0x08005148   0x08005148   0x00000044   Code   RO           25    i.MX_SPI1_Init      main.o
    0x0800518c   0x0800518c   0x000000a4   Code   RO           26    i.MX_TIM3_Init      main.o
    0x08005230   0x08005230   0x000000b4   Code   RO           27    i.MX_TIM4_Init      main.o
    0x080052e4   0x080052e4   0x00000048   Code   RO           28    i.MX_USART1_UART_Init  main.o
    0x0800532c   0x0800532c   0x00000034   Code   RO           29    i.MX_USART3_UART_Init  main.o
    0x08005360   0x08005360   0x00000004   Code   RO          285    i.MemManage_Handler  stm32f1xx_it.o
    0x08005364   0x08005364   0x000000d4   Code   RO         4920    i.MixColumns        aes.o
    0x08005438   0x08005438   0x00000004   Code   RO          286    i.NMI_Handler       stm32f1xx_it.o
    0x0800543c   0x0800543c   0x00000002   Code   RO          287    i.PendSV_Handler    stm32f1xx_it.o
    0x0800543e   0x0800543e   0x00000002   PAD
    0x08005440   0x08005440   0x00000028   Code   RO         1098    i.RCC_Delay         stm32f1xx_hal_rcc.o
    0x08005468   0x08005468   0x00000002   Code   RO          288    i.SVC_Handler       stm32f1xx_it.o
    0x0800546a   0x0800546a   0x0000003e   Code   RO         4408    i.Serial_HeadCommand  serialprotocol.o
    0x080054a8   0x080054a8   0x00000012   Code   RO         4409    i.Serial_HeadReply  serialprotocol.o
    0x080054ba   0x080054ba   0x00000048   Code   RO         4410    i.Serial_HeadResponse  serialprotocol.o
    0x08005502   0x08005502   0x0000005a   Code   RO         4411    i.Serial_Protocol_Init  serialprotocol.o
    0x0800555c   0x0800555c   0x0000002e   Code   RO         4414    i.Serial_ReadArray  serialprotocol.o
    0x0800558a   0x0800558a   0x0000002a   Code   RO         4417    i.Serial_SendArray  serialprotocol.o
    0x080055b4   0x080055b4   0x00000018   Code   RO         4420    i.Serial_SendRequest  serialprotocol.o
    0x080055cc   0x080055cc   0x0000002e   Code   RO         4421    i.Serial_SendString  serialprotocol.o
    0x080055fa   0x080055fa   0x00000022   Code   RO         4424    i.Serial_SendUint8  serialprotocol.o
    0x0800561c   0x0800561c   0x00000030   Code   RO         4429    i.Serial_WriteArray  serialprotocol.o
    0x0800564c   0x0800564c   0x0000001e   Code   RO         4430    i.Serial_WriteByte  serialprotocol.o
    0x0800566a   0x0800566a   0x00000012   Code   RO         4431    i.Serial_WriteChecksum  serialprotocol.o
    0x0800567c   0x0800567c   0x0000002a   Code   RO         4432    i.Serial_WriteString  serialprotocol.o
    0x080056a6   0x080056a6   0x00000032   Code   RO         4921    i.ShiftRows         aes.o
    0x080056d8   0x080056d8   0x000000fc   Code   RO         4598    i.SmartLED_Check    smartled.o
    0x080057d4   0x080057d4   0x0000007c   Code   RO         4602    i.SmartLED_Init     smartled.o
    0x08005850   0x08005850   0x0000001e   Code   RO         4603    i.SmartLED_Off      smartled.o
    0x0800586e   0x0800586e   0x0000001e   Code   RO         4604    i.SmartLED_On       smartled.o
    0x0800588c   0x0800588c   0x00000078   Code   RO         4606    i.SmartLED_SetMode  smartled.o
    0x08005904   0x08005904   0x00000022   Code   RO         4609    i.SmartLED_Toggle   smartled.o
    0x08005926   0x08005926   0x00000002   PAD
    0x08005928   0x08005928   0x00000068   Code   RO         4610    i.SmartLED_Update   smartled.o
    0x08005990   0x08005990   0x00000034   Code   RO         4922    i.SubBytes          aes.o
    0x080059c4   0x080059c4   0x0000000c   Code   RO          289    i.SysTick_Handler   stm32f1xx_it.o
    0x080059d0   0x080059d0   0x00000090   Code   RO           30    i.SystemClock_Config  main.o
    0x08005a60   0x08005a60   0x00000002   Code   RO         4369    i.SystemInit        system_stm32f1xx.o
    0x08005a62   0x08005a62   0x00000002   PAD
    0x08005a64   0x08005a64   0x00000074   Code   RO         3106    i.TIM_Base_SetConfig  stm32f1xx_hal_tim.o
    0x08005ad8   0x08005ad8   0x00000022   Code   RO         3107    i.TIM_CCxChannelCmd  stm32f1xx_hal_tim.o
    0x08005afa   0x08005afa   0x00000016   Code   RO         3117    i.TIM_ETR_SetConfig  stm32f1xx_hal_tim.o
    0x08005b10   0x08005b10   0x00000012   Code   RO         3118    i.TIM_ITRx_SetConfig  stm32f1xx_hal_tim.o
    0x08005b22   0x08005b22   0x00000002   PAD
    0x08005b24   0x08005b24   0x00000060   Code   RO         3119    i.TIM_OC1_SetConfig  stm32f1xx_hal_tim.o
    0x08005b84   0x08005b84   0x00000068   Code   RO         3120    i.TIM_OC2_SetConfig  stm32f1xx_hal_tim.o
    0x08005bec   0x08005bec   0x00000068   Code   RO         3121    i.TIM_OC3_SetConfig  stm32f1xx_hal_tim.o
    0x08005c54   0x08005c54   0x00000048   Code   RO         3122    i.TIM_OC4_SetConfig  stm32f1xx_hal_tim.o
    0x08005c9c   0x08005c9c   0x00000026   Code   RO         3124    i.TIM_TI1_ConfigInputStage  stm32f1xx_hal_tim.o
    0x08005cc2   0x08005cc2   0x00000028   Code   RO         3126    i.TIM_TI2_ConfigInputStage  stm32f1xx_hal_tim.o
    0x08005cea   0x08005cea   0x00000002   PAD
    0x08005cec   0x08005cec   0x0000000c   Code   RO         4702    i.UART1_Available   serialfifo.o
    0x08005cf8   0x08005cf8   0x00000018   Code   RO         4704    i.UART1_Init        serialfifo.o
    0x08005d10   0x08005d10   0x00000088   Code   RO         4705    i.UART1_Read        serialfifo.o
    0x08005d98   0x08005d98   0x000000a0   Code   RO         4708    i.UART1_Transmit_IRQ  serialfifo.o
    0x08005e38   0x08005e38   0x000000fc   Code   RO         4709    i.UART1_Write       serialfifo.o
    0x08005f34   0x08005f34   0x00000014   Code   RO         4038    i.UART_DMAAbortOnError  stm32f1xx_hal_uart.o
    0x08005f48   0x08005f48   0x00000050   Code   RO         4039    i.UART_DMAError     stm32f1xx_hal_uart.o
    0x08005f98   0x08005f98   0x000000b4   Code   RO         4040    i.UART_DMAReceiveCplt  stm32f1xx_hal_uart.o
    0x0800604c   0x0800604c   0x00000024   Code   RO         4042    i.UART_DMARxHalfCplt  stm32f1xx_hal_uart.o
    0x08006070   0x08006070   0x0000006c   Code   RO         4048    i.UART_EndRxTransfer  stm32f1xx_hal_uart.o
    0x080060dc   0x080060dc   0x00000020   Code   RO         4049    i.UART_EndTransmit_IT  stm32f1xx_hal_uart.o
    0x080060fc   0x080060fc   0x00000026   Code   RO         4050    i.UART_EndTxTransfer  stm32f1xx_hal_uart.o
    0x08006122   0x08006122   0x000000fc   Code   RO         4051    i.UART_Receive_IT   stm32f1xx_hal_uart.o
    0x0800621e   0x0800621e   0x00000002   PAD
    0x08006220   0x08006220   0x000000fc   Code   RO         4052    i.UART_SetConfig    stm32f1xx_hal_uart.o
    0x0800631c   0x0800631c   0x000000c8   Code   RO         4053    i.UART_Start_Receive_DMA  stm32f1xx_hal_uart.o
    0x080063e4   0x080063e4   0x00000060   Code   RO         4055    i.UART_Transmit_IT  stm32f1xx_hal_uart.o
    0x08006444   0x08006444   0x00000028   Code   RO         5156    i.UB_LIN_checkID    lin_slave.o
    0x0800646c   0x0800646c   0x00000110   Code   RO          290    i.USART1_IRQHandler  stm32f1xx_it.o
    0x0800657c   0x0800657c   0x00000014   Code   RO          291    i.USART3_IRQHandler  stm32f1xx_it.o
    0x08006590   0x08006590   0x00000010   Code   RO          292    i.USB_LP_CAN1_RX0_IRQHandler  stm32f1xx_it.o
    0x080065a0   0x080065a0   0x00000004   Code   RO          293    i.UsageFault_Handler  stm32f1xx_it.o
    0x080065a4   0x080065a4   0x0000001a   Code   RO         4923    i.XorWithIv         aes.o
    0x080065be   0x080065be   0x00000002   PAD
    0x080065c0   0x080065c0   0x00000010   Code   RO         1405    i.__NVIC_GetPriorityGrouping  stm32f1xx_hal_cortex.o
    0x080065d0   0x080065d0   0x00000028   Code   RO         1406    i.__NVIC_SetPriority  stm32f1xx_hal_cortex.o
    0x080065f8   0x080065f8   0x00000044   Code   RO         4785    i.create_key_iv     license.o
    0x0800663c   0x0800663c   0x000000d0   Code   RO           31    i.deinitEverything  main.o
    0x0800670c   0x0800670c   0x00000110   Code   RO           32    i.main              main.o
    0x0800681c   0x0800681c   0x000000ea   Code   RO         5027    i.md5_final         md5.o
    0x08006906   0x08006906   0x00000002   PAD
    0x08006908   0x08006908   0x00000028   Code   RO         5028    i.md5_init          md5.o
    0x08006930   0x08006930   0x00000a80   Code   RO         5029    i.md5_transform     md5.o
    0x080073b0   0x080073b0   0x00000044   Code   RO         5030    i.md5_update        md5.o
    0x080073f4   0x080073f4   0x000000c8   Code   RO         4786    i.read_and_decrypt_unique_id  license.o
    0x080074bc   0x080074bc   0x0000013c   Code   RO         5072    i.sha256_final      sha256.o
    0x080075f8   0x080075f8   0x0000004c   Code   RO         5073    i.sha256_init       sha256.o
    0x08007644   0x08007644   0x00000234   Code   RO         5074    i.sha256_transform  sha256.o
    0x08007878   0x08007878   0x00000044   Code   RO         5075    i.sha256_update     sha256.o
    0x080078bc   0x080078bc   0x0000001c   Code   RO         4787    i.shiftArrayRight   license.o
    0x080078d8   0x080078d8   0x00000014   Code   RO         4924    i.xtime             aes.o
    0x080078ec   0x080078ec   0x00000012   Data   RO         1099    .constdata          stm32f1xx_hal_rcc.o
    0x080078fe   0x080078fe   0x00000018   Data   RO         4370    .constdata          system_stm32f1xx.o
    0x08007916   0x08007916   0x00000002   PAD
    0x08007918   0x08007918   0x0000002c   Data   RO         4612    .constdata          smartled.o
    0x08007944   0x08007944   0x00000160   Data   RO         4789    .constdata          license.o
    0x08007aa4   0x08007aa4   0x00000050   Data   RO         4867    .constdata          eeprom.o
    0x08007af4   0x08007af4   0x0000020b   Data   RO         4925    .constdata          aes.o
    0x08007cff   0x08007cff   0x00000001   PAD
    0x08007d00   0x08007d00   0x00000100   Data   RO         5076    .constdata          sha256.o
    0x08007e00   0x08007e00   0x00000020   Data   RO         5511    Region$$Table       anon$$obj.o


    Execution Region RW_IRAM1 (Exec base: 0x20000000, Load base: 0x08007e20, Size: 0x00001038, Max: 0x00005000, ABSOLUTE)

    Exec Addr    Load Addr    Size         Type   Attr      Idx    E Section Name        Object

    0x20000000   0x08007e20   0x00000018   Data   RW           34    .data               main.o
    0x20000018   0x08007e38   0x00000009   Data   RW          935    .data               stm32f1xx_hal.o
    0x20000021   0x08007e41   0x00000003   PAD
    0x20000024   0x08007e44   0x00000004   Data   RW         4371    .data               system_stm32f1xx.o
    0x20000028   0x08007e48   0x00000002   Data   RW         4613    .data               smartled.o
    0x2000002a   0x08007e4a   0x00000002   PAD
    0x2000002c   0x08007e4c   0x00000008   Data   RW         4790    .data               license.o
    0x20000034   0x08007e54   0x00000005   Data   RW         4868    .data               eeprom.o
    0x20000039   0x08007e59   0x00000003   Data   RW         5161    .data               lin_slave.o
    0x2000003c        -       0x0000039c   Zero   RW           33    .bss                main.o
    0x200003d8        -       0x00000018   Zero   RW         4611    .bss                smartled.o
    0x200003f0        -       0x000004c0   Zero   RW         4711    .bss                serialfifo.o
    0x200008b0        -       0x00000030   Zero   RW         4788    .bss                license.o
    0x200008e0        -       0x0000000a   Zero   RW         5113    .bss                esl.o
    0x200008ea        -       0x0000000a   Zero   RW         5160    .bss                lin_slave.o
    0x200008f4        -       0x000000e4   Zero   RW         5291    .bss                c_w.l(rand.o)
    0x200009d8        -       0x00000060   Zero   RW         5390    .bss                c_w.l(libspace.o)
    0x20000a38        -       0x00000200   Zero   RW            2    HEAP                startup_stm32f103xb.o
    0x20000c38        -       0x00000400   Zero   RW            1    STACK               startup_stm32f103xb.o


==============================================================================

Image component sizes


      Code (inc. data)   RO Data    RW Data    ZI Data      Debug   Object Name

      2366         22        523          0          0      11088   aes.o
       644         56         80          5          0       4013   eeprom.o
         6          0          0          0         10       1585   esl.o
       694         66        352          8         48       8281   license.o
       216         20          0          3         10       3235   lin_slave.o
      2438        316          0         24        924     487948   main.o
      3030        264          0          0          0       6388   md5.o
       584         38          0          0       1216       4615   serialfifo.o
       572          0          0          0          0      11374   serialprotocol.o
      1024         38        256          0          0       4540   sha256.o
       694         40         44          2         24       7098   smartled.o
        64         26        236          0       1536        844   startup_stm32f103xb.o
       230         42          0          9          0       7222   stm32f1xx_hal.o
       768         24          0          0          0       3244   stm32f1xx_hal_adc.o
       988          0          0          0          0      10431   stm32f1xx_hal_can.o
       372         28          0          0          0      30377   stm32f1xx_hal_cortex.o
        32          0          0          0          0       1091   stm32f1xx_hal_crc.o
      1082         16          0          0          0       5759   stm32f1xx_hal_dma.o
      1120         58          0          0          0       3730   stm32f1xx_hal_gpio.o
      3548         62          0          0          0      13218   stm32f1xx_hal_i2c.o
      1616        220          0          0          0     472770   stm32f1xx_hal_msp.o
      2124        128         18          0          0       7845   stm32f1xx_hal_rcc.o
       304         14          0          0          0       1460   stm32f1xx_hal_rcc_ex.o
       190          0          0          0          0       1191   stm32f1xx_hal_spi.o
      1590         46          0          0          0      12418   stm32f1xx_hal_tim.o
       132         14          0          0          0       1392   stm32f1xx_hal_tim_ex.o
      2352         22          0          0          0      15393   stm32f1xx_hal_uart.o
       390         42          0          0          0       7498   stm32f1xx_it.o
         2          0         24          4          0       1215   system_stm32f1xx.o

    ----------------------------------------------------------------------
     29204       1602       1568         60       3768    1147263   Object Totals
         0          0         32          0          0          0   (incl. Generated)
        32          0          3          5          0          0   (incl. Padding)

    ----------------------------------------------------------------------

      Code (inc. data)   RO Data    RW Data    ZI Data      Debug   Library Member Name

         8          0          0          0          0         68   __main.o
         0          0          0          0          0          0   __rtentry.o
        12          0          0          0          0          0   __rtentry2.o
         6          0          0          0          0          0   __rtentry4.o
        52          8          0          0          0          0   __scatter.o
        26          0          0          0          0          0   __scatter_copy.o
        28          0          0          0          0          0   __scatter_zi.o
        10          0          0          0          0         68   defsig_exit.o
        50          0          0          0          0         88   defsig_general.o
        80         58          0          0          0         76   defsig_rtmem_inner.o
        14          0          0          0          0         80   defsig_rtmem_outer.o
        18          0          0          0          0         80   exit.o
        94          0          0          0          0         80   h1_alloc.o
        52          0          0          0          0         68   h1_extend.o
        78          0          0          0          0         80   h1_free.o
        14          0          0          0          0         84   h1_init.o
         6          0          0          0          0        152   heapauxi.o
         4          0          0          0          0        136   hguard.o
         0          0          0          0          0          0   indicate_semi.o
       138          0          0          0          0        168   init_alloc.o
         2          0          0          0          0          0   libinit.o
        14          0          0          0          0          0   libinit2.o
         2          0          0          0          0          0   libshutdown.o
         2          0          0          0          0          0   libshutdown2.o
         8          4          0          0         96         68   libspace.o
         0          0          0          0          0          0   maybetermalloc1.o
        88          0          0          0          0         76   memcmp.o
       112         18          0          0        228        160   rand.o
         8          4          0          0          0         68   rt_heap_descriptor_intlibspace.o
        68          0          0          0          0         68   rt_memclr.o
        78          0          0          0          0         80   rt_memclr_w.o
       138          0          0          0          0         68   rt_memcpy_v6.o
       100          0          0          0          0         80   rt_memcpy_w.o
         2          0          0          0          0          0   rtexit.o
        10          0          0          0          0          0   rtexit2.o
        24          0          0          0          0         68   strcat.o
        62          0          0          0          0         76   strlen.o
        12          4          0          0          0         68   sys_exit.o
        74          0          0          0          0         80   sys_stackheap_outer.o
        14          0          0          0          0         76   sys_wrch.o
         2          0          0          0          0         68   use_no_semi.o

    ----------------------------------------------------------------------
      1516         96          0          0        324       2332   Library Totals
         6          0          0          0          0          0   (incl. Padding)

    ----------------------------------------------------------------------

      Code (inc. data)   RO Data    RW Data    ZI Data      Debug   Library Name

      1510         96          0          0        324       2332   c_w.l

    ----------------------------------------------------------------------
      1516         96          0          0        324       2332   Library Totals

    ----------------------------------------------------------------------

==============================================================================


      Code (inc. data)   RO Data    RW Data    ZI Data      Debug   

     30720       1698       1568         60       4092    1137423   Grand Totals
     30720       1698       1568         60       4092    1137423   ELF Image Totals
     30720       1698       1568         60          0          0   ROM Totals

==============================================================================

    Total RO  Size (Code + RO Data)                32288 (  31.53kB)
    Total RW  Size (RW Data + ZI Data)              4152 (   4.05kB)
    Total ROM Size (Code + RO Data + RW Data)      32348 (  31.59kB)

==============================================================================

