Component: ARM Compiler 6.16 Tool: armlink [5dfeaa00]

==============================================================================

Section Cross References

    startup_stm32f103xb.o(STACK) refers (Special) to heapauxi.o(.text) for __use_two_region_memory
    startup_stm32f103xb.o(HEAP) refers (Special) to heapauxi.o(.text) for __use_two_region_memory
    startup_stm32f103xb.o(RESET) refers (Special) to heapauxi.o(.text) for __use_two_region_memory
    startup_stm32f103xb.o(RESET) refers to startup_stm32f103xb.o(STACK) for __initial_sp
    startup_stm32f103xb.o(RESET) refers to startup_stm32f103xb.o(.text) for Reset_Handler
    startup_stm32f103xb.o(RESET) refers to stm32f1xx_it.o(.text.NMI_Handler) for NMI_Handler
    startup_stm32f103xb.o(RESET) refers to stm32f1xx_it.o(.text.HardFault_Handler) for HardFault_Handler
    startup_stm32f103xb.o(RESET) refers to stm32f1xx_it.o(.text.MemManage_Handler) for MemManage_Handler
    startup_stm32f103xb.o(RESET) refers to stm32f1xx_it.o(.text.BusFault_Handler) for BusFault_Handler
    startup_stm32f103xb.o(RESET) refers to stm32f1xx_it.o(.text.UsageFault_Handler) for UsageFault_Handler
    startup_stm32f103xb.o(RESET) refers to stm32f1xx_it.o(.text.SVC_Handler) for SVC_Handler
    startup_stm32f103xb.o(RESET) refers to stm32f1xx_it.o(.text.DebugMon_Handler) for DebugMon_Handler
    startup_stm32f103xb.o(RESET) refers to stm32f1xx_it.o(.text.PendSV_Handler) for PendSV_Handler
    startup_stm32f103xb.o(RESET) refers to stm32f1xx_it.o(.text.SysTick_Handler) for SysTick_Handler
    startup_stm32f103xb.o(RESET) refers to stm32f1xx_it.o(.text.DMA1_Channel5_IRQHandler) for DMA1_Channel5_IRQHandler
    startup_stm32f103xb.o(RESET) refers to stm32f1xx_it.o(.text.USART1_IRQHandler) for USART1_IRQHandler
    startup_stm32f103xb.o(RESET) refers to stm32f1xx_it.o(.text.USART3_IRQHandler) for USART3_IRQHandler
    startup_stm32f103xb.o(.text) refers (Special) to heapauxi.o(.text) for __use_two_region_memory
    startup_stm32f103xb.o(.text) refers to system_stm32f1xx.o(.text.SystemInit) for SystemInit
    startup_stm32f103xb.o(.text) refers to __main.o(!!!main) for __main
    startup_stm32f103xb.o(.text) refers to startup_stm32f103xb.o(HEAP) for Heap_Mem
    startup_stm32f103xb.o(.text) refers to startup_stm32f103xb.o(STACK) for Stack_Mem
    main.o(.text.LED_Red_StatusChange_Callback) refers to main.o(.bss.beepCounter) for beepCounter
    main.o(.ARM.exidx.text.LED_Red_StatusChange_Callback) refers to main.o(.text.LED_Red_StatusChange_Callback) for [Anonymous Symbol]
    main.o(.ARM.exidx.text.LED_Green_StatusChange_Callback) refers to main.o(.text.LED_Green_StatusChange_Callback) for [Anonymous Symbol]
    main.o(.ARM.exidx.text.LED_Blue_StatusChange_Callback) refers to main.o(.text.LED_Blue_StatusChange_Callback) for [Anonymous Symbol]
    main.o(.text.BLE_ConnectionLost) refers to main.o(.bss.BLE_Serial) for BLE_Serial
    main.o(.text.BLE_ConnectionLost) refers to serialprotocol.o(.text.Serial_SendRequest) for Serial_SendRequest
    main.o(.ARM.exidx.text.BLE_ConnectionLost) refers to main.o(.text.BLE_ConnectionLost) for [Anonymous Symbol]
    main.o(.text.BLE_EvaluateCommand) refers to main.o(.bss.isRealServer) for isRealServer
    main.o(.text.BLE_EvaluateCommand) refers to stm32f1xx_hal.o(.text.HAL_GetTick) for HAL_GetTick
    main.o(.text.BLE_EvaluateCommand) refers to main.o(.bss.challengeServerTimeout) for challengeServerTimeout
    main.o(.text.BLE_EvaluateCommand) refers to main.o(.bss.BLE_Serial) for BLE_Serial
    main.o(.text.BLE_EvaluateCommand) refers to serialprotocol.o(.text.Serial_HeadReply) for Serial_HeadReply
    main.o(.text.BLE_EvaluateCommand) refers to serialprotocol.o(.text.Serial_SendUint8) for Serial_SendUint8
    main.o(.text.BLE_EvaluateCommand) refers to eeprom.o(.text.EEPROM_Write) for EEPROM_Write
    main.o(.text.BLE_EvaluateCommand) refers to main.o(.text.deinitEverything) for deinitEverything
    main.o(.text.BLE_EvaluateCommand) refers to main.o(.bss.boot_entry) for boot_entry
    main.o(.text.BLE_EvaluateCommand) refers to rand.o(.emb_text) for rand
    main.o(.text.BLE_EvaluateCommand) refers to license.o(.text.License_UniqueEncryption) for License_UniqueEncryption
    main.o(.text.BLE_EvaluateCommand) refers to serialprotocol.o(.text.Serial_SendArray) for Serial_SendArray
    main.o(.text.BLE_EvaluateCommand) refers to serialprotocol.o(.text.Serial_ReadArray) for Serial_ReadArray
    main.o(.text.BLE_EvaluateCommand) refers to license.o(.text.License_Check_Unique_HASH) for License_Check_Unique_HASH
    main.o(.text.BLE_EvaluateCommand) refers to license.o(.text.License_SetPrimary) for License_SetPrimary
    main.o(.text.BLE_EvaluateCommand) refers to strlen.o(.text) for strlen
    main.o(.text.BLE_EvaluateCommand) refers to serialprotocol.o(.text.Serial_SendString) for Serial_SendString
    main.o(.ARM.exidx.text.BLE_EvaluateCommand) refers to main.o(.text.BLE_EvaluateCommand) for [Anonymous Symbol]
[...]
    [Anonymous Symbol]                       0x0800ca3c   Section        0  stm32f1xx_hal_uart.o(.text.UART_EndTransmit_IT)
    UART_EndTxTransfer                       0x0800ca55   Thumb Code    28  stm32f1xx_hal_uart.o(.text.UART_EndTxTransfer)
    [Anonymous Symbol]                       0x0800ca54   Section        0  stm32f1xx_hal_uart.o(.text.UART_EndTxTransfer)
    UART_Receive_IT                          0x0800ca71   Thumb Code   200  stm32f1xx_hal_uart.o(.text.UART_Receive_IT)
    [Anonymous Symbol]                       0x0800ca70   Section        0  stm32f1xx_hal_uart.o(.text.UART_Receive_IT)
    UART_SetConfig                           0x0800cb39   Thumb Code   142  stm32f1xx_hal_uart.o(.text.UART_SetConfig)
    [Anonymous Symbol]                       0x0800cb38   Section        0  stm32f1xx_hal_uart.o(.text.UART_SetConfig)
    [Anonymous Symbol]                       0x0800cbc8   Section        0  stm32f1xx_hal_uart.o(.text.UART_Start_Receive_DMA)
    UART_Transmit_IT                         0x0800cc61   Thumb Code    82  stm32f1xx_hal_uart.o(.text.UART_Transmit_IT)
    [Anonymous Symbol]                       0x0800cc60   Section        0  stm32f1xx_hal_uart.o(.text.UART_Transmit_IT)
    [Anonymous Symbol]                       0x0800ccb4   Section        0  lin_slave.o(.text.UB_LIN_ReceiveData)
    [Anonymous Symbol]                       0x0800cd64   Section        0  lin_slave.o(.text.UB_LIN_SendData)
    [Anonymous Symbol]                       0x0800cde8   Section        0  lin_slave.o(.text.UB_LIN_Slave_Init)
    [Anonymous Symbol]                       0x0800ce10   Section        0  lin_slave.o(.text.UB_LIN_checkID)
    [Anonymous Symbol]                       0x0800ce38   Section        0  stm32f1xx_it.o(.text.USART1_IRQHandler)
    [Anonymous Symbol]                       0x0800cf30   Section        0  stm32f1xx_it.o(.text.USART3_IRQHandler)
    [Anonymous Symbol]                       0x0800cf44   Section        0  stm32f1xx_it.o(.text.UsageFault_Handler)
    XorWithIv                                0x0800cf49   Thumb Code    36  aes.o(.text.XorWithIv)
    [Anonymous Symbol]                       0x0800cf48   Section        0  aes.o(.text.XorWithIv)
    __NVIC_DisableIRQ                        0x0800cf6d   Thumb Code    40  stm32f1xx_hal_cortex.o(.text.__NVIC_DisableIRQ)
    [Anonymous Symbol]                       0x0800cf6c   Section        0  stm32f1xx_hal_cortex.o(.text.__NVIC_DisableIRQ)
    __NVIC_EnableIRQ                         0x0800cf95   Thumb Code    32  stm32f1xx_hal_cortex.o(.text.__NVIC_EnableIRQ)
    [Anonymous Symbol]                       0x0800cf94   Section        0  stm32f1xx_hal_cortex.o(.text.__NVIC_EnableIRQ)
    __NVIC_GetPriorityGrouping               0x0800cfb5   Thumb Code    16  stm32f1xx_hal_cortex.o(.text.__NVIC_GetPriorityGrouping)
    [Anonymous Symbol]                       0x0800cfb4   Section        0  stm32f1xx_hal_cortex.o(.text.__NVIC_GetPriorityGrouping)
    __NVIC_SetPriority                       0x0800cfc5   Thumb Code    34  stm32f1xx_hal_cortex.o(.text.__NVIC_SetPriority)
    [Anonymous Symbol]                       0x0800cfc4   Section        0  stm32f1xx_hal_cortex.o(.text.__NVIC_SetPriority)
    __NVIC_SetPriorityGrouping               0x0800cfe9   Thumb Code    32  stm32f1xx_hal_cortex.o(.text.__NVIC_SetPriorityGrouping)
    [Anonymous Symbol]                       0x0800cfe8   Section        0  stm32f1xx_hal_cortex.o(.text.__NVIC_SetPriorityGrouping)
    [Anonymous Symbol]                       0x0800d008   Section        0  license.o(.text.create_key_iv)
    [Anonymous Symbol]                       0x0800d054   Section        0  main.o(.text.deinitEverything)
    [Anonymous Symbol]                       0x0800d104   Section        0  main.o(.text.main)
    [Anonymous Symbol]                       0x0800d23c   Section        0  md5.o(.text.md5_final)
    [Anonymous Symbol]                       0x0800d2ec   Section        0  md5.o(.text.md5_init)
    [Anonymous Symbol]                       0x0800d320   Section        0  md5.o(.text.md5_transform)
    [Anonymous Symbol]                       0x0800da80   Section        0  md5.o(.text.md5_update)
    [Anonymous Symbol]                       0x0800dac8   Section        0  lin_slave.o(.text.p_LIN_activateTransceiver)
    [Anonymous Symbol]                       0x0800dad8   Section        0  lin_slave.o(.text.p_LIN_makeChecksum)
    [Anonymous Symbol]                       0x0800db08   Section        0  lin_slave.o(.text.p_LIN_wait_us)
    [Anonymous Symbol]                       0x0800db38   Section        0  license.o(.text.read_and_decrypt_unique_id)
    [Anonymous Symbol]                       0x0800dc20   Section        0  sha256.o(.text.sha256_final)
    [Anonymous Symbol]                       0x0800dcfc   Section        0  sha256.o(.text.sha256_init)
    [Anonymous Symbol]                       0x0800dd58   Section        0  sha256.o(.text.sha256_transform)
    [Anonymous Symbol]                       0x0800de98   Section        0  sha256.o(.text.sha256_update)
    [Anonymous Symbol]                       0x0800dee0   Section        0  license.o(.text.shiftArrayRight)
    xtime                                    0x0800df05   Thumb Code    16  aes.o(.text.xtime)
    [Anonymous Symbol]                       0x0800df04   Section        0  aes.o(.text.xtime)
    k                                        0x0800dfdc   Data         256  sha256.o(.rodata.k)
    [Anonymous Symbol]                       0x0800dfdc   Section        0  sha256.o(.rodata.k)
    rsbox                                    0x0800e1dc   Data         256  aes.o(.rodata.rsbox)
    [Anonymous Symbol]                       0x0800e1dc   Section        0  aes.o(.rodata.rsbox)
    sbox                                     0x0800e2dc   Data         256  aes.o(.rodata.sbox)
    [Anonymous Symbol]                       0x0800e2dc   Section        0  aes.o(.rodata.sbox)
    .bss                                     0x20000178   Section      228  rand.o(.bss)
    .bss                                     0x2000025c   Section       96  libspace.o(.bss)
    Heap_Mem                                 0x20000878   Data         512  startup_stm32f103xb.o(HEAP)
    HEAP                                     0x20000878   Section      512  startup_stm32f103xb.o(HEAP)
    Stack_Mem                                0x20000a78   Data        1024  startup_stm32f103xb.o(STACK)
    STACK                                    0x20000a78   Section     1024  startup_stm32f103xb.o(STACK)
    __initial_sp                             0x20000e78   Data           0  startup_stm32f103xb.o(STACK)

    Global Symbols

    Symbol Name                              Value     Ov Type        Size  Object(Section)

    BuildAttributes$$THM_ISAv4$P$D$K$B$S$PE$A:L22UL41UL21$X:L11$S22US41US21$IEEE1$IW$~IW$USESV6$~STKCKD$USESV7$~SHL$OTIME$ROPI$EBA8$UX$STANDARDLIB$REQ8$PRES8$EABIv2 0x00000000   Number         0  anon$$obj.o ABSOLUTE
    __fp_init_empty                          0x00000000   Number         0  fpinit_empty.o ABSOLUTE
    __ARM_exceptions_init                     - Undefined Weak Reference
    __alloca_initialize                       - Undefined Weak Reference
    __arm_preinit_                            - Undefined Weak Reference
    __cpp_initialize__aeabi_                  - Undefined Weak Reference
    __cxa_finalize                            - Undefined Weak Reference
    __rt_locale                               - Undefined Weak Reference
    __sigvec_lookup                           - Undefined Weak Reference
    __user_heap_extent                        - Undefined Weak Reference
    _atexit_init                              - Undefined Weak Reference
    _call_atexit_fns                          - Undefined Weak Reference
    _clock_init                               - Undefined Weak Reference
    _fp_trap_init                             - Undefined Weak Reference
    _fp_trap_shutdown                         - Undefined Weak Reference
    _get_lc_collate                           - Undefined Weak Reference
    _get_lc_ctype                             - Undefined Weak Reference
    _get_lc_monetary                          - Undefined Weak Reference
    _get_lc_numeric                           - Undefined Weak Reference
    _get_lc_time                              - Undefined Weak Reference
    _getenv_init                              - Undefined Weak Reference
    _handle_redirection                       - Undefined Weak Reference
    _initio                                   - Undefined Weak Reference
    _mutex_acquire                            - Undefined Weak Reference
    _mutex_free                               - Undefined Weak Reference
    _mutex_release                            - Undefined Weak Reference
    _signal_finish                            - Undefined Weak Reference
    _signal_init                              - Undefined Weak Reference
    _terminateio                              - Undefined Weak Reference
    __Vectors_Size                           0x000000ec   Number         0  startup_stm32f103xb.o ABSOLUTE
    __Vectors                                0x08008000   Data           4  startup_stm32f103xb.o(RESET)
    __Vectors_End                            0x080080ec   Data           0  startup_stm32f103xb.o(RESET)
    __main                                   0x080080ed   Thumb Code     8  __main.o(!!!main)
    __scatterload                            0x080080f5   Thumb Code     0  __scatter.o(!!!scatter)
    __scatterload_rt2                        0x080080f5   Thumb Code    44  __scatter.o(!!!scatter)
    __scatterload_rt2_thumb_only             0x080080f5   Thumb Code     0  __scatter.o(!!!scatter)
    __scatterload_null                       0x08008103   Thumb Code     0  __scatter.o(!!!scatter)
    __decompress                             0x08008129   Thumb Code    90  __dczerorl2.o(!!dczerorl2)
    __decompress1                            0x08008129   Thumb Code     0  __dczerorl2.o(!!dczerorl2)
    __scatterload_zeroinit                   0x08008185   Thumb Code    28  __scatter_zi.o(!!handler_zi)
    __rt_lib_init                            0x080081a1   Thumb Code     0  libinit.o(.ARM.Collect$$libinit$$00000000)
    __rt_lib_init_fp_1                       0x080081a3   Thumb Code     0  libinit2.o(.ARM.Collect$$libinit$$00000002)
    __rt_lib_init_heap_2                     0x080081a3   Thumb Code     0  libinit2.o(.ARM.Collect$$libinit$$00000005)
    __rt_lib_init_preinit_1                  0x080081a3   Thumb Code     0  libinit2.o(.ARM.Collect$$libinit$$00000004)
    __rt_lib_init_heap_1                     0x080081ab   Thumb Code     0  libinit2.o(.ARM.Collect$$libinit$$0000000A)
    __rt_lib_init_rand_2                     0x080081ab   Thumb Code     0  libinit2.o(.ARM.Collect$$libinit$$0000000D)
    __rt_lib_init_user_alloc_1               0x080081ab   Thumb Code     0  libinit2.o(.ARM.Collect$$libinit$$0000000C)
    __rt_lib_init_alloca_1                   0x080081af   Thumb Code     0  libinit2.o(.ARM.Collect$$libinit$$0000002E)
    __rt_lib_init_argv_1                     0x080081af   Thumb Code     0  libinit2.o(.ARM.Collect$$libinit$$0000002C)
    __rt_lib_init_atexit_1                   0x080081af   Thumb Code     0  libinit2.o(.ARM.Collect$$libinit$$0000001B)
    __rt_lib_init_clock_1                    0x080081af   Thumb Code     0  libinit2.o(.ARM.Collect$$libinit$$00000021)
    __rt_lib_init_cpp_1                      0x080081af   Thumb Code     0  libinit2.o(.ARM.Collect$$libinit$$00000032)
    __rt_lib_init_exceptions_1               0x080081af   Thumb Code     0  libinit2.o(.ARM.Collect$$libinit$$00000030)
    __rt_lib_init_fp_trap_1                  0x080081af   Thumb Code     0  libinit2.o(.ARM.Collect$$libinit$$0000001F)
    __rt_lib_init_getenv_1                   0x080081af   Thumb Code     0  libinit2.o(.ARM.Collect$$libinit$$00000023)
    __rt_lib_init_lc_collate_1               0x080081af   Thumb Code     0  libinit2.o(.ARM.Collect$$libinit$$00000011)
    __rt_lib_init_lc_ctype_1                 0x080081af   Thumb Code     0  libinit2.o(.ARM.Collect$$libinit$$00000013)
    __rt_lib_init_lc_monetary_1              0x080081af   Thumb Code     0  libinit2.o(.ARM.Collect$$libinit$$00000015)
    __rt_lib_init_lc_numeric_1               0x080081af   Thumb Code     0  libinit2.o(.ARM.Collect$$libinit$$00000017)
    __rt_lib_init_lc_time_1                  0x080081af   Thumb Code     0  libinit2.o(.ARM.Collect$$libinit$$00000019)
    __rt_lib_init_rand_1                     0x080081af   Thumb Code     0  libinit2.o(.ARM.Collect$$libinit$$0000000E)
    __rt_lib_init_return                     0x080081af   Thumb Code     0  libinit2.o(.ARM.Collect$$libinit$$00000033)
    __rt_lib_init_signal_1                   0x080081af   Thumb Code     0  libinit2.o(.ARM.Collect$$libinit$$0000001D)
    __rt_lib_init_stdio_1                    0x080081af   Thumb Code     0  libinit2.o(.ARM.Collect$$libinit$$00000025)
    __rt_lib_shutdown                        0x080081b1   Thumb Code     0  libshutdown.o(.ARM.Collect$$libshutdown$$00000000)
    __rt_lib_shutdown_cpp_1                  0x080081b3   Thumb Code     0  libshutdown2.o(.ARM.Collect$$libshutdown$$00000002)
    __rt_lib_shutdown_fp_trap_1              0x080081b3   Thumb Code     0  libshutdown2.o(.ARM.Collect$$libshutdown$$00000007)
    __rt_lib_shutdown_heap_1                 0x080081b3   Thumb Code     0  libshutdown2.o(.ARM.Collect$$libshutdown$$0000000F)
    __rt_lib_shutdown_return                 0x080081b3   Thumb Code     0  libshutdown2.o(.ARM.Collect$$libshutdown$$00000010)
    __rt_lib_shutdown_signal_1               0x080081b3   Thumb Code     0  libshutdown2.o(.ARM.Collect$$libshutdown$$0000000A)
    __rt_lib_shutdown_stdio_1                0x080081b3   Thumb Code     0  libshutdown2.o(.ARM.Collect$$libshutdown$$00000004)
    __rt_lib_shutdown_user_alloc_1           0x080081b3   Thumb Code     0  libshutdown2.o(.ARM.Collect$$libshutdown$$0000000C)
    __rt_entry                               0x080081b5   Thumb Code     0  __rtentry.o(.ARM.Collect$$rtentry$$00000000)
    __rt_entry_presh_1                       0x080081b5   Thumb Code     0  __rtentry2.o(.ARM.Collect$$rtentry$$00000002)
    __rt_entry_sh                            0x080081b5   Thumb Code     0  __rtentry4.o(.ARM.Collect$$rtentry$$00000004)
    __rt_entry_li                            0x080081bb   Thumb Code     0  __rtentry2.o(.ARM.Collect$$rtentry$$0000000A)
    __rt_entry_postsh_1                      0x080081bb   Thumb Code     0  __rtentry2.o(.ARM.Collect$$rtentry$$00000009)
    __rt_entry_main                          0x080081bf   Thumb Code     0  __rtentry2.o(.ARM.Collect$$rtentry$$0000000D)
    __rt_entry_postli_1                      0x080081bf   Thumb Code     0  __rtentry2.o(.ARM.Collect$$rtentry$$0000000C)
    __rt_exit                                0x080081c7   Thumb Code     0  rtexit.o(.ARM.Collect$$rtexit$$00000000)
    __rt_exit_ls                             0x080081c9   Thumb Code     0  rtexit2.o(.ARM.Collect$$rtexit$$00000003)
    __rt_exit_prels_1                        0x080081c9   Thumb Code     0  rtexit2.o(.ARM.Collect$$rtexit$$00000002)
    __rt_exit_exit                           0x080081cd   Thumb Code     0  rtexit2.o(.ARM.Collect$$rtexit$$00000004)
    rand                                     0x080081d5   Thumb Code    48  rand.o(.emb_text)
    Reset_Handler                            0x08008209   Thumb Code     8  startup_stm32f103xb.o(.text)
    ADC1_2_IRQHandler                        0x08008223   Thumb Code     0  startup_stm32f103xb.o(.text)
    CAN1_RX1_IRQHandler                      0x08008223   Thumb Code     0  startup_stm32f103xb.o(.text)
    CAN1_SCE_IRQHandler                      0x08008223   Thumb Code     0  startup_stm32f103xb.o(.text)
    DMA1_Channel1_IRQHandler                 0x08008223   Thumb Code     0  startup_stm32f103xb.o(.text)
    DMA1_Channel2_IRQHandler                 0x08008223   Thumb Code     0  startup_stm32f103xb.o(.text)
    DMA1_Channel3_IRQHandler                 0x08008223   Thumb Code     0  startup_stm32f103xb.o(.text)
    DMA1_Channel4_IRQHandler                 0x08008223   Thumb Code     0  startup_stm32f103xb.o(.text)
    DMA1_Channel6_IRQHandler                 0x08008223   Thumb Code     0  startup_stm32f103xb.o(.text)
    DMA1_Channel7_IRQHandler                 0x08008223   Thumb Code     0  startup_stm32f103xb.o(.text)
    EXTI0_IRQHandler                         0x08008223   Thumb Code     0  startup_stm32f103xb.o(.text)
    EXTI15_10_IRQHandler                     0x08008223   Thumb Code     0  startup_stm32f103xb.o(.text)
    EXTI1_IRQHandler                         0x08008223   Thumb Code     0  startup_stm32f103xb.o(.text)
    EXTI2_IRQHandler                         0x08008223   Thumb Code     0  startup_stm32f103xb.o(.text)
    EXTI3_IRQHandler                         0x08008223   Thumb Code     0  startup_stm32f103xb.o(.text)
    EXTI4_IRQHandler                         0x08008223   Thumb Code     0  startup_stm32f103xb.o(.text)
    EXTI9_5_IRQHandler                       0x08008223   Thumb Code     0  startup_stm32f103xb.o(.text)
    FLASH_IRQHandler                         0x08008223   Thumb Code     0  startup_stm32f103xb.o(.text)
    I2C1_ER_IRQHandler                       0x08008223   Thumb Code     0  startup_stm32f103xb.o(.text)
    I2C1_EV_IRQHandler                       0x08008223   Thumb Code     0  startup_stm32f103xb.o(.text)
    I2C2_ER_IRQHandler                       0x08008223   Thumb Code     0  startup_stm32f103xb.o(.text)
    I2C2_EV_IRQHandler                       0x08008223   Thumb Code     0  startup_stm32f103xb.o(.text)
    PVD_IRQHandler                           0x08008223   Thumb Code     0  startup_stm32f103xb.o(.text)
    RCC_IRQHandler                           0x08008223   Thumb Code     0  startup_stm32f103xb.o(.text)
    RTC_Alarm_IRQHandler                     0x08008223   Thumb Code     0  startup_stm32f103xb.o(.text)
    RTC_IRQHandler                           0x08008223   Thumb Code     0  startup_stm32f103xb.o(.text)
    SPI1_IRQHandler                          0x08008223   Thumb Code     0  startup_stm32f103xb.o(.text)
    SPI2_IRQHandler                          0x08008223   Thumb Code     0  startup_stm32f103xb.o(.text)
    TAMPER_IRQHandler                        0x08008223   Thumb Code     0  startup_stm32f103xb.o(.text)
    TIM1_BRK_IRQHandler                      0x08008223   Thumb Code     0  startup_stm32f103xb.o(.text)
    TIM1_CC_IRQHandler                       0x08008223   Thumb Code     0  startup_stm32f103xb.o(.text)
    TIM1_TRG_COM_IRQHandler                  0x08008223   Thumb Code     0  startup_stm32f103xb.o(.text)
    TIM1_UP_IRQHandler                       0x08008223   Thumb Code     0  startup_stm32f103xb.o(.text)
    TIM2_IRQHandler                          0x08008223   Thumb Code     0  startup_stm32f103xb.o(.text)
    TIM3_IRQHandler                          0x08008223   Thumb Code     0  startup_stm32f103xb.o(.text)
    TIM4_IRQHandler                          0x08008223   Thumb Code     0  startup_stm32f103xb.o(.text)
    USART2_IRQHandler                        0x08008223   Thumb Code     0  startup_stm32f103xb.o(.text)
    USBWakeUp_IRQHandler                     0x08008223   Thumb Code     0  startup_stm32f103xb.o(.text)
    USB_HP_CAN1_TX_IRQHandler                0x08008223   Thumb Code     0  startup_stm32f103xb.o(.text)
    USB_LP_CAN1_RX0_IRQHandler               0x08008223   Thumb Code     0  startup_stm32f103xb.o(.text)
    WWDG_IRQHandler                          0x08008223   Thumb Code     0  startup_stm32f103xb.o(.text)
    __user_initial_stackheap                 0x08008225   Thumb Code     0  startup_stm32f103xb.o(.text)
    malloc                                   0x08008249   Thumb Code    94  h1_alloc.o(.text)
    free                                     0x080082a7   Thumb Code    78  h1_free.o(.text)
    srand                                    0x080082f5   Thumb Code    42  rand.o(.text)
    _rand_init                               0x0800831f   Thumb Code     4  rand.o(.text)
    memcmp                                   0x08008331   Thumb Code    88  memcmp.o(.text)
    strlen                                   0x08008389   Thumb Code    62  strlen.o(.text)
    __aeabi_memcpy                           0x080083c7   Thumb Code     0  rt_memcpy_v6.o(.text)
    __rt_memcpy                              0x080083c7   Thumb Code   138  rt_memcpy_v6.o(.text)
    _memcpy_lastbytes                        0x0800842d   Thumb Code     0  rt_memcpy_v6.o(.text)
    __aeabi_memclr                           0x08008451   Thumb Code     0  rt_memclr.o(.text)
    __rt_memclr                              0x08008451   Thumb Code     0  rt_memclr.o(.text)
    _memset                                  0x08008455   Thumb Code    64  rt_memclr.o(.text)
    __aeabi_memclr4                          0x08008495   Thumb Code     0  rt_memclr_w.o(.text)
    __aeabi_memclr8                          0x08008495   Thumb Code     0  rt_memclr_w.o(.text)
    __rt_memclr_w                            0x08008495   Thumb Code     0  rt_memclr_w.o(.text)
    _memset_w                                0x08008499   Thumb Code    74  rt_memclr_w.o(.text)
    __use_two_region_memory                  0x080084e3   Thumb Code     2  heapauxi.o(.text)
    __rt_heap_escrow                         0x080084e5   Thumb Code     2  heapauxi.o(.text)
    __rt_heap_expand                         0x080084e7   Thumb Code     2  heapauxi.o(.text)
    __rt_heap_descriptor                     0x080084e9   Thumb Code     8  rt_heap_descriptor_intlibspace.o(.text)
    __use_no_heap                            0x080084f1   Thumb Code     2  hguard.o(.text)
    __heap$guard                             0x080084f3   Thumb Code     2  hguard.o(.text)
    _terminate_user_alloc                    0x080084f5   Thumb Code     2  init_alloc.o(.text)
    _init_user_alloc                         0x080084f7   Thumb Code     2  init_alloc.o(.text)
    __Heap_Full                              0x080084f9   Thumb Code    34  init_alloc.o(.text)
    __Heap_Broken                            0x0800851b   Thumb Code     6  init_alloc.o(.text)
    _init_alloc                              0x08008521   Thumb Code    94  init_alloc.o(.text)
    __Heap_Initialize                        0x0800857f   Thumb Code    10  h1_init.o(.text)
    __Heap_DescSize                          0x08008589   Thumb Code     4  h1_init.o(.text)
    __aeabi_memcpy4                          0x0800858d   Thumb Code     0  rt_memcpy_w.o(.text)
    __aeabi_memcpy8                          0x0800858d   Thumb Code     0  rt_memcpy_w.o(.text)
    __rt_memcpy_w                            0x0800858d   Thumb Code   100  rt_memcpy_w.o(.text)
    _memcpy_lastbytes_aligned                0x080085d5   Thumb Code     0  rt_memcpy_w.o(.text)
    __user_libspace                          0x080085f1   Thumb Code     8  libspace.o(.text)
    __user_perproc_libspace                  0x080085f1   Thumb Code     0  libspace.o(.text)
    __user_perthread_libspace                0x080085f1   Thumb Code     0  libspace.o(.text)
    __Heap_ProvideMemory                     0x080085f9   Thumb Code    52  h1_extend.o(.text)
    _maybe_terminate_alloc                   0x080085f9   Thumb Code     0  maybetermalloc1.o(.text)
    __rt_SIGRTMEM                            0x0800862d   Thumb Code    14  defsig_rtmem_outer.o(.text)
    __I$use$semihosting                      0x0800863b   Thumb Code     0  use_no_semi.o(.text)
    __use_no_semihosting_swi                 0x0800863b   Thumb Code     2  use_no_semi.o(.text)
    __semihosting_library_function           0x0800863d   Thumb Code     0  indicate_semi.o(.text)
    __user_setup_stackheap                   0x0800863d   Thumb Code    74  sys_stackheap_outer.o(.text)
    exit                                     0x08008687   Thumb Code    18  exit.o(.text)
    __sig_exit                               0x08008699   Thumb Code    10  defsig_exit.o(.text)
    __rt_SIGRTMEM_inner                      0x080086a5   Thumb Code    22  defsig_rtmem_inner.o(.text)
    _sys_exit                                0x080086f5   Thumb Code     8  sys_exit.o(.text)
    __default_signal_display                 0x08008701   Thumb Code    50  defsig_general.o(.text)
    _ttywrch                                 0x08008733   Thumb Code    14  sys_wrch.o(.text)
    AES_CBC_decrypt_buffer                   0x08008741   Thumb Code    80  aes.o(.text.AES_CBC_decrypt_buffer)
    AES_CBC_encrypt_buffer                   0x08008791   Thumb Code    86  aes.o(.text.AES_CBC_encrypt_buffer)
    AES_init_ctx_iv                          0x080087e9   Thumb Code    36  aes.o(.text.AES_init_ctx_iv)
    BLE_ConnectionLost                       0x0800884d   Thumb Code    18  main.o(.text.BLE_ConnectionLost)
    BLE_EvaluateCommand                      0x08008861   Thumb Code   626  main.o(.text.BLE_EvaluateCommand)
    BusFault_Handler                         0x08008ad5   Thumb Code     2  stm32f1xx_it.o(.text.BusFault_Handler)
    Check_License                            0x08008ad9   Thumb Code    90  license.o(.text.Check_License)
    DMA1_Channel5_IRQHandler                 0x08008b89   Thumb Code    38  stm32f1xx_it.o(.text.DMA1_Channel5_IRQHandler)
    DebugMon_Handler                         0x08008bdd   Thumb Code     2  stm32f1xx_it.o(.text.DebugMon_Handler)
    EEPROM_Init                              0x08008be1   Thumb Code    38  eeprom.o(.text.EEPROM_Init)
    EEPROM_Read                              0x08008c09   Thumb Code   202  eeprom.o(.text.EEPROM_Read)
    EEPROM_Write                             0x08008cd5   Thumb Code   248  eeprom.o(.text.EEPROM_Write)
    ESL_Init                                 0x08008dcd   Thumb Code     8  esl.o(.text.ESL_Init)
    ESL_Receive                              0x08008dd5   Thumb Code   464  esl.o(.text.ESL_Receive)
    ESL_Update                               0x08008fa5   Thumb Code     2  esl.o(.text.ESL_Update)
    Error_Handler                            0x08008fa9   Thumb Code    10  main.o(.text.Error_Handler)
    HAL_CRC_Init                             0x08008fb5   Thumb Code    34  stm32f1xx_hal_crc.o(.text.HAL_CRC_Init)
    HAL_CRC_MspDeInit                        0x08008fd9   Thumb Code    34  stm32f1xx_hal_msp.o(.text.HAL_CRC_MspDeInit)
    HAL_CRC_MspInit                          0x08008ffd   Thumb Code    50  stm32f1xx_hal_msp.o(.text.HAL_CRC_MspInit)
    HAL_DMA_Abort                            0x08009031   Thumb Code    64  stm32f1xx_hal_dma.o(.text.HAL_DMA_Abort)
    HAL_DMA_Abort_IT                         0x08009071   Thumb Code   174  stm32f1xx_hal_dma.o(.text.HAL_DMA_Abort_IT)
    HAL_DMA_DeInit                           0x08009121   Thumb Code   100  stm32f1xx_hal_dma.o(.text.HAL_DMA_DeInit)
    HAL_DMA_IRQHandler                       0x08009185   Thumb Code   382  stm32f1xx_hal_dma.o(.text.HAL_DMA_IRQHandler)
    HAL_DMA_Init                             0x08009305   Thumb Code   136  stm32f1xx_hal_dma.o(.text.HAL_DMA_Init)
    HAL_DMA_Start_IT                         0x0800938d   Thumb Code   110  stm32f1xx_hal_dma.o(.text.HAL_DMA_Start_IT)
    HAL_DeInit                               0x080093fd   Thumb Code    32  stm32f1xx_hal.o(.text.HAL_DeInit)
    HAL_Delay                                0x0800941d   Thumb Code    40  stm32f1xx_hal.o(.text.HAL_Delay)
    HAL_GPIO_DeInit                          0x08009445   Thumb Code   284  stm32f1xx_hal_gpio.o(.text.HAL_GPIO_DeInit)
    HAL_GPIO_Init                            0x08009561   Thumb Code   506  stm32f1xx_hal_gpio.o(.text.HAL_GPIO_Init)
    HAL_GPIO_WritePin                        0x0800975d   Thumb Code    10  stm32f1xx_hal_gpio.o(.text.HAL_GPIO_WritePin)
    HAL_GetTick                              0x08009769   Thumb Code    12  stm32f1xx_hal.o(.text.HAL_GetTick)
    HAL_I2C_Init                             0x08009775   Thumb Code   408  stm32f1xx_hal_i2c.o(.text.HAL_I2C_Init)
    HAL_I2C_IsDeviceReady                    0x0800990d   Thumb Code   416  stm32f1xx_hal_i2c.o(.text.HAL_I2C_IsDeviceReady)
    HAL_I2C_Mem_Read                         0x08009aad   Thumb Code   738  stm32f1xx_hal_i2c.o(.text.HAL_I2C_Mem_Read)
    HAL_I2C_Mem_Write                        0x08009d91   Thumb Code   298  stm32f1xx_hal_i2c.o(.text.HAL_I2C_Mem_Write)
    HAL_I2C_MspDeInit                        0x08009ebd   Thumb Code    60  stm32f1xx_hal_msp.o(.text.HAL_I2C_MspDeInit)
    HAL_I2C_MspInit                          0x08009ef9   Thumb Code   128  stm32f1xx_hal_msp.o(.text.HAL_I2C_MspInit)
    HAL_IncTick                              0x08009f79   Thumb Code    26  stm32f1xx_hal.o(.text.HAL_IncTick)
    HAL_Init                                 0x08009f95   Thumb Code    38  stm32f1xx_hal.o(.text.HAL_Init)
    HAL_InitTick                             0x08009fbd   Thumb Code    80  stm32f1xx_hal.o(.text.HAL_InitTick)
    HAL_LIN_Init                             0x0800a00d   Thumb Code   120  stm32f1xx_hal_uart.o(.text.HAL_LIN_Init)
    HAL_MspDeInit                            0x0800a085   Thumb Code     2  stm32f1xx_hal.o(.text.HAL_MspDeInit)
    HAL_MspInit                              0x0800a089   Thumb Code    66  stm32f1xx_hal_msp.o(.text.HAL_MspInit)
    HAL_NVIC_DisableIRQ                      0x0800a0cd   Thumb Code     8  stm32f1xx_hal_cortex.o(.text.HAL_NVIC_DisableIRQ)
    HAL_NVIC_EnableIRQ                       0x0800a0d5   Thumb Code     8  stm32f1xx_hal_cortex.o(.text.HAL_NVIC_EnableIRQ)
    HAL_NVIC_SetPriority                     0x0800a0dd   Thumb Code    30  stm32f1xx_hal_cortex.o(.text.HAL_NVIC_SetPriority)
    HAL_NVIC_SetPriorityGrouping             0x0800a0fd   Thumb Code     8  stm32f1xx_hal_cortex.o(.text.HAL_NVIC_SetPriorityGrouping)
    HAL_RCC_ClockConfig                      0x0800a105   Thumb Code   372  stm32f1xx_hal_rcc.o(.text.HAL_RCC_ClockConfig)
    HAL_RCC_DeInit                           0x0800a279   Thumb Code   230  stm32f1xx_hal_rcc.o(.text.HAL_RCC_DeInit)
    HAL_RCC_GetHCLKFreq                      0x0800a361   Thumb Code    12  stm32f1xx_hal_rcc.o(.text.HAL_RCC_GetHCLKFreq)
    HAL_RCC_GetPCLK1Freq                     0x0800a36d   Thumb Code    34  stm32f1xx_hal_rcc.o(.text.HAL_RCC_GetPCLK1Freq)
    HAL_RCC_GetPCLK2Freq                     0x0800a391   Thumb Code    34  stm32f1xx_hal_rcc.o(.text.HAL_RCC_GetPCLK2Freq)
    HAL_RCC_GetSysClockFreq                  0x0800a3b5   Thumb Code    88  stm32f1xx_hal_rcc.o(.text.HAL_RCC_GetSysClockFreq)
    HAL_RCC_OscConfig                        0x0800a421   Thumb Code   780  stm32f1xx_hal_rcc.o(.text.HAL_RCC_OscConfig)
    HAL_SYSTICK_Config                       0x0800a72d   Thumb Code     8  stm32f1xx_hal_cortex.o(.text.HAL_SYSTICK_Config)
    HAL_TIMEx_MasterConfigSynchronization    0x0800a735   Thumb Code   118  stm32f1xx_hal_tim_ex.o(.text.HAL_TIMEx_MasterConfigSynchronization)
    HAL_TIM_Base_Init                        0x0800a7ad   Thumb Code    90  stm32f1xx_hal_tim.o(.text.HAL_TIM_Base_Init)
    HAL_TIM_Base_MspInit                     0x0800a809   Thumb Code    50  stm32f1xx_hal_msp.o(.text.HAL_TIM_Base_MspInit)
    HAL_TIM_ConfigClockSource                0x0800a83d   Thumb Code   222  stm32f1xx_hal_tim.o(.text.HAL_TIM_ConfigClockSource)
    HAL_TIM_MspPostInit                      0x0800a91d   Thumb Code   116  stm32f1xx_hal_msp.o(.text.HAL_TIM_MspPostInit)
    HAL_TIM_PWM_ConfigChannel                0x0800a991   Thumb Code   152  stm32f1xx_hal_tim.o(.text.HAL_TIM_PWM_ConfigChannel)
    HAL_TIM_PWM_Init                         0x0800aa29   Thumb Code    90  stm32f1xx_hal_tim.o(.text.HAL_TIM_PWM_Init)
    HAL_TIM_PWM_MspInit                      0x0800aa85   Thumb Code     2  stm32f1xx_hal_tim.o(.text.HAL_TIM_PWM_MspInit)
    HAL_TIM_PWM_Start                        0x0800aa89   Thumb Code   184  stm32f1xx_hal_tim.o(.text.HAL_TIM_PWM_Start)
    HAL_UARTEx_RxEventCallback               0x0800ab41   Thumb Code     2  stm32f1xx_hal_uart.o(.text.HAL_UARTEx_RxEventCallback)
    HAL_UART_ErrorCallback                   0x0800ab45   Thumb Code     2  stm32f1xx_hal_uart.o(.text.HAL_UART_ErrorCallback)
    HAL_UART_IRQHandler                      0x0800ab49   Thumb Code   578  stm32f1xx_hal_uart.o(.text.HAL_UART_IRQHandler)
    HAL_UART_Init                            0x0800ad8d   Thumb Code    96  stm32f1xx_hal_uart.o(.text.HAL_UART_Init)
    HAL_UART_MspDeInit                       0x0800aded   Thumb Code   122  stm32f1xx_hal_msp.o(.text.HAL_UART_MspDeInit)
    HAL_UART_MspInit                         0x0800ae69   Thumb Code   328  stm32f1xx_hal_msp.o(.text.HAL_UART_MspInit)
    HAL_UART_Receive_DMA                     0x0800afb1   Thumb Code    42  stm32f1xx_hal_uart.o(.text.HAL_UART_Receive_DMA)
    HAL_UART_RxCpltCallback                  0x0800afdd   Thumb Code     2  stm32f1xx_hal_uart.o(.text.HAL_UART_RxCpltCallback)
    HAL_UART_RxHalfCpltCallback              0x0800afe1   Thumb Code     2  stm32f1xx_hal_uart.o(.text.HAL_UART_RxHalfCpltCallback)
    HAL_UART_TxCpltCallback                  0x0800afe5   Thumb Code     2  stm32f1xx_hal_uart.o(.text.HAL_UART_TxCpltCallback)
    HardFault_Handler                        0x0800afe9   Thumb Code     2  stm32f1xx_it.o(.text.HardFault_Handler)
    LED_Blue_StatusChange_Callback           0x0800b711   Thumb Code     2  main.o(.text.LED_Blue_StatusChange_Callback)
    LED_Green_StatusChange_Callback          0x0800b715   Thumb Code     2  main.o(.text.LED_Green_StatusChange_Callback)
    LED_Red_StatusChange_Callback            0x0800b719   Thumb Code    54  main.o(.text.LED_Red_StatusChange_Callback)
    LIN_UART_ISR                             0x0800b751   Thumb Code   150  lin_slave.o(.text.LIN_UART_ISR)
    License_Check_Unique_HASH                0x0800b7e9   Thumb Code    90  license.o(.text.License_Check_Unique_HASH)
    License_SetPrimary                       0x0800b845   Thumb Code    34  license.o(.text.License_SetPrimary)
    License_UniqueEncryption                 0x0800b869   Thumb Code   266  license.o(.text.License_UniqueEncryption)
    MemManage_Handler                        0x0800bc55   Thumb Code     2  stm32f1xx_it.o(.text.MemManage_Handler)
    NMI_Handler                              0x0800bcd9   Thumb Code     2  stm32f1xx_it.o(.text.NMI_Handler)
    PendSV_Handler                           0x0800bd09   Thumb Code     2  stm32f1xx_it.o(.text.PendSV_Handler)
    SVC_Handler                              0x0800bd39   Thumb Code     2  stm32f1xx_it.o(.text.SVC_Handler)
    Serial_Decode                            0x0800bd3d   Thumb Code   234  serialprotocol.o(.text.Serial_Decode)
    Serial_HeadCommand                       0x0800be29   Thumb Code    60  serialprotocol.o(.text.Serial_HeadCommand)
    Serial_HeadReply                         0x0800be65   Thumb Code    12  serialprotocol.o(.text.Serial_HeadReply)
    Serial_HeadResponse                      0x0800be71   Thumb Code    68  serialprotocol.o(.text.Serial_HeadResponse)
    Serial_Protocol_Init                     0x0800beb5   Thumb Code   122  serialprotocol.o(.text.Serial_Protocol_Init)
    Serial_ReadArray                         0x0800bf31   Thumb Code    50  serialprotocol.o(.text.Serial_ReadArray)
    Serial_SendArray                         0x0800bf65   Thumb Code    32  serialprotocol.o(.text.Serial_SendArray)
    Serial_SendRequest                       0x0800bf85   Thumb Code    18  serialprotocol.o(.text.Serial_SendRequest)
    Serial_SendString                        0x0800bf99   Thumb Code    40  serialprotocol.o(.text.Serial_SendString)
    Serial_SendUint8                         0x0800bfc1   Thumb Code    28  serialprotocol.o(.text.Serial_SendUint8)
    Serial_Update                            0x0800bfdd   Thumb Code   108  serialprotocol.o(.text.Serial_Update)
    Serial_WriteArray                        0x0800c049   Thumb Code    46  serialprotocol.o(.text.Serial_WriteArray)
    Serial_WriteByte                         0x0800c079   Thumb Code    26  serialprotocol.o(.text.Serial_WriteByte)
    Serial_WriteChecksum                     0x0800c095   Thumb Code    14  serialprotocol.o(.text.Serial_WriteChecksum)
    Serial_WriteString                       0x0800c0a5   Thumb Code    46  serialprotocol.o(.text.Serial_WriteString)
    SmartLED_Check                           0x0800c10d   Thumb Code   222  smartled.o(.text.SmartLED_Check)
    SmartLED_Init                            0x0800c1ed   Thumb Code   130  smartled.o(.text.SmartLED_Init)
    SmartLED_Off                             0x0800c271   Thumb Code    20  smartled.o(.text.SmartLED_Off)
    SmartLED_On                              0x0800c285   Thumb Code    24  smartled.o(.text.SmartLED_On)
    SmartLED_SetMode                         0x0800c29d   Thumb Code    82  smartled.o(.text.SmartLED_SetMode)
    SmartLED_Toggle                          0x0800c2f1   Thumb Code    36  smartled.o(.text.SmartLED_Toggle)
    SmartLED_Update                          0x0800c315   Thumb Code   114  smartled.o(.text.SmartLED_Update)
    SysTick_Handler                          0x0800c3f1   Thumb Code    12  stm32f1xx_it.o(.text.SysTick_Handler)
    SystemClock_Config                       0x0800c3fd   Thumb Code   100  main.o(.text.SystemClock_Config)
    SystemInit                               0x0800c461   Thumb Code     2  system_stm32f1xx.o(.text.SystemInit)
    TIM_Base_SetConfig                       0x0800c465   Thumb Code   154  stm32f1xx_hal_tim.o(.text.TIM_Base_SetConfig)
    TIM_CCxChannelCmd                        0x0800c501   Thumb Code    36  stm32f1xx_hal_tim.o(.text.TIM_CCxChannelCmd)
    TIM_ETR_SetConfig                        0x0800c525   Thumb Code    22  stm32f1xx_hal_tim.o(.text.TIM_ETR_SetConfig)
    TIM_OC2_SetConfig                        0x0800c5ad   Thumb Code   102  stm32f1xx_hal_tim.o(.text.TIM_OC2_SetConfig)
    UART1_Available                          0x0800c70d   Thumb Code    14  serialfifo.o(.text.UART1_Available)
    UART1_Init                               0x0800c71d   Thumb Code    26  serialfifo.o(.text.UART1_Init)
    UART1_Read                               0x0800c739   Thumb Code   100  serialfifo.o(.text.UART1_Read)
    UART1_Transmit_IRQ                       0x0800c79d   Thumb Code   126  serialfifo.o(.text.UART1_Transmit_IRQ)
    UART1_Write                              0x0800c81d   Thumb Code   206  serialfifo.o(.text.UART1_Write)
    UART_Start_Receive_DMA                   0x0800cbc9   Thumb Code   150  stm32f1xx_hal_uart.o(.text.UART_Start_Receive_DMA)
    UB_LIN_ReceiveData                       0x0800ccb5   Thumb Code   176  lin_slave.o(.text.UB_LIN_ReceiveData)
    UB_LIN_SendData                          0x0800cd65   Thumb Code   132  lin_slave.o(.text.UB_LIN_SendData)
    UB_LIN_Slave_Init                        0x0800cde9   Thumb Code    40  lin_slave.o(.text.UB_LIN_Slave_Init)
    UB_LIN_checkID                           0x0800ce11   Thumb Code    40  lin_slave.o(.text.UB_LIN_checkID)
    USART1_IRQHandler                        0x0800ce39   Thumb Code   246  stm32f1xx_it.o(.text.USART1_IRQHandler)
    USART3_IRQHandler                        0x0800cf31   Thumb Code    20  stm32f1xx_it.o(.text.USART3_IRQHandler)
    UsageFault_Handler                       0x0800cf45   Thumb Code     2  stm32f1xx_it.o(.text.UsageFault_Handler)
    create_key_iv                            0x0800d009   Thumb Code    76  license.o(.text.create_key_iv)
    deinitEverything                         0x0800d055   Thumb Code   176  main.o(.text.deinitEverything)
    main                                     0x0800d105   Thumb Code   312  main.o(.text.main)
    md5_final                                0x0800d23d   Thumb Code   174  md5.o(.text.md5_final)
    md5_init                                 0x0800d2ed   Thumb Code    50  md5.o(.text.md5_init)
    md5_transform                            0x0800d321   Thumb Code  1888  md5.o(.text.md5_transform)
    md5_update                               0x0800da81   Thumb Code    72  md5.o(.text.md5_update)
    p_LIN_activateTransceiver                0x0800dac9   Thumb Code    16  lin_slave.o(.text.p_LIN_activateTransceiver)
    p_LIN_makeChecksum                       0x0800dad9   Thumb Code    46  lin_slave.o(.text.p_LIN_makeChecksum)
    p_LIN_wait_us                            0x0800db09   Thumb Code    46  lin_slave.o(.text.p_LIN_wait_us)
    read_and_decrypt_unique_id               0x0800db39   Thumb Code   232  license.o(.text.read_and_decrypt_unique_id)
    sha256_final                             0x0800dc21   Thumb Code   218  sha256.o(.text.sha256_final)
    sha256_init                              0x0800dcfd   Thumb Code    92  sha256.o(.text.sha256_init)
    sha256_transform                         0x0800dd59   Thumb Code   318  sha256.o(.text.sha256_transform)
    sha256_update                            0x0800de99   Thumb Code    72  sha256.o(.text.sha256_update)
    shiftArrayRight                          0x0800dee1   Thumb Code    34  license.o(.text.shiftArrayRight)
    AHBPrescTable                            0x0800df14   Data          16  system_stm32f1xx.o(.rodata.AHBPrescTable)
    APBPrescTable                            0x0800df24   Data           8  system_stm32f1xx.o(.rodata.APBPrescTable)
    IVs                                      0x0800df2c   Data          96  license.o(.rodata.IVs)
    eepromInfo                               0x0800df8c   Data          80  eeprom.o(.rodata.eepromInfo)
    private_passwords                        0x0800e0dc   Data         128  license.o(.rodata.private_passwords)
    public_passwords                         0x0800e15c   Data         128  license.o(.rodata.public_passwords)
    Region$$Table$$Base                      0x0800e3dc   Number         0  anon$$obj.o(Region$$Table)
    Region$$Table$$Limit                     0x0800e3fc   Number         0  anon$$obj.o(Region$$Table)
    LicenseStatus                            0x20000000   Data           1  license.o(.data.LicenseStatus)
    SystemCoreClock                          0x20000004   Data           4  system_stm32f1xx.o(.data.SystemCoreClock)
    resC1_Len                                0x20000008   Data           1  esl.o(.data.resC1_Len)
    resExitKey_C1                            0x20000009   Data         224  esl.o(.data.resExitKey_C1)
    resInsertKey_C1                          0x200000e9   Data         136  esl.o(.data.resInsertKey_C1)
    uwTickFreq                               0x20000171   Data           1  stm32f1xx_hal.o(.data.uwTickFreq)
    uwTickPrio                               0x20000174   Data           4  stm32f1xx_hal.o(.data.uwTickPrio)
    _random_number_data                      0x20000178   Data         228  rand.o(.bss)
    __libspace_start                         0x2000025c   Data          96  libspace.o(.bss)
    BLE_Serial                               0x200002bc   Data         308  main.o(.bss.BLE_Serial)
    __temporary_stack_top$libspace           0x200002bc   Data           0  libspace.o(.bss)
    DMA_RX1_Buffer                           0x200003f0   Data         128  serialfifo.o(.bss.DMA_RX1_Buffer)
    LIN_FRAME                                0x20000470   Data          10  lin_slave.o(.bss.LIN_FRAME)
    LIN_SLAVE                                0x2000047a   Data           3  lin_slave.o(.bss.LIN_SLAVE)
    Leds                                     0x20000480   Data          24  smartled.o(.bss.Leds)
    LedsCount                                0x20000498   Data           2  smartled.o(.bss.LedsCount)
    UART1_RxFIFO                             0x2000049a   Data         264  serialfifo.o(.bss.UART1_RxFIFO)
    UART1_TxFIFO                             0x200005a2   Data         264  serialfifo.o(.bss.UART1_TxFIFO)
    beepCounter                              0x200006aa   Data           1  main.o(.bss.beepCounter)
    boot_entry                               0x200006ac   Data           4  main.o(.bss.boot_entry)
    challengeServerTimeout                   0x200006b0   Data           4  main.o(.bss.challengeServerTimeout)
    deviceNumber                             0x200006b4   Data           1  eeprom.o(.bss.deviceNumber)
    eepromTimer                              0x200006b8   Data           4  eeprom.o(.bss.eepromTimer)
    hcrc                                     0x200006bc   Data           8  main.o(.bss.hcrc)
    hdma_usart1_rx                           0x200006c4   Data          68  main.o(.bss.hdma_usart1_rx)
    hi2c1                                    0x20000708   Data          84  main.o(.bss.hi2c1)
    htim3                                    0x2000075c   Data          72  main.o(.bss.htim3)
    huart1                                   0x200007a4   Data          72  main.o(.bss.huart1)
    huart3                                   0x200007ec   Data          72  main.o(.bss.huart3)
    isRealServer                             0x20000834   Data           1  main.o(.bss.isRealServer)
    keyStat                                  0x20000835   Data           1  esl.o(.bss.keyStat)
    linFrame                                 0x20000836   Data          10  esl.o(.bss.linFrame)
    publicIv                                 0x20000840   Data          16  license.o(.bss.publicIv)
    publicKey                                0x20000850   Data          32  license.o(.bss.publicKey)
    request                                  0x20000870   Data           1  esl.o(.bss.request)
    resActive                                0x20000871   Data           1  esl.o(.bss.resActive)
    resC1_Index                              0x20000872   Data           1  esl.o(.bss.resC1_Index)
    uwTick                                   0x20000874   Data           4  stm32f1xx_hal.o(.bss.uwTick)



==============================================================================

Memory Map of the image

  Image Entry point : 0x080080ed

  Load Region LR_IROM1 (Base: 0x08008000, Size: 0x00006578, Max: 0x00018000, ABSOLUTE, COMPRESSED[0x00006498])

    Execution Region ER_IROM1 (Exec base: 0x08008000, Load base: 0x08008000, Size: 0x000063fc, Max: 0x00018000, ABSOLUTE)

    Exec Addr    Load Addr    Size         Type   Attr      Idx    E Section Name        Object

    0x08008000   0x08008000   0x000000ec   Data   RO            3    RESET               startup_stm32f103xb.o
    0x080080ec   0x080080ec   0x00000008   Code   RO         1600  * !!!main             c_w.l(__main.o)
    0x080080f4   0x080080f4   0x00000034   Code   RO         1809    !!!scatter          c_w.l(__scatter.o)
    0x08008128   0x08008128   0x0000005a   Code   RO         1807    !!dczerorl2         c_w.l(__dczerorl2.o)
    0x08008182   0x08008182   0x00000002   PAD
    0x08008184   0x08008184   0x0000001c   Code   RO         1811    !!handler_zi        c_w.l(__scatter_zi.o)
    0x080081a0   0x080081a0   0x00000002   Code   RO         1742    .ARM.Collect$$libinit$$00000000  c_w.l(libinit.o)
    0x080081a2   0x080081a2   0x00000000   Code   RO         1633    .ARM.Collect$$libinit$$00000002  c_w.l(libinit2.o)
    0x080081a2   0x080081a2   0x00000000   Code   RO         1635    .ARM.Collect$$libinit$$00000004  c_w.l(libinit2.o)
    0x080081a2   0x080081a2   0x00000008   Code   RO         1636    .ARM.Collect$$libinit$$00000005  c_w.l(libinit2.o)
    0x080081aa   0x080081aa   0x00000000   Code   RO         1638    .ARM.Collect$$libinit$$0000000A  c_w.l(libinit2.o)
    0x080081aa   0x080081aa   0x00000000   Code   RO         1640    .ARM.Collect$$libinit$$0000000C  c_w.l(libinit2.o)
    0x080081aa   0x080081aa   0x00000004   Code   RO         1641    .ARM.Collect$$libinit$$0000000D  c_w.l(libinit2.o)
    0x080081ae   0x080081ae   0x00000000   Code   RO         1642    .ARM.Collect$$libinit$$0000000E  c_w.l(libinit2.o)
    0x080081ae   0x080081ae   0x00000000   Code   RO         1645    .ARM.Collect$$libinit$$00000011  c_w.l(libinit2.o)
    0x080081ae   0x080081ae   0x00000000   Code   RO         1647    .ARM.Collect$$libinit$$00000013  c_w.l(libinit2.o)
    0x080081ae   0x080081ae   0x00000000   Code   RO         1649    .ARM.Collect$$libinit$$00000015  c_w.l(libinit2.o)
    0x080081ae   0x080081ae   0x00000000   Code   RO         1651    .ARM.Collect$$libinit$$00000017  c_w.l(libinit2.o)
    0x080081ae   0x080081ae   0x00000000   Code   RO         1653    .ARM.Collect$$libinit$$00000019  c_w.l(libinit2.o)
    0x080081ae   0x080081ae   0x00000000   Code   RO         1655    .ARM.Collect$$libinit$$0000001B  c_w.l(libinit2.o)
    0x080081ae   0x080081ae   0x00000000   Code   RO         1657    .ARM.Collect$$libinit$$0000001D  c_w.l(libinit2.o)
    0x080081ae   0x080081ae   0x00000000   Code   RO         1659    .ARM.Collect$$libinit$$0000001F  c_w.l(libinit2.o)
    0x080081ae   0x080081ae   0x00000000   Code   RO         1661    .ARM.Collect$$libinit$$00000021  c_w.l(libinit2.o)
    0x080081ae   0x080081ae   0x00000000   Code   RO         1663    .ARM.Collect$$libinit$$00000023  c_w.l(libinit2.o)
    0x080081ae   0x080081ae   0x00000000   Code   RO         1665    .ARM.Collect$$libinit$$00000025  c_w.l(libinit2.o)
    0x080081ae   0x080081ae   0x00000000   Code   RO         1669    .ARM.Collect$$libinit$$0000002C  c_w.l(libinit2.o)
    0x080081ae   0x080081ae   0x00000000   Code   RO         1671    .ARM.Collect$$libinit$$0000002E  c_w.l(libinit2.o)
    0x080081ae   0x080081ae   0x00000000   Code   RO         1673    .ARM.Collect$$libinit$$00000030  c_w.l(libinit2.o)
    0x080081ae   0x080081ae   0x00000000   Code   RO         1675    .ARM.Collect$$libinit$$00000032  c_w.l(libinit2.o)
    0x080081ae   0x080081ae   0x00000002   Code   RO         1676    .ARM.Collect$$libinit$$00000033  c_w.l(libinit2.o)
    0x080081b0   0x080081b0   0x00000002   Code   RO         1804    .ARM.Collect$$libshutdown$$00000000  c_w.l(libshutdown.o)
    0x080081b2   0x080081b2   0x00000000   Code   RO         1758    .ARM.Collect$$libshutdown$$00000002  c_w.l(libshutdown2.o)
    0x080081b2   0x080081b2   0x00000000   Code   RO         1760    .ARM.Collect$$libshutdown$$00000004  c_w.l(libshutdown2.o)
    0x080081b2   0x080081b2   0x00000000   Code   RO         1763    .ARM.Collect$$libshutdown$$00000007  c_w.l(libshutdown2.o)
    0x080081b2   0x080081b2   0x00000000   Code   RO         1766    .ARM.Collect$$libshutdown$$0000000A  c_w.l(libshutdown2.o)
    0x080081b2   0x080081b2   0x00000000   Code   RO         1768    .ARM.Collect$$libshutdown$$0000000C  c_w.l(libshutdown2.o)
    0x080081b2   0x080081b2   0x00000000   Code   RO         1771    .ARM.Collect$$libshutdown$$0000000F  c_w.l(libshutdown2.o)
    0x080081b2   0x080081b2   0x00000002   Code   RO         1772    .ARM.Collect$$libshutdown$$00000010  c_w.l(libshutdown2.o)
    0x080081b4   0x080081b4   0x00000000   Code   RO         1604    .ARM.Collect$$rtentry$$00000000  c_w.l(__rtentry.o)
    0x080081b4   0x080081b4   0x00000000   Code   RO         1685    .ARM.Collect$$rtentry$$00000002  c_w.l(__rtentry2.o)
    0x080081b4   0x080081b4   0x00000006   Code   RO         1697    .ARM.Collect$$rtentry$$00000004  c_w.l(__rtentry4.o)
    0x080081ba   0x080081ba   0x00000000   Code   RO         1687    .ARM.Collect$$rtentry$$00000009  c_w.l(__rtentry2.o)
    0x080081ba   0x080081ba   0x00000004   Code   RO         1688    .ARM.Collect$$rtentry$$0000000A  c_w.l(__rtentry2.o)
    0x080081be   0x080081be   0x00000000   Code   RO         1690    .ARM.Collect$$rtentry$$0000000C  c_w.l(__rtentry2.o)
    0x080081be   0x080081be   0x00000008   Code   RO         1691    .ARM.Collect$$rtentry$$0000000D  c_w.l(__rtentry2.o)
    0x080081c6   0x080081c6   0x00000002   Code   RO         1747    .ARM.Collect$$rtexit$$00000000  c_w.l(rtexit.o)
    0x080081c8   0x080081c8   0x00000000   Code   RO         1778    .ARM.Collect$$rtexit$$00000002  c_w.l(rtexit2.o)
    0x080081c8   0x080081c8   0x00000004   Code   RO         1779    .ARM.Collect$$rtexit$$00000003  c_w.l(rtexit2.o)
    0x080081cc   0x080081cc   0x00000006   Code   RO         1780    .ARM.Collect$$rtexit$$00000004  c_w.l(rtexit2.o)
    0x080081d2   0x080081d2   0x00000002   PAD
    0x080081d4   0x080081d4   0x00000034   Code   RO         1583    .emb_text           c_w.l(rand.o)
    0x08008208   0x08008208   0x00000040   Code   RO            4    .text               startup_stm32f103xb.o
    0x08008248   0x08008248   0x0000005e   Code   RO         1525    .text               c_w.l(h1_alloc.o)
    0x080082a6   0x080082a6   0x0000004e   Code   RO         1527    .text               c_w.l(h1_free.o)
    0x080082f4   0x080082f4   0x0000003c   Code   RO         1584    .text               c_w.l(rand.o)
    0x08008330   0x08008330   0x00000058   Code   RO         1588    .text               c_w.l(memcmp.o)
    0x08008388   0x08008388   0x0000003e   Code   RO         1590    .text               c_w.l(strlen.o)
    0x080083c6   0x080083c6   0x0000008a   Code   RO         1592    .text               c_w.l(rt_memcpy_v6.o)
    0x08008450   0x08008450   0x00000044   Code   RO         1594    .text               c_w.l(rt_memclr.o)
    0x08008494   0x08008494   0x0000004e   Code   RO         1596    .text               c_w.l(rt_memclr_w.o)
    0x080084e2   0x080084e2   0x00000006   Code   RO         1598    .text               c_w.l(heapauxi.o)
    0x080084e8   0x080084e8   0x00000008   Code   RO         1608    .text               c_w.l(rt_heap_descriptor_intlibspace.o)
    0x080084f0   0x080084f0   0x00000004   Code   RO         1610    .text               c_w.l(hguard.o)
    0x080084f4   0x080084f4   0x0000008a   Code   RO         1612    .text               c_w.l(init_alloc.o)
    0x0800857e   0x0800857e   0x0000000e   Code   RO         1616    .text               c_w.l(h1_init.o)
    0x0800858c   0x0800858c   0x00000064   Code   RO         1628    .text               c_w.l(rt_memcpy_w.o)
    0x080085f0   0x080085f0   0x00000008   Code   RO         1681    .text               c_w.l(libspace.o)
    0x080085f8   0x080085f8   0x00000000   Code   RO         1701    .text               c_w.l(maybetermalloc1.o)
    0x080085f8   0x080085f8   0x00000034   Code   RO         1703    .text               c_w.l(h1_extend.o)
    0x0800862c   0x0800862c   0x0000000e   Code   RO         1707    .text               c_w.l(defsig_rtmem_outer.o)
    0x0800863a   0x0800863a   0x00000002   Code   RO         1718    .text               c_w.l(use_no_semi.o)
    0x0800863c   0x0800863c   0x00000000   Code   RO         1720    .text               c_w.l(indicate_semi.o)
    0x0800863c   0x0800863c   0x0000004a   Code   RO         1721    .text               c_w.l(sys_stackheap_outer.o)
    0x08008686   0x08008686   0x00000012   Code   RO         1727    .text               c_w.l(exit.o)
    0x08008698   0x08008698   0x0000000a   Code   RO         1729    .text               c_w.l(defsig_exit.o)
    0x080086a2   0x080086a2   0x00000002   PAD
    0x080086a4   0x080086a4   0x00000050   Code   RO         1731    .text               c_w.l(defsig_rtmem_inner.o)
    0x080086f4   0x080086f4   0x0000000c   Code   RO         1743    .text               c_w.l(sys_exit.o)
    0x08008700   0x08008700   0x00000032   Code   RO         1755    .text               c_w.l(defsig_general.o)
    0x08008732   0x08008732   0x0000000e   Code   RO         1773    .text               c_w.l(sys_wrch.o)
    0x08008740   0x08008740   0x00000050   Code   RO         1409    .text.AES_CBC_decrypt_buffer  aes.o
    0x08008790   0x08008790   0x00000056   Code   RO         1405    .text.AES_CBC_encrypt_buffer  aes.o
    0x080087e6   0x080087e6   0x00000002   PAD
    0x080087e8   0x080087e8   0x00000024   Code   RO         1393    .text.AES_init_ctx_iv  aes.o
    0x0800880c   0x0800880c   0x00000040   Code   RO         1413    .text.AddRoundKey   aes.o
    0x0800884c   0x0800884c   0x00000012   Code   RO           17    .text.BLE_ConnectionLost  main.o
    0x0800885e   0x0800885e   0x00000002   PAD
    0x08008860   0x08008860   0x00000272   Code   RO           19    .text.BLE_EvaluateCommand  main.o
    0x08008ad2   0x08008ad2   0x00000002   PAD
    0x08008ad4   0x08008ad4   0x00000002   Code   RO           71    .text.BusFault_Handler  stm32f1xx_it.o
    0x08008ad6   0x08008ad6   0x00000002   PAD
    0x08008ad8   0x08008ad8   0x0000005a   Code   RO         1342    .text.Check_License  license.o
    0x08008b32   0x08008b32   0x00000002   PAD
    0x08008b34   0x08008b34   0x00000054   Code   RO         1399    .text.Cipher        aes.o
    0x08008b88   0x08008b88   0x00000026   Code   RO           83    .text.DMA1_Channel5_IRQHandler  stm32f1xx_it.o
    0x08008bae   0x08008bae   0x00000002   PAD
    0x08008bb0   0x08008bb0   0x0000002c   Code   RO          304    .text.DMA_SetConfig  stm32f1xx_hal_dma.o
    0x08008bdc   0x08008bdc   0x00000002   Code   RO           77    .text.DebugMon_Handler  stm32f1xx_it.o
    0x08008bde   0x08008bde   0x00000002   PAD
    0x08008be0   0x08008be0   0x00000026   Code   RO         1372    .text.EEPROM_Init   eeprom.o
    0x08008c06   0x08008c06   0x00000002   PAD
    0x08008c08   0x08008c08   0x000000ca   Code   RO         1374    .text.EEPROM_Read   eeprom.o
    0x08008cd2   0x08008cd2   0x00000002   PAD
    0x08008cd4   0x08008cd4   0x000000f8   Code   RO         1376    .text.EEPROM_Write  eeprom.o
    0x08008dcc   0x08008dcc   0x00000008   Code   RO         1472    .text.ESL_Init      esl.o
    0x08008dd4   0x08008dd4   0x000001d0   Code   RO         1474    .text.ESL_Receive   esl.o
    0x08008fa4   0x08008fa4   0x00000002   Code   RO         1476    .text.ESL_Update    esl.o
    0x08008fa6   0x08008fa6   0x00000002   PAD
    0x08008fa8   0x08008fa8   0x0000000a   Code   RO           41    .text.Error_Handler  main.o
    0x08008fb2   0x08008fb2   0x00000002   PAD
    0x08008fb4   0x08008fb4   0x00000022   Code   RO          139    .text.HAL_CRC_Init  stm32f1xx_hal_crc.o
    0x08008fd6   0x08008fd6   0x00000002   PAD
    0x08008fd8   0x08008fd8   0x00000022   Code   RO          101    .text.HAL_CRC_MspDeInit  stm32f1xx_hal_msp.o
    0x08008ffa   0x08008ffa   0x00000002   PAD
    0x08008ffc   0x08008ffc   0x00000032   Code   RO           99    .text.HAL_CRC_MspInit  stm32f1xx_hal_msp.o
    0x0800902e   0x0800902e   0x00000002   PAD
    0x08009030   0x08009030   0x00000040   Code   RO          308    .text.HAL_DMA_Abort  stm32f1xx_hal_dma.o
    0x08009070   0x08009070   0x000000ae   Code   RO          310    .text.HAL_DMA_Abort_IT  stm32f1xx_hal_dma.o
    0x0800911e   0x0800911e   0x00000002   PAD
    0x08009120   0x08009120   0x00000064   Code   RO          300    .text.HAL_DMA_DeInit  stm32f1xx_hal_dma.o
    0x08009184   0x08009184   0x0000017e   Code   RO          314    .text.HAL_DMA_IRQHandler  stm32f1xx_hal_dma.o
    0x08009302   0x08009302   0x00000002   PAD
    0x08009304   0x08009304   0x00000088   Code   RO          298    .text.HAL_DMA_Init  stm32f1xx_hal_dma.o
    0x0800938c   0x0800938c   0x0000006e   Code   RO          306    .text.HAL_DMA_Start_IT  stm32f1xx_hal_dma.o
    0x080093fa   0x080093fa   0x00000002   PAD
    0x080093fc   0x080093fc   0x00000020   Code   RO          167    .text.HAL_DeInit    stm32f1xx_hal.o
    0x0800941c   0x0800941c   0x00000028   Code   RO          181    .text.HAL_Delay     stm32f1xx_hal.o
    0x08009444   0x08009444   0x0000011c   Code   RO          276    .text.HAL_GPIO_DeInit  stm32f1xx_hal_gpio.o
    0x08009560   0x08009560   0x000001fa   Code   RO          274    .text.HAL_GPIO_Init  stm32f1xx_hal_gpio.o
    0x0800975a   0x0800975a   0x00000002   PAD
    0x0800975c   0x0800975c   0x0000000a   Code   RO          280    .text.HAL_GPIO_WritePin  stm32f1xx_hal_gpio.o
    0x08009766   0x08009766   0x00000002   PAD
    0x08009768   0x08009768   0x0000000c   Code   RO          173    .text.HAL_GetTick   stm32f1xx_hal.o
    0x08009774   0x08009774   0x00000198   Code   RO          545    .text.HAL_I2C_Init  stm32f1xx_hal_i2c.o
    0x0800990c   0x0800990c   0x000001a0   Code   RO          611    .text.HAL_I2C_IsDeviceReady  stm32f1xx_hal_i2c.o
    0x08009aac   0x08009aac   0x000002e2   Code   RO          599    .text.HAL_I2C_Mem_Read  stm32f1xx_hal_i2c.o
    0x08009d8e   0x08009d8e   0x00000002   PAD
    0x08009d90   0x08009d90   0x0000012a   Code   RO          595    .text.HAL_I2C_Mem_Write  stm32f1xx_hal_i2c.o
    0x08009eba   0x08009eba   0x00000002   PAD
    0x08009ebc   0x08009ebc   0x0000003c   Code   RO          105    .text.HAL_I2C_MspDeInit  stm32f1xx_hal_msp.o
    0x08009ef8   0x08009ef8   0x00000080   Code   RO          103    .text.HAL_I2C_MspInit  stm32f1xx_hal_msp.o
    0x08009f78   0x08009f78   0x0000001a   Code   RO          171    .text.HAL_IncTick   stm32f1xx_hal.o
    0x08009f92   0x08009f92   0x00000002   PAD
    0x08009f94   0x08009f94   0x00000026   Code   RO          161    .text.HAL_Init      stm32f1xx_hal.o
    0x08009fba   0x08009fba   0x00000002   PAD
    0x08009fbc   0x08009fbc   0x00000050   Code   RO          163    .text.HAL_InitTick  stm32f1xx_hal.o
    0x0800a00c   0x0800a00c   0x00000078   Code   RO         1063    .text.HAL_LIN_Init  stm32f1xx_hal_uart.o
    0x0800a084   0x0800a084   0x00000002   Code   RO          169    .text.HAL_MspDeInit  stm32f1xx_hal.o
    0x0800a086   0x0800a086   0x00000002   PAD
    0x0800a088   0x0800a088   0x00000042   Code   RO           97    .text.HAL_MspInit   stm32f1xx_hal_msp.o
    0x0800a0ca   0x0800a0ca   0x00000002   PAD
    0x0800a0cc   0x0800a0cc   0x00000008   Code   RO          348    .text.HAL_NVIC_DisableIRQ  stm32f1xx_hal_cortex.o
    0x0800a0d4   0x0800a0d4   0x00000008   Code   RO          344    .text.HAL_NVIC_EnableIRQ  stm32f1xx_hal_cortex.o
    0x0800a0dc   0x0800a0dc   0x0000001e   Code   RO          336    .text.HAL_NVIC_SetPriority  stm32f1xx_hal_cortex.o
    0x0800a0fa   0x0800a0fa   0x00000002   PAD
    0x0800a0fc   0x0800a0fc   0x00000008   Code   RO          332    .text.HAL_NVIC_SetPriorityGrouping  stm32f1xx_hal_cortex.o
    0x0800a104   0x0800a104   0x00000174   Code   RO          228    .text.HAL_RCC_ClockConfig  stm32f1xx_hal_rcc.o
    0x0800a278   0x0800a278   0x000000e6   Code   RO          222    .text.HAL_RCC_DeInit  stm32f1xx_hal_rcc.o
    0x0800a35e   0x0800a35e   0x00000002   PAD
    0x0800a360   0x0800a360   0x0000000c   Code   RO          238    .text.HAL_RCC_GetHCLKFreq  stm32f1xx_hal_rcc.o
    0x0800a36c   0x0800a36c   0x00000022   Code   RO          240    .text.HAL_RCC_GetPCLK1Freq  stm32f1xx_hal_rcc.o
    0x0800a38e   0x0800a38e   0x00000002   PAD
    0x0800a390   0x0800a390   0x00000022   Code   RO          242    .text.HAL_RCC_GetPCLK2Freq  stm32f1xx_hal_rcc.o
    0x0800a3b2   0x0800a3b2   0x00000002   PAD
    0x0800a3b4   0x0800a3b4   0x0000006c   Code   RO          230    .text.HAL_RCC_GetSysClockFreq  stm32f1xx_hal_rcc.o
    0x0800a420   0x0800a420   0x0000030c   Code   RO          224    .text.HAL_RCC_OscConfig  stm32f1xx_hal_rcc.o
    0x0800a72c   0x0800a72c   0x00000008   Code   RO          356    .text.HAL_SYSTICK_Config  stm32f1xx_hal_cortex.o
    0x0800a734   0x0800a734   0x00000076   Code   RO         1031    .text.HAL_TIMEx_MasterConfigSynchronization  stm32f1xx_hal_tim_ex.o
    0x0800a7aa   0x0800a7aa   0x00000002   PAD
    0x0800a7ac   0x0800a7ac   0x0000005a   Code   RO          717    .text.HAL_TIM_Base_Init  stm32f1xx_hal_tim.o
    0x0800a806   0x0800a806   0x00000002   PAD
    0x0800a808   0x0800a808   0x00000032   Code   RO          107    .text.HAL_TIM_Base_MspInit  stm32f1xx_hal_msp.o
    0x0800a83a   0x0800a83a   0x00000002   PAD
    0x0800a83c   0x0800a83c   0x000000de   Code   RO          909    .text.HAL_TIM_ConfigClockSource  stm32f1xx_hal_tim.o
    0x0800a91a   0x0800a91a   0x00000002   PAD
    0x0800a91c   0x0800a91c   0x00000074   Code   RO          109    .text.HAL_TIM_MspPostInit  stm32f1xx_hal_msp.o
    0x0800a990   0x0800a990   0x00000098   Code   RO          883    .text.HAL_TIM_PWM_ConfigChannel  stm32f1xx_hal_tim.o
    0x0800aa28   0x0800aa28   0x0000005a   Code   RO          771    .text.HAL_TIM_PWM_Init  stm32f1xx_hal_tim.o
    0x0800aa82   0x0800aa82   0x00000002   PAD
    0x0800aa84   0x0800aa84   0x00000002   Code   RO          773    .text.HAL_TIM_PWM_MspInit  stm32f1xx_hal_tim.o
    0x0800aa86   0x0800aa86   0x00000002   PAD
    0x0800aa88   0x0800aa88   0x000000b8   Code   RO          779    .text.HAL_TIM_PWM_Start  stm32f1xx_hal_tim.o
    0x0800ab40   0x0800ab40   0x00000002   Code   RO         1147    .text.HAL_UARTEx_RxEventCallback  stm32f1xx_hal_uart.o
    0x0800ab42   0x0800ab42   0x00000002   PAD
    0x0800ab44   0x0800ab44   0x00000002   Code   RO         1145    .text.HAL_UART_ErrorCallback  stm32f1xx_hal_uart.o
    0x0800ab46   0x0800ab46   0x00000002   PAD
    0x0800ab48   0x0800ab48   0x00000242   Code   RO         1139    .text.HAL_UART_IRQHandler  stm32f1xx_hal_uart.o
    0x0800ad8a   0x0800ad8a   0x00000002   PAD
    0x0800ad8c   0x0800ad8c   0x00000060   Code   RO         1055    .text.HAL_UART_Init  stm32f1xx_hal_uart.o
    0x0800adec   0x0800adec   0x0000007a   Code   RO          115    .text.HAL_UART_MspDeInit  stm32f1xx_hal_msp.o
    0x0800ae66   0x0800ae66   0x00000002   PAD
    0x0800ae68   0x0800ae68   0x00000148   Code   RO          113    .text.HAL_UART_MspInit  stm32f1xx_hal_msp.o
    0x0800afb0   0x0800afb0   0x0000002a   Code   RO         1091    .text.HAL_UART_Receive_DMA  stm32f1xx_hal_uart.o
    0x0800afda   0x0800afda   0x00000002   PAD
    0x0800afdc   0x0800afdc   0x00000002   Code   RO         1157    .text.HAL_UART_RxCpltCallback  stm32f1xx_hal_uart.o
    0x0800afde   0x0800afde   0x00000002   PAD
    0x0800afe0   0x0800afe0   0x00000002   Code   RO         1159    .text.HAL_UART_RxHalfCpltCallback  stm32f1xx_hal_uart.o
    0x0800afe2   0x0800afe2   0x00000002   PAD
    0x0800afe4   0x0800afe4   0x00000002   Code   RO         1153    .text.HAL_UART_TxCpltCallback  stm32f1xx_hal_uart.o
    0x0800afe6   0x0800afe6   0x00000002   PAD
    0x0800afe8   0x0800afe8   0x00000002   Code   RO           67    .text.HardFault_Handler  stm32f1xx_it.o
    0x0800afea   0x0800afea   0x00000002   PAD
    0x0800afec   0x0800afec   0x00000030   Code   RO          707    .text.I2C_IsAcknowledgeFailed  stm32f1xx_hal_i2c.o
    0x0800b01c   0x0800b01c   0x0000010c   Code   RO          601    .text.I2C_RequestMemoryRead  stm32f1xx_hal_i2c.o
    0x0800b128   0x0800b128   0x000000c0   Code   RO          597    .text.I2C_RequestMemoryWrite  stm32f1xx_hal_i2c.o
    0x0800b1e8   0x0800b1e8   0x0000006a   Code   RO          561    .text.I2C_WaitOnBTFFlagUntilTimeout  stm32f1xx_hal_i2c.o
    0x0800b252   0x0800b252   0x00000002   PAD
    0x0800b254   0x0800b254   0x00000094   Code   RO          555    .text.I2C_WaitOnFlagUntilTimeout  stm32f1xx_hal_i2c.o
    0x0800b2e8   0x0800b2e8   0x00000096   Code   RO          705    .text.I2C_WaitOnMasterAddressFlagUntilTimeout  stm32f1xx_hal_i2c.o
    0x0800b37e   0x0800b37e   0x00000002   PAD
    0x0800b380   0x0800b380   0x00000076   Code   RO          567    .text.I2C_WaitOnRXNEFlagUntilTimeout  stm32f1xx_hal_i2c.o
    0x0800b3f6   0x0800b3f6   0x00000002   PAD
    0x0800b3f8   0x0800b3f8   0x0000006a   Code   RO          559    .text.I2C_WaitOnTXEFlagUntilTimeout  stm32f1xx_hal_i2c.o
    0x0800b462   0x0800b462   0x00000002   PAD
    0x0800b464   0x0800b464   0x0000004e   Code   RO         1403    .text.InvCipher     aes.o
    0x0800b4b2   0x0800b4b2   0x00000002   PAD
    0x0800b4b4   0x0800b4b4   0x00000120   Code   RO         1427    .text.InvMixColumns  aes.o
    0x0800b5d4   0x0800b5d4   0x0000003c   Code   RO         1423    .text.InvShiftRows  aes.o
    0x0800b610   0x0800b610   0x00000036   Code   RO         1425    .text.InvSubBytes   aes.o
    0x0800b646   0x0800b646   0x00000002   PAD
    0x0800b648   0x0800b648   0x000000c8   Code   RO         1391    .text.KeyExpansion  aes.o
    0x0800b710   0x0800b710   0x00000002   Code   RO           15    .text.LED_Blue_StatusChange_Callback  main.o
    0x0800b712   0x0800b712   0x00000002   PAD
    0x0800b714   0x0800b714   0x00000002   Code   RO           13    .text.LED_Green_StatusChange_Callback  main.o
    0x0800b716   0x0800b716   0x00000002   PAD
    0x0800b718   0x0800b718   0x00000036   Code   RO           11    .text.LED_Red_StatusChange_Callback  main.o
    0x0800b74e   0x0800b74e   0x00000002   PAD
    0x0800b750   0x0800b750   0x00000096   Code   RO         1508    .text.LIN_UART_ISR  lin_slave.o
    0x0800b7e6   0x0800b7e6   0x00000002   PAD
    0x0800b7e8   0x0800b7e8   0x0000005a   Code   RO         1354    .text.License_Check_Unique_HASH  license.o
    0x0800b842   0x0800b842   0x00000002   PAD
    0x0800b844   0x0800b844   0x00000022   Code   RO         1350    .text.License_SetPrimary  license.o
    0x0800b866   0x0800b866   0x00000002   PAD
    0x0800b868   0x0800b868   0x0000010a   Code   RO         1352    .text.License_UniqueEncryption  license.o
    0x0800b972   0x0800b972   0x00000002   PAD
    0x0800b974   0x0800b974   0x00000022   Code   RO           31    .text.MX_CRC_Init   main.o
    0x0800b996   0x0800b996   0x00000002   PAD
    0x0800b998   0x0800b998   0x00000032   Code   RO           29    .text.MX_DMA_Init   main.o
    0x0800b9ca   0x0800b9ca   0x00000002   PAD
    0x0800b9cc   0x0800b9cc   0x00000116   Code   RO           27    .text.MX_GPIO_Init  main.o
    0x0800bae2   0x0800bae2   0x00000002   PAD
    0x0800bae4   0x0800bae4   0x0000003e   Code   RO           33    .text.MX_I2C1_Init  main.o
    0x0800bb22   0x0800bb22   0x00000002   PAD
    0x0800bb24   0x0800bb24   0x000000b2   Code   RO           35    .text.MX_TIM3_Init  main.o
    0x0800bbd6   0x0800bbd6   0x00000002   PAD
    0x0800bbd8   0x0800bbd8   0x00000044   Code   RO           37    .text.MX_USART1_UART_Init  main.o
    0x0800bc1c   0x0800bc1c   0x00000038   Code   RO           39    .text.MX_USART3_UART_Init  main.o
    0x0800bc54   0x0800bc54   0x00000002   Code   RO           69    .text.MemManage_Handler  stm32f1xx_it.o
    0x0800bc56   0x0800bc56   0x00000002   PAD
    0x0800bc58   0x0800bc58   0x0000007e   Code   RO         1419    .text.MixColumns    aes.o
    0x0800bcd6   0x0800bcd6   0x00000002   PAD
    0x0800bcd8   0x0800bcd8   0x00000002   Code   RO           65    .text.NMI_Handler   stm32f1xx_it.o
    0x0800bcda   0x0800bcda   0x00000002   PAD
    0x0800bcdc   0x0800bcdc   0x0000002c   Code   RO          342    .text.NVIC_EncodePriority  stm32f1xx_hal_cortex.o
    0x0800bd08   0x0800bd08   0x00000002   Code   RO           79    .text.PendSV_Handler  stm32f1xx_it.o
    0x0800bd0a   0x0800bd0a   0x00000002   PAD
    0x0800bd0c   0x0800bd0c   0x0000002c   Code   RO          226    .text.RCC_Delay     stm32f1xx_hal_rcc.o
    0x0800bd38   0x0800bd38   0x00000002   Code   RO           75    .text.SVC_Handler   stm32f1xx_it.o
    0x0800bd3a   0x0800bd3a   0x00000002   PAD
    0x0800bd3c   0x0800bd3c   0x000000ea   Code   RO         1206    .text.Serial_Decode  serialprotocol.o
    0x0800be26   0x0800be26   0x00000002   PAD
    0x0800be28   0x0800be28   0x0000003c   Code   RO         1214    .text.Serial_HeadCommand  serialprotocol.o
    0x0800be64   0x0800be64   0x0000000c   Code   RO         1254    .text.Serial_HeadReply  serialprotocol.o
    0x0800be70   0x0800be70   0x00000044   Code   RO         1256    .text.Serial_HeadResponse  serialprotocol.o
    0x0800beb4   0x0800beb4   0x0000007a   Code   RO         1202    .text.Serial_Protocol_Init  serialprotocol.o
    0x0800bf2e   0x0800bf2e   0x00000002   PAD
    0x0800bf30   0x0800bf30   0x00000032   Code   RO         1246    .text.Serial_ReadArray  serialprotocol.o
    0x0800bf62   0x0800bf62   0x00000002   PAD
    0x0800bf64   0x0800bf64   0x00000020   Code   RO         1242    .text.Serial_SendArray  serialprotocol.o
    0x0800bf84   0x0800bf84   0x00000012   Code   RO         1212    .text.Serial_SendRequest  serialprotocol.o
    0x0800bf96   0x0800bf96   0x00000002   PAD
    0x0800bf98   0x0800bf98   0x00000028   Code   RO         1238    .text.Serial_SendString  serialprotocol.o
    0x0800bfc0   0x0800bfc0   0x0000001c   Code   RO         1220    .text.Serial_SendUint8  serialprotocol.o
    0x0800bfdc   0x0800bfdc   0x0000006c   Code   RO         1204    .text.Serial_Update  serialprotocol.o
    0x0800c048   0x0800c048   0x0000002e   Code   RO         1234    .text.Serial_WriteArray  serialprotocol.o
    0x0800c076   0x0800c076   0x00000002   PAD
    0x0800c078   0x0800c078   0x0000001a   Code   RO         1222    .text.Serial_WriteByte  serialprotocol.o
    0x0800c092   0x0800c092   0x00000002   PAD
    0x0800c094   0x0800c094   0x0000000e   Code   RO         1216    .text.Serial_WriteChecksum  serialprotocol.o
    0x0800c0a2   0x0800c0a2   0x00000002   PAD
    0x0800c0a4   0x0800c0a4   0x0000002e   Code   RO         1240    .text.Serial_WriteString  serialprotocol.o
    0x0800c0d2   0x0800c0d2   0x00000002   PAD
    0x0800c0d4   0x0800c0d4   0x00000036   Code   RO         1417    .text.ShiftRows     aes.o
    0x0800c10a   0x0800c10a   0x00000002   PAD
    0x0800c10c   0x0800c10c   0x000000de   Code   RO         1274    .text.SmartLED_Check  smartled.o
    0x0800c1ea   0x0800c1ea   0x00000002   PAD
    0x0800c1ec   0x0800c1ec   0x00000082   Code   RO         1266    .text.SmartLED_Init  smartled.o
    0x0800c26e   0x0800c26e   0x00000002   PAD
    0x0800c270   0x0800c270   0x00000014   Code   RO         1268    .text.SmartLED_Off  smartled.o
    0x0800c284   0x0800c284   0x00000018   Code   RO         1288    .text.SmartLED_On   smartled.o
    0x0800c29c   0x0800c29c   0x00000052   Code   RO         1276    .text.SmartLED_SetMode  smartled.o
    0x0800c2ee   0x0800c2ee   0x00000002   PAD
    0x0800c2f0   0x0800c2f0   0x00000024   Code   RO         1298    .text.SmartLED_Toggle  smartled.o
    0x0800c314   0x0800c314   0x00000072   Code   RO         1272    .text.SmartLED_Update  smartled.o
    0x0800c386   0x0800c386   0x00000002   PAD
    0x0800c388   0x0800c388   0x00000036   Code   RO         1415    .text.SubBytes      aes.o
    0x0800c3be   0x0800c3be   0x00000002   PAD
    0x0800c3c0   0x0800c3c0   0x0000002e   Code   RO          358    .text.SysTick_Config  stm32f1xx_hal_cortex.o
    0x0800c3ee   0x0800c3ee   0x00000002   PAD
    0x0800c3f0   0x0800c3f0   0x0000000c   Code   RO           81    .text.SysTick_Handler  stm32f1xx_it.o
    0x0800c3fc   0x0800c3fc   0x00000064   Code   RO           25    .text.SystemClock_Config  main.o
    0x0800c460   0x0800c460   0x00000002   Code   RO         1187    .text.SystemInit    system_stm32f1xx.o
    0x0800c462   0x0800c462   0x00000002   PAD
    0x0800c464   0x0800c464   0x0000009a   Code   RO          721    .text.TIM_Base_SetConfig  stm32f1xx_hal_tim.o
    0x0800c4fe   0x0800c4fe   0x00000002   PAD
    0x0800c500   0x0800c500   0x00000024   Code   RO          755    .text.TIM_CCxChannelCmd  stm32f1xx_hal_tim.o
    0x0800c524   0x0800c524   0x00000016   Code   RO          907    .text.TIM_ETR_SetConfig  stm32f1xx_hal_tim.o
    0x0800c53a   0x0800c53a   0x00000002   PAD
    0x0800c53c   0x0800c53c   0x00000010   Code   RO          913    .text.TIM_ITRx_SetConfig  stm32f1xx_hal_tim.o
    0x0800c54c   0x0800c54c   0x00000060   Code   RO          865    .text.TIM_OC1_SetConfig  stm32f1xx_hal_tim.o
    0x0800c5ac   0x0800c5ac   0x00000066   Code   RO          867    .text.TIM_OC2_SetConfig  stm32f1xx_hal_tim.o
    0x0800c612   0x0800c612   0x00000002   PAD
    0x0800c614   0x0800c614   0x00000064   Code   RO          869    .text.TIM_OC3_SetConfig  stm32f1xx_hal_tim.o
    0x0800c678   0x0800c678   0x0000004a   Code   RO          871    .text.TIM_OC4_SetConfig  stm32f1xx_hal_tim.o
    0x0800c6c2   0x0800c6c2   0x00000002   PAD
    0x0800c6c4   0x0800c6c4   0x00000022   Code   RO          911    .text.TIM_TI1_ConfigInputStage  stm32f1xx_hal_tim.o
    0x0800c6e6   0x0800c6e6   0x00000002   PAD
    0x0800c6e8   0x0800c6e8   0x00000024   Code   RO          915    .text.TIM_TI2_ConfigInputStage  stm32f1xx_hal_tim.o
    0x0800c70c   0x0800c70c   0x0000000e   Code   RO         1312    .text.UART1_Available  serialfifo.o
    0x0800c71a   0x0800c71a   0x00000002   PAD
    0x0800c71c   0x0800c71c   0x0000001a   Code   RO         1310    .text.UART1_Init    serialfifo.o
    0x0800c736   0x0800c736   0x00000002   PAD
    0x0800c738   0x0800c738   0x00000064   Code   RO         1314    .text.UART1_Read    serialfifo.o
    0x0800c79c   0x0800c79c   0x0000007e   Code   RO         1326    .text.UART1_Transmit_IRQ  serialfifo.o
    0x0800c81a   0x0800c81a   0x00000002   PAD
    0x0800c81c   0x0800c81c   0x000000ce   Code   RO         1320    .text.UART1_Write   serialfifo.o
    0x0800c8ea   0x0800c8ea   0x00000002   PAD
    0x0800c8ec   0x0800c8ec   0x00000010   Code   RO         1143    .text.UART_DMAAbortOnError  stm32f1xx_hal_uart.o
    0x0800c8fc   0x0800c8fc   0x0000004c   Code   RO         1089    .text.UART_DMAError  stm32f1xx_hal_uart.o
    0x0800c948   0x0800c948   0x00000084   Code   RO         1175    .text.UART_DMAReceiveCplt  stm32f1xx_hal_uart.o
    0x0800c9cc   0x0800c9cc   0x0000001e   Code   RO         1177    .text.UART_DMARxHalfCplt  stm32f1xx_hal_uart.o
    0x0800c9ea   0x0800c9ea   0x00000002   PAD
    0x0800c9ec   0x0800c9ec   0x00000050   Code   RO         1103    .text.UART_EndRxTransfer  stm32f1xx_hal_uart.o
    0x0800ca3c   0x0800ca3c   0x00000018   Code   RO         1151    .text.UART_EndTransmit_IT  stm32f1xx_hal_uart.o
    0x0800ca54   0x0800ca54   0x0000001c   Code   RO         1101    .text.UART_EndTxTransfer  stm32f1xx_hal_uart.o
    0x0800ca70   0x0800ca70   0x000000c8   Code   RO         1141    .text.UART_Receive_IT  stm32f1xx_hal_uart.o
    0x0800cb38   0x0800cb38   0x0000008e   Code   RO         1059    .text.UART_SetConfig  stm32f1xx_hal_uart.o
    0x0800cbc6   0x0800cbc6   0x00000002   PAD
    0x0800cbc8   0x0800cbc8   0x00000096   Code   RO         1093    .text.UART_Start_Receive_DMA  stm32f1xx_hal_uart.o
    0x0800cc5e   0x0800cc5e   0x00000002   PAD
    0x0800cc60   0x0800cc60   0x00000052   Code   RO         1149    .text.UART_Transmit_IT  stm32f1xx_hal_uart.o
    0x0800ccb2   0x0800ccb2   0x00000002   PAD
    0x0800ccb4   0x0800ccb4   0x000000b0   Code   RO         1506    .text.UB_LIN_ReceiveData  lin_slave.o
    0x0800cd64   0x0800cd64   0x00000084   Code   RO         1502    .text.UB_LIN_SendData  lin_slave.o
    0x0800cde8   0x0800cde8   0x00000028   Code   RO         1494    .text.UB_LIN_Slave_Init  lin_slave.o
    0x0800ce10   0x0800ce10   0x00000028   Code   RO         1500    .text.UB_LIN_checkID  lin_slave.o
    0x0800ce38   0x0800ce38   0x000000f6   Code   RO           85    .text.USART1_IRQHandler  stm32f1xx_it.o
    0x0800cf2e   0x0800cf2e   0x00000002   PAD
    0x0800cf30   0x0800cf30   0x00000014   Code   RO           87    .text.USART3_IRQHandler  stm32f1xx_it.o
    0x0800cf44   0x0800cf44   0x00000002   Code   RO           73    .text.UsageFault_Handler  stm32f1xx_it.o
    0x0800cf46   0x0800cf46   0x00000002   PAD
    0x0800cf48   0x0800cf48   0x00000024   Code   RO         1407    .text.XorWithIv     aes.o
    0x0800cf6c   0x0800cf6c   0x00000028   Code   RO          350    .text.__NVIC_DisableIRQ  stm32f1xx_hal_cortex.o
    0x0800cf94   0x0800cf94   0x00000020   Code   RO          346    .text.__NVIC_EnableIRQ  stm32f1xx_hal_cortex.o
    0x0800cfb4   0x0800cfb4   0x00000010   Code   RO          338    .text.__NVIC_GetPriorityGrouping  stm32f1xx_hal_cortex.o
    0x0800cfc4   0x0800cfc4   0x00000022   Code   RO          340    .text.__NVIC_SetPriority  stm32f1xx_hal_cortex.o
    0x0800cfe6   0x0800cfe6   0x00000002   PAD
    0x0800cfe8   0x0800cfe8   0x00000020   Code   RO          334    .text.__NVIC_SetPriorityGrouping  stm32f1xx_hal_cortex.o
    0x0800d008   0x0800d008   0x0000004c   Code   RO         1348    .text.create_key_iv  license.o
    0x0800d054   0x0800d054   0x000000b0   Code   RO           21    .text.deinitEverything  main.o
    0x0800d104   0x0800d104   0x00000138   Code   RO           23    .text.main          main.o
    0x0800d23c   0x0800d23c   0x000000ae   Code   RO         1445    .text.md5_final     md5.o
    0x0800d2ea   0x0800d2ea   0x00000002   PAD
    0x0800d2ec   0x0800d2ec   0x00000032   Code   RO         1441    .text.md5_init      md5.o
    0x0800d31e   0x0800d31e   0x00000002   PAD
    0x0800d320   0x0800d320   0x00000760   Code   RO         1439    .text.md5_transform  md5.o
    0x0800da80   0x0800da80   0x00000048   Code   RO         1443    .text.md5_update    md5.o
    0x0800dac8   0x0800dac8   0x00000010   Code   RO         1498    .text.p_LIN_activateTransceiver  lin_slave.o
    0x0800dad8   0x0800dad8   0x0000002e   Code   RO         1504    .text.p_LIN_makeChecksum  lin_slave.o
    0x0800db06   0x0800db06   0x00000002   PAD
    0x0800db08   0x0800db08   0x0000002e   Code   RO         1496    .text.p_LIN_wait_us  lin_slave.o
    0x0800db36   0x0800db36   0x00000002   PAD
    0x0800db38   0x0800db38   0x000000e8   Code   RO         1344    .text.read_and_decrypt_unique_id  license.o
    0x0800dc20   0x0800dc20   0x000000da   Code   RO         1461    .text.sha256_final  sha256.o
    0x0800dcfa   0x0800dcfa   0x00000002   PAD
    0x0800dcfc   0x0800dcfc   0x0000005c   Code   RO         1457    .text.sha256_init   sha256.o
    0x0800dd58   0x0800dd58   0x0000013e   Code   RO         1455    .text.sha256_transform  sha256.o
    0x0800de96   0x0800de96   0x00000002   PAD
    0x0800de98   0x0800de98   0x00000048   Code   RO         1459    .text.sha256_update  sha256.o
    0x0800dee0   0x0800dee0   0x00000022   Code   RO         1346    .text.shiftArrayRight  license.o
    0x0800df02   0x0800df02   0x00000002   PAD
    0x0800df04   0x0800df04   0x00000010   Code   RO         1421    .text.xtime         aes.o
    0x0800df14   0x0800df14   0x00000010   Data   RO         1192    .rodata.AHBPrescTable  system_stm32f1xx.o
    0x0800df24   0x0800df24   0x00000008   Data   RO         1193    .rodata.APBPrescTable  system_stm32f1xx.o
    0x0800df2c   0x0800df2c   0x00000060   Data   RO         1361    .rodata.IVs         license.o
    0x0800df8c   0x0800df8c   0x00000050   Data   RO         1380    .rodata.eepromInfo  eeprom.o
    0x0800dfdc   0x0800dfdc   0x00000100   Data   RO         1463    .rodata.k           sha256.o
    0x0800e0dc   0x0800e0dc   0x00000080   Data   RO         1359    .rodata.private_passwords  license.o
    0x0800e15c   0x0800e15c   0x00000080   Data   RO         1360    .rodata.public_passwords  license.o
    0x0800e1dc   0x0800e1dc   0x00000100   Data   RO         1430    .rodata.rsbox       aes.o
    0x0800e2dc   0x0800e2dc   0x00000100   Data   RO         1429    .rodata.sbox        aes.o
    0x0800e3dc   0x0800e3dc   0x00000020   Data   RO         1806    Region$$Table       anon$$obj.o


    Execution Region RW_IRAM1 (Exec base: 0x20000000, Load base: 0x0800e400, Size: 0x00000e78, Max: 0x00005000, ABSOLUTE, COMPRESSED[0x00000098])

    Exec Addr    Load Addr    Size         Type   Attr      Idx    E Section Name        Object

    0x20000000   COMPRESSED   0x00000001   Data   RW         1356    .data.LicenseStatus  license.o
    0x20000001   COMPRESSED   0x00000003   PAD
    0x20000004   COMPRESSED   0x00000004   Data   RW         1191    .data.SystemCoreClock  system_stm32f1xx.o
    0x20000008   COMPRESSED   0x00000001   Data   RW         1481    .data.resC1_Len     esl.o
    0x20000009   COMPRESSED   0x000000e0   Data   RW         1484    .data.resExitKey_C1  esl.o
    0x200000e9   COMPRESSED   0x00000088   Data   RW         1483    .data.resInsertKey_C1  esl.o
    0x20000171   COMPRESSED   0x00000001   Data   RW          212    .data.uwTickFreq    stm32f1xx_hal.o
    0x20000172   COMPRESSED   0x00000002   PAD
    0x20000174   COMPRESSED   0x00000004   Data   RW          211    .data.uwTickPrio    stm32f1xx_hal.o
    0x20000178        -       0x000000e4   Zero   RW         1585    .bss                c_w.l(rand.o)
    0x2000025c        -       0x00000060   Zero   RW         1682    .bss                c_w.l(libspace.o)
    0x200002bc        -       0x00000134   Zero   RW           45    .bss.BLE_Serial     main.o
    0x200003f0        -       0x00000080   Zero   RW         1332    .bss.DMA_RX1_Buffer  serialfifo.o
    0x20000470        -       0x0000000a   Zero   RW         1511    .bss.LIN_FRAME      lin_slave.o
    0x2000047a        -       0x00000003   Zero   RW         1510    .bss.LIN_SLAVE      lin_slave.o
    0x2000047d   COMPRESSED   0x00000003   PAD
    0x20000480        -       0x00000018   Zero   RW         1301    .bss.Leds           smartled.o
    0x20000498        -       0x00000002   Zero   RW         1300    .bss.LedsCount      smartled.o
    0x2000049a        -       0x00000108   Zero   RW         1328    .bss.UART1_RxFIFO   serialfifo.o
    0x200005a2        -       0x00000108   Zero   RW         1329    .bss.UART1_TxFIFO   serialfifo.o
    0x200006aa        -       0x00000001   Zero   RW           44    .bss.beepCounter    main.o
    0x200006ab   COMPRESSED   0x00000001   PAD
    0x200006ac        -       0x00000004   Zero   RW           49    .bss.boot_entry     main.o
    0x200006b0        -       0x00000004   Zero   RW           46    .bss.challengeServerTimeout  main.o
    0x200006b4        -       0x00000001   Zero   RW         1379    .bss.deviceNumber   eeprom.o
    0x200006b5   COMPRESSED   0x00000003   PAD
    0x200006b8        -       0x00000004   Zero   RW         1378    .bss.eepromTimer    eeprom.o
    0x200006bc        -       0x00000008   Zero   RW           51    .bss.hcrc           main.o
    0x200006c4        -       0x00000044   Zero   RW           55    .bss.hdma_usart1_rx  main.o
    0x20000708        -       0x00000054   Zero   RW           52    .bss.hi2c1          main.o
    0x2000075c        -       0x00000048   Zero   RW           50    .bss.htim3          main.o
    0x200007a4        -       0x00000048   Zero   RW           53    .bss.huart1         main.o
    0x200007ec        -       0x00000048   Zero   RW           54    .bss.huart3         main.o
    0x20000834        -       0x00000001   Zero   RW           43    .bss.isRealServer   main.o
    0x20000835        -       0x00000001   Zero   RW         1479    .bss.keyStat        esl.o
    0x20000836        -       0x0000000a   Zero   RW         1485    .bss.linFrame       esl.o
    0x20000840        -       0x00000010   Zero   RW         1363    .bss.publicIv       license.o
    0x20000850        -       0x00000020   Zero   RW         1362    .bss.publicKey      license.o
    0x20000870        -       0x00000001   Zero   RW         1478    .bss.request        esl.o
    0x20000871        -       0x00000001   Zero   RW         1482    .bss.resActive      esl.o
    0x20000872        -       0x00000001   Zero   RW         1480    .bss.resC1_Index    esl.o
    0x20000873   COMPRESSED   0x00000001   PAD
    0x20000874        -       0x00000004   Zero   RW          213    .bss.uwTick         stm32f1xx_hal.o
    0x20000878        -       0x00000200   Zero   RW            2    HEAP                startup_stm32f103xb.o
    0x20000a78        -       0x00000400   Zero   RW            1    STACK               startup_stm32f103xb.o


==============================================================================

Image component sizes


      Code (inc. data)   RO Data    RW Data    ZI Data      Debug   Object Name

      1316         12        512          0          0       7914   aes.o
       488         12         80          0          5       3442   eeprom.o
       474         40          0        361         14       1927   esl.o
       822          0        352          1         48       4272   license.o
       646          6          0          0         13       3666   lin_slave.o
      2026          4          0          0        694      15526   main.o
      2184          0          0          0          0       3435   md5.o
       472          0          0          0        656       5146   serialfifo.o
       904          8          0          0          0       9922   serialprotocol.o
       700          0        256          0          0       3292   sha256.o
       628          6          0          0         26       6851   smartled.o
        64         26        236          0       1536        824   startup_stm32f103xb.o
       230          0          0          5          4       5766   stm32f1xx_hal.o
       306          0          0          0          0       8741   stm32f1xx_hal_cortex.o
        34          0          0          0          0       3135   stm32f1xx_hal_crc.o
      1010          0          0          0          0       7508   stm32f1xx_hal_dma.o
       800         20          0          0          0       4715   stm32f1xx_hal_gpio.o
      2996          0          0          0          0      40072   stm32f1xx_hal_i2c.o
       954          0          0          0          0      10659   stm32f1xx_hal_msp.o
      1614         20          0          0          0       7134   stm32f1xx_hal_rcc.o
      1410          4          0          0          0      44113   stm32f1xx_hal_tim.o
       118          0          0          0          0      18612   stm32f1xx_hal_tim_ex.o
      1806          0          0          0          0      24406   stm32f1xx_hal_uart.o
       332          0          0          0          0       3036   stm32f1xx_it.o
         2          0         24          4          0       1647   system_stm32f1xx.o

    ----------------------------------------------------------------------
     22548        158       1492        376       3004     245761   Object Totals
         0          0         32          0          0          0   (incl. Generated)
       212          0          0          5          8          0   (incl. Padding)

    ----------------------------------------------------------------------

      Code (inc. data)   RO Data    RW Data    ZI Data      Debug   Library Member Name

        90          0          0          0          0          0   __dczerorl2.o
         8          0          0          0          0         68   __main.o
         0          0          0          0          0          0   __rtentry.o
        12          0          0          0          0          0   __rtentry2.o
         6          0          0          0          0          0   __rtentry4.o
        52          8          0          0          0          0   __scatter.o
        28          0          0          0          0          0   __scatter_zi.o
        10          0          0          0          0         68   defsig_exit.o
        50          0          0          0          0         88   defsig_general.o
        80         58          0          0          0         76   defsig_rtmem_inner.o
        14          0          0          0          0         80   defsig_rtmem_outer.o
        18          0          0          0          0         80   exit.o
        94          0          0          0          0         80   h1_alloc.o
        52          0          0          0          0         68   h1_extend.o
        78          0          0          0          0         80   h1_free.o
        14          0          0          0          0         84   h1_init.o
         6          0          0          0          0        152   heapauxi.o
         4          0          0          0          0        136   hguard.o
         0          0          0          0          0          0   indicate_semi.o
       138          0          0          0          0        168   init_alloc.o
         2          0          0          0          0          0   libinit.o
        14          0          0          0          0          0   libinit2.o
         2          0          0          0          0          0   libshutdown.o
         2          0          0          0          0          0   libshutdown2.o
         8          4          0          0         96         68   libspace.o
         0          0          0          0          0          0   maybetermalloc1.o
        88          0          0          0          0         76   memcmp.o
       112         18          0          0        228        160   rand.o
         8          4          0          0          0         68   rt_heap_descriptor_intlibspace.o
        68          0          0          0          0         68   rt_memclr.o
        78          0          0          0          0         80   rt_memclr_w.o
       138          0          0          0          0         68   rt_memcpy_v6.o
       100          0          0          0          0         80   rt_memcpy_w.o
         2          0          0          0          0          0   rtexit.o
        10          0          0          0          0          0   rtexit2.o
        62          0          0          0          0         76   strlen.o
        12          4          0          0          0         68   sys_exit.o
        74          0          0          0          0         80   sys_stackheap_outer.o
        14          0          0          0          0         76   sys_wrch.o
         2          0          0          0          0         68   use_no_semi.o

    ----------------------------------------------------------------------
      1556         96          0          0        324       2264   Library Totals
         6          0          0          0          0          0   (incl. Padding)

    ----------------------------------------------------------------------

      Code (inc. data)   RO Data    RW Data    ZI Data      Debug   Library Name

      1550         96          0          0        324       2264   c_w.l

    ----------------------------------------------------------------------
      1556         96          0          0        324       2264   Library Totals

    ----------------------------------------------------------------------

==============================================================================


      Code (inc. data)   RO Data    RW Data    ZI Data      Debug   

     24104        254       1492        376       3328     246365   Grand Totals
     24104        254       1492        152       3328     246365   ELF Image Totals (compressed)
     24104        254       1492        152          0          0   ROM Totals

==============================================================================

    Total RO  Size (Code + RO Data)                25596 (  25.00kB)
    Total RW  Size (RW Data + ZI Data)              3704 (   3.62kB)
    Total ROM Size (Code + RO Data + RW Data)      25748 (  25.14kB)

==============================================================================

